Archive member included to satisfy reference by file (symbol)

C:/ST/STM32CubeIDE_1.12.1/STM32CubeIDE/plugins/com.st.stm32cube.ide.mcu.externaltools.gnu-tools-for-stm32.11.3.rel1.win32_1.1.100.202309141235/tools/bin/../lib/gcc/arm-none-eabi/11.3.1/../../../../arm-none-eabi/lib/thumb/v7-m/nofp\libc_nano.a(libc_a-exit.o)
                              C:/ST/STM32CubeIDE_1.12.1/STM32CubeIDE/plugins/com.st.stm32cube.ide.mcu.externaltools.gnu-tools-for-stm32.11.3.rel1.win32_1.1.100.202309141235/tools/bin/../lib/gcc/arm-none-eabi/11.3.1/../../../../arm-none-eabi/lib/thumb/v7-m/nofp/crt0.o (exit)
C:/ST/STM32CubeIDE_1.12.1/STM32CubeIDE/plugins/com.st.stm32cube.ide.mcu.externaltools.gnu-tools-for-stm32.11.3.rel1.win32_1.1.100.202309141235/tools/bin/../lib/gcc/arm-none-eabi/11.3.1/../../../../arm-none-eabi/lib/thumb/v7-m/nofp\libc_nano.a(libc_a-findfp.o)
                              C:/ST/STM32CubeIDE_1.12.1/STM32CubeIDE/plugins/com.st.stm32cube.ide.mcu.externaltools.gnu-tools-for-stm32.11.3.rel1.win32_1.1.100.202309141235/tools/bin/../lib/gcc/arm-none-eabi/11.3.1/../../../../arm-none-eabi/lib/thumb/v7-m/nofp\libc_nano.a(libc_a-exit.o) (__stdio_exit_handler)
C:/ST/STM32CubeIDE_1.12.1/STM32CubeIDE/plugins/com.st.stm32cube.ide.mcu.externaltools.gnu-tools-for-stm32.11.3.rel1.win32_1.1.100.202309141235/tools/bin/../lib/gcc/arm-none-eabi/11.3.1/../../../../arm-none-eabi/lib/thumb/v7-m/nofp\libc_nano.a(libc_a-fwalk.o)
                              C:/ST/STM32CubeIDE_1.12.1/STM32CubeIDE/plugins/com.st.stm32cube.ide.mcu.externaltools.gnu-tools-for-stm32.11.3.rel1.win32_1.1.100.202309141235/tools/bin/../lib/gcc/arm-none-eabi/11.3.1/../../../../arm-none-eabi/lib/thumb/v7-m/nofp\libc_nano.a(libc_a-findfp.o) (_fwalk_sglue)
C:/ST/STM32CubeIDE_1.12.1/STM32CubeIDE/plugins/com.st.stm32cube.ide.mcu.externaltools.gnu-tools-for-stm32.11.3.rel1.win32_1.1.100.202309141235/tools/bin/../lib/gcc/arm-none-eabi/11.3.1/../../../../arm-none-eabi/lib/thumb/v7-m/nofp\libc_nano.a(libc_a-printf.o)
                              ./Src/main.o (printf)
C:/ST/STM32CubeIDE_1.12.1/STM32CubeIDE/plugins/com.st.stm32cube.ide.mcu.externaltools.gnu-tools-for-stm32.11.3.rel1.win32_1.1.100.202309141235/tools/bin/../lib/gcc/arm-none-eabi/11.3.1/../../../../arm-none-eabi/lib/thumb/v7-m/nofp\libc_nano.a(libc_a-stdio.o)
                              C:/ST/STM32CubeIDE_1.12.1/STM32CubeIDE/plugins/com.st.stm32cube.ide.mcu.externaltools.gnu-tools-for-stm32.11.3.rel1.win32_1.1.100.202309141235/tools/bin/../lib/gcc/arm-none-eabi/11.3.1/../../../../arm-none-eabi/lib/thumb/v7-m/nofp\libc_nano.a(libc_a-findfp.o) (__sread)
C:/ST/STM32CubeIDE_1.12.1/STM32CubeIDE/plugins/com.st.stm32cube.ide.mcu.externaltools.gnu-tools-for-stm32.11.3.rel1.win32_1.1.100.202309141235/tools/bin/../lib/gcc/arm-none-eabi/11.3.1/../../../../arm-none-eabi/lib/thumb/v7-m/nofp\libc_nano.a(libc_a-memset.o)
                              C:/ST/STM32CubeIDE_1.12.1/STM32CubeIDE/plugins/com.st.stm32cube.ide.mcu.externaltools.gnu-tools-for-stm32.11.3.rel1.win32_1.1.100.202309141235/tools/bin/../lib/gcc/arm-none-eabi/11.3.1/../../../../arm-none-eabi/lib/thumb/v7-m/nofp/crt0.o (memset)
C:/ST/STM32CubeIDE_1.12.1/STM32CubeIDE/plugins/com.st.stm32cube.ide.mcu.externaltools.gnu-tools-for-stm32.11.3.rel1.win32_1.1.100.202309141235/tools/bin/../lib/gcc/arm-none-eabi/11.3.1/../../../../arm-none-eabi/lib/thumb/v7-m/nofp\libc_nano.a(libc_a-closer.o)
                              C:/ST/STM32CubeIDE_1.12.1/STM32CubeIDE/plugins/com.st.stm32cube.ide.mcu.externaltools.gnu-tools-for-stm32.11.3.rel1.win32_1.1.100.202309141235/tools/bin/../lib/gcc/arm-none-eabi/11.3.1/../../../../arm-none-eabi/lib/thumb/v7-m/nofp\libc_nano.a(libc_a-stdio.o) (_close_r)
C:/ST/STM32CubeIDE_1.12.1/STM32CubeIDE/plugins/com.st.stm32cube.ide.mcu.externaltools.gnu-tools-for-stm32.11.3.rel1.win32_1.1.100.202309141235/tools/bin/../lib/gcc/arm-none-eabi/11.3.1/../../../../arm-none-eabi/lib/thumb/v7-m/nofp\libc_nano.a(libc_a-reent.o)
                              C:/ST/STM32CubeIDE_1.12.1/STM32CubeIDE/plugins/com.st.stm32cube.ide.mcu.externaltools.gnu-tools-for-stm32.11.3.rel1.win32_1.1.100.202309141235/tools/bin/../lib/gcc/arm-none-eabi/11.3.1/../../../../arm-none-eabi/lib/thumb/v7-m/nofp\libc_nano.a(libc_a-closer.o) (errno)
C:/ST/STM32CubeIDE_1.12.1/STM32CubeIDE/plugins/com.st.stm32cube.ide.mcu.externaltools.gnu-tools-for-stm32.11.3.rel1.win32_1.1.100.202309141235/tools/bin/../lib/gcc/arm-none-eabi/11.3.1/../../../../arm-none-eabi/lib/thumb/v7-m/nofp\libc_nano.a(libc_a-impure.o)
                              C:/ST/STM32CubeIDE_1.12.1/STM32CubeIDE/plugins/com.st.stm32cube.ide.mcu.externaltools.gnu-tools-for-stm32.11.3.rel1.win32_1.1.100.202309141235/tools/bin/../lib/gcc/arm-none-eabi/11.3.1/../../../../arm-none-eabi/lib/thumb/v7-m/nofp\libc_nano.a(libc_a-printf.o) (_impure_ptr)
[...]
Memory Configuration

Name             Origin             Length             Attributes
RAM              0x0000000020000000 0x0000000000005000 xrw
FLASH            0x0000000008000000 0x0000000000010000 xr
*default*        0x0000000000000000 0xffffffffffffffff

Linker script and memory map

LOAD C:/ST/STM32CubeIDE_1.12.1/STM32CubeIDE/plugins/com.st.stm32cube.ide.mcu.externaltools.gnu-tools-for-stm32.11.3.rel1.win32_1.1.100.202309141235/tools/bin/../lib/gcc/arm-none-eabi/11.3.1/thumb/v7-m/nofp/crti.o
LOAD C:/ST/STM32CubeIDE_1.12.1/STM32CubeIDE/plugins/com.st.stm32cube.ide.mcu.externaltools.gnu-tools-for-stm32.11.3.rel1.win32_1.1.100.202309141235/tools/bin/../lib/gcc/arm-none-eabi/11.3.1/thumb/v7-m/nofp/crtbegin.o
LOAD C:/ST/STM32CubeIDE_1.12.1/STM32CubeIDE/plugins/com.st.stm32cube.ide.mcu.externaltools.gnu-tools-for-stm32.11.3.rel1.win32_1.1.100.202309141235/tools/bin/../lib/gcc/arm-none-eabi/11.3.1/../../../../arm-none-eabi/lib/thumb/v7-m/nofp/crt0.o
LOAD ./Drivers/HAL/LCD/src/LCD_program.o
LOAD ./Drivers/MCAL/EXTI/src/EXTI_config.o
LOAD ./Drivers/MCAL/EXTI/src/EXTI_program.o
LOAD ./Drivers/MCAL/GPIO/src/GPIO_program.o
LOAD ./Drivers/MCAL/NVIC/src/NVIC_config.o
LOAD ./Drivers/MCAL/NVIC/src/NVIC_program.o
LOAD ./Drivers/MCAL/RCC/src/RCC_program.o
LOAD ./Drivers/MCAL/SysTick/src/SysTick_program.o
LOAD ./Src/main.o
LOAD ./Src/syscalls.o
LOAD ./Src/sysmem.o
LOAD ./Startup/startup_stm32f103c8tx.o
START GROUP
LOAD C:/ST/STM32CubeIDE_1.12.1/STM32CubeIDE/plugins/com.st.stm32cube.ide.mcu.externaltools.gnu-tools-for-stm32.11.3.rel1.win32_1.1.100.202309141235/tools/bin/../lib/gcc/arm-none-eabi/11.3.1/../../../../arm-none-eabi/lib/thumb/v7-m/nofp\libc_nano.a
LOAD C:/ST/STM32CubeIDE_1.12.1/STM32CubeIDE/plugins/com.st.stm32cube.ide.mcu.externaltools.gnu-tools-for-stm32.11.3.rel1.win32_1.1.100.202309141235/tools/bin/../lib/gcc/arm-none-eabi/11.3.1/../../../../arm-none-eabi/lib/thumb/v7-m/nofp\libm.a
END GROUP
START GROUP
LOAD C:/ST/STM32CubeIDE_1.12.1/STM32CubeIDE/plugins/com.st.stm32cube.ide.mcu.externaltools.gnu-tools-for-stm32.11.3.rel1.win32_1.1.100.202309141235/tools/bin/../lib/gcc/arm-none-eabi/11.3.1/thumb/v7-m/nofp\libgcc.a
LOAD C:/ST/STM32CubeIDE_1.12.1/STM32CubeIDE/plugins/com.st.stm32cube.ide.mcu.externaltools.gnu-tools-for-stm32.11.3.rel1.win32_1.1.100.202309141235/tools/bin/../lib/gcc/arm-none-eabi/11.3.1/../../../../arm-none-eabi/lib/thumb/v7-m/nofp\libc_nano.a
END GROUP
START GROUP
LOAD C:/ST/STM32CubeIDE_1.12.1/STM32CubeIDE/plugins/com.st.stm32cube.ide.mcu.externaltools.gnu-tools-for-stm32.11.3.rel1.win32_1.1.100.202309141235/tools/bin/../lib/gcc/arm-none-eabi/11.3.1/thumb/v7-m/nofp\libgcc.a
LOAD C:/ST/STM32CubeIDE_1.12.1/STM32CubeIDE/plugins/com.st.stm32cube.ide.mcu.externaltools.gnu-tools-for-stm32.11.3.rel1.win32_1.1.100.202309141235/tools/bin/../lib/gcc/arm-none-eabi/11.3.1/../../../../arm-none-eabi/lib/thumb/v7-m/nofp\libc_nano.a
LOAD C:/ST/STM32CubeIDE_1.12.1/STM32CubeIDE/plugins/com.st.stm32cube.ide.mcu.externaltools.gnu-tools-for-stm32.11.3.rel1.win32_1.1.100.202309141235/tools/bin/../lib/gcc/arm-none-eabi/11.3.1/../../../../arm-none-eabi/lib/thumb/v7-m/nofp\libnosys.a
END GROUP
START GROUP
LOAD C:/ST/STM32CubeIDE_1.12.1/STM32CubeIDE/plugins/com.st.stm32cube.ide.mcu.externaltools.gnu-tools-for-stm32.11.3.rel1.win32_1.1.100.202309141235/tools/bin/../lib/gcc/arm-none-eabi/11.3.1/thumb/v7-m/nofp\libgcc.a
LOAD C:/ST/STM32CubeIDE_1.12.1/STM32CubeIDE/plugins/com.st.stm32cube.ide.mcu.externaltools.gnu-tools-for-stm32.11.3.rel1.win32_1.1.100.202309141235/tools/bin/../lib/gcc/arm-none-eabi/11.3.1/../../../../arm-none-eabi/lib/thumb/v7-m/nofp\libc_nano.a
LOAD C:/ST/STM32CubeIDE_1.12.1/STM32CubeIDE/plugins/com.st.stm32cube.ide.mcu.externaltools.gnu-tools-for-stm32.11.3.rel1.win32_1.1.100.202309141235/tools/bin/../lib/gcc/arm-none-eabi/11.3.1/../../../../arm-none-eabi/lib/thumb/v7-m/nofp\libnosys.a
END GROUP
LOAD C:/ST/STM32CubeIDE_1.12.1/STM32CubeIDE/plugins/com.st.stm32cube.ide.mcu.externaltools.gnu-tools-for-stm32.11.3.rel1.win32_1.1.100.202309141235/tools/bin/../lib/gcc/arm-none-eabi/11.3.1/thumb/v7-m/nofp/crtend.o
LOAD C:/ST/STM32CubeIDE_1.12.1/STM32CubeIDE/plugins/com.st.stm32cube.ide.mcu.externaltools.gnu-tools-for-stm32.11.3.rel1.win32_1.1.100.202309141235/tools/bin/../lib/gcc/arm-none-eabi/11.3.1/thumb/v7-m/nofp/crtn.o
                0x0000000020005000                _estack = (ORIGIN (RAM) + LENGTH (RAM))
                0x0000000000000200                _Min_Heap_Size = 0x200
                0x0000000000000400                _Min_Stack_Size = 0x400

.isr_vector     0x0000000008000000      0x130
                0x0000000008000000                . = ALIGN (0x4)
 *(.isr_vector)
 .isr_vector    0x0000000008000000      0x130 ./Startup/startup_stm32f103c8tx.o
                0x0000000008000000                g_pfnVectors
                0x0000000008000130                . = ALIGN (0x4)

.text           0x0000000008000130     0x1a58
                0x0000000008000130                . = ALIGN (0x4)
 *(.text)
 .text          0x0000000008000130       0x40 C:/ST/STM32CubeIDE_1.12.1/STM32CubeIDE/plugins/com.st.stm32cube.ide.mcu.externaltools.gnu-tools-for-stm32.11.3.rel1.win32_1.1.100.202309141235/tools/bin/../lib/gcc/arm-none-eabi/11.3.1/thumb/v7-m/nofp/crtbegin.o
 *(.text*)
 .text.WriteInsterction
                0x0000000008000170      0x102 ./Drivers/HAL/LCD/src/LCD_program.o
 .text.WriteData
                0x0000000008000272      0x102 ./Drivers/HAL/LCD/src/LCD_program.o
 .text.LCD_Init
                0x0000000008000374       0x32 ./Drivers/HAL/LCD/src/LCD_program.o
                0x0000000008000374                LCD_Init
 .text.LCD_WriteChar
                0x00000000080003a6       0x1a ./Drivers/HAL/LCD/src/LCD_program.o
                0x00000000080003a6                LCD_WriteChar
 .text.LCD_Clear
                0x00000000080003c0        0xe ./Drivers/HAL/LCD/src/LCD_program.o
                0x00000000080003c0                LCD_Clear
 .text.LCD_WriteString
                0x00000000080003ce       0x30 ./Drivers/HAL/LCD/src/LCD_program.o
                0x00000000080003ce                LCD_WriteString
 *fill*         0x00000000080003fe        0x2 
 .text.GPIO_RETURNtPinInit
                0x0000000008000400       0xdc ./Drivers/MCAL/GPIO/src/GPIO_program.o
                0x0000000008000400                GPIO_RETURNtPinInit
 .text.GPIO_RETURNtPinOut
                0x00000000080004dc       0x90 ./Drivers/MCAL/GPIO/src/GPIO_program.o
                0x00000000080004dc                GPIO_RETURNtPinOut
 .text.NVIC_SetPriorityConfig
                0x000000000800056c       0x44 ./Drivers/MCAL/NVIC/src/NVIC_program.o
                0x000000000800056c                NVIC_SetPriorityConfig
 .text.NVIC_voidSetInterruptPriority
                0x00000000080005b0       0xec ./Drivers/MCAL/NVIC/src/NVIC_program.o
                0x00000000080005b0                NVIC_voidSetInterruptPriority
 .text.NVIC_vEnableInterrupt
                0x000000000800069c       0x40 ./Drivers/MCAL/NVIC/src/NVIC_program.o
                0x000000000800069c                NVIC_vEnableInterrupt
 .text.RCC_RETURNtInit
                0x00000000080006dc      0x134 ./Drivers/MCAL/RCC/src/RCC_program.o
                0x00000000080006dc                RCC_RETURNtInit
 .text.RCC_RETURNtPeripheralEn
                0x0000000008000810       0x80 ./Drivers/MCAL/RCC/src/RCC_program.o
                0x0000000008000810                RCC_RETURNtPeripheralEn
 .text.SysTick_vInit
                0x0000000008000890       0x28 ./Drivers/MCAL/SysTick/src/SysTick_program.o
                0x0000000008000890                SysTick_vInit
 .text.SysTick_vDelayms
                0x00000000080008b8       0xf8 ./Drivers/MCAL/SysTick/src/SysTick_program.o
                0x00000000080008b8                SysTick_vDelayms
 .text.SysTick_Handler
                0x00000000080009b0       0xa8 ./Drivers/MCAL/SysTick/src/SysTick_program.o
                0x00000000080009b0                SysTick_Handler
 .text.main     0x0000000008000a58       0xf0 ./Src/main.o
                0x0000000008000a58                main
 .text.WWDG_IRQHandler
                0x0000000008000b48       0x14 ./Src/main.o
                0x0000000008000b48                WWDG_IRQHandler
 .text._read    0x0000000008000b5c       0x3a ./Src/syscalls.o
                0x0000000008000b5c                _read
 .text._write   0x0000000008000b96       0x38 ./Src/syscalls.o
                0x0000000008000b96                _write
 .text._close   0x0000000008000bce       0x16 ./Src/syscalls.o
                0x0000000008000bce                _close
 .text._fstat   0x0000000008000be4       0x1e ./Src/syscalls.o
                0x0000000008000be4                _fstat
 .text._isatty  0x0000000008000c02       0x14 ./Src/syscalls.o
                0x0000000008000c02                _isatty
 .text._lseek   0x0000000008000c16       0x18 ./Src/syscalls.o
                0x0000000008000c16                _lseek
 *fill*         0x0000000008000c2e        0x2 
 .text._sbrk    0x0000000008000c30       0x6c ./Src/sysmem.o
                0x0000000008000c30                _sbrk
 .text.Reset_Handler
                0x0000000008000c9c       0x50 ./Startup/startup_stm32f103c8tx.o
                0x0000000008000c9c                Reset_Handler
 .text.Default_Handler
                0x0000000008000cec        0x2 ./Startup/startup_stm32f103c8tx.o
                0x0000000008000cec                EXTI2_IRQHandler
                0x0000000008000cec                TIM8_TRG_COM_IRQHandler
                0x0000000008000cec                TIM8_CC_IRQHandler
                0x0000000008000cec                DebugMon_Handler
                0x0000000008000cec                TIM1_CC_IRQHandler
                0x0000000008000cec                HardFault_Handler
                0x0000000008000cec                TIM6_IRQHandler
                0x0000000008000cec                PVD_IRQHandler
                0x0000000008000cec                SDIO_IRQHandler
                0x0000000008000cec                PendSV_Handler
                0x0000000008000cec                NMI_Handler
                0x0000000008000cec                EXTI3_IRQHandler
                0x0000000008000cec                USB_HP_CAN_TX_IRQHandler
                0x0000000008000cec                EXTI0_IRQHandler
                0x0000000008000cec                I2C2_EV_IRQHandler
                0x0000000008000cec                UsageFault_Handler
                0x0000000008000cec                ADC1_2_IRQHandler
                0x0000000008000cec                SPI1_IRQHandler
                0x0000000008000cec                CAN_SCE_IRQHandler
                0x0000000008000cec                TAMPER_IRQHandler
                0x0000000008000cec                TIM8_UP_IRQHandler
                0x0000000008000cec                DMA2_Channel2_IRQHandler
                0x0000000008000cec                DMA1_Channel4_IRQHandler
                0x0000000008000cec                USART3_IRQHandler
                0x0000000008000cec                RTC_IRQHandler
                0x0000000008000cec                DMA1_Channel7_IRQHandler
                0x0000000008000cec                UART5_IRQHandler
                0x0000000008000cec                ADC3_IRQHandler
                0x0000000008000cec                TIM4_IRQHandler
                0x0000000008000cec                CAN_RX1_IRQHandler
                0x0000000008000cec                DMA2_Channel1_IRQHandler
                0x0000000008000cec                I2C1_EV_IRQHandler
                0x0000000008000cec                DMA1_Channel6_IRQHandler
                0x0000000008000cec                UART4_IRQHandler
                0x0000000008000cec                TIM3_IRQHandler
                0x0000000008000cec                RCC_IRQHandler
                0x0000000008000cec                TIM1_TRG_COM_IRQHandler
                0x0000000008000cec                DMA1_Channel1_IRQHandler
                0x0000000008000cec                Default_Handler
                0x0000000008000cec                EXTI15_10_IRQHandler
                0x0000000008000cec                TIM7_IRQHandler
                0x0000000008000cec                TIM5_IRQHandler
                0x0000000008000cec                EXTI9_5_IRQHandler
                0x0000000008000cec                SPI2_IRQHandler
                0x0000000008000cec                USB_LP_CAN_RX0_IRQHandler
                0x0000000008000cec                MemManage_Handler
                0x0000000008000cec                SVC_Handler
                0x0000000008000cec                DMA1_Channel5_IRQHandler
                0x0000000008000cec                EXTI4_IRQHandler
                0x0000000008000cec                DMA1_Channel3_IRQHandler
                0x0000000008000cec                FSMC_IRQHandler
                0x0000000008000cec                TIM1_UP_IRQHandler
                0x0000000008000cec                TIM2_IRQHandler
                0x0000000008000cec                TIM1_BRK_IRQHandler
                0x0000000008000cec                EXTI1_IRQHandler
                0x0000000008000cec                RTCAlarm_IRQHandler
                0x0000000008000cec                DMA2_Channel4_5_IRQHandler
                0x0000000008000cec                USART2_IRQHandler
                0x0000000008000cec                I2C2_ER_IRQHandler
                0x0000000008000cec                DMA1_Channel2_IRQHandler
                0x0000000008000cec                TIM8_BRK_IRQHandler
                0x0000000008000cec                FLASH_IRQHandler
                0x0000000008000cec                BusFault_Handler
                0x0000000008000cec                USART1_IRQHandler
                0x0000000008000cec                SPI3_IRQHandler
                0x0000000008000cec                I2C1_ER_IRQHandler
                0x0000000008000cec                DMA2_Channel3_IRQHandler
 *fill*         0x0000000008000cee        0x2 
 .text.std      0x0000000008000cf0       0x6c C:/ST/STM32CubeIDE_1.12.1/STM32CubeIDE/plugins/com.st.stm32cube.ide.mcu.externaltools.gnu-tools-for-stm32.11.3.rel1.win32_1.1.100.202309141235/tools/bin/../lib/gcc/arm-none-eabi/11.3.1/../../../../arm-none-eabi/lib/thumb/v7-m/nofp\libc_nano.a(libc_a-findfp.o)
 .text.stdio_exit_handler
                0x0000000008000d5c       0x18 C:/ST/STM32CubeIDE_1.12.1/STM32CubeIDE/plugins/com.st.stm32cube.ide.mcu.externaltools.gnu-tools-for-stm32.11.3.rel1.win32_1.1.100.202309141235/tools/bin/../lib/gcc/arm-none-eabi/11.3.1/../../../../arm-none-eabi/lib/thumb/v7-m/nofp\libc_nano.a(libc_a-findfp.o)
 .text.cleanup_stdio
                0x0000000008000d74       0x40 C:/ST/STM32CubeIDE_1.12.1/STM32CubeIDE/plugins/com.st.stm32cube.ide.mcu.externaltools.gnu-tools-for-stm32.11.3.rel1.win32_1.1.100.202309141235/tools/bin/../lib/gcc/arm-none-eabi/11.3.1/../../../../arm-none-eabi/lib/thumb/v7-m/nofp\libc_nano.a(libc_a-findfp.o)
 .text.global_stdio_init.part.0
                0x0000000008000db4       0x3c C:/ST/STM32CubeIDE_1.12.1/STM32CubeIDE/plugins/com.st.stm32cube.ide.mcu.externaltools.gnu-tools-for-stm32.11.3.rel1.win32_1.1.100.202309141235/tools/bin/../lib/gcc/arm-none-eabi/11.3.1/../../../../arm-none-eabi/lib/thumb/v7-m/nofp\libc_nano.a(libc_a-findfp.o)
 .text.__sfp_lock_acquire
                0x0000000008000df0        0xc C:/ST/STM32CubeIDE_1.12.1/STM32CubeIDE/plugins/com.st.stm32cube.ide.mcu.externaltools.gnu-tools-for-stm32.11.3.rel1.win32_1.1.100.202309141235/tools/bin/../lib/gcc/arm-none-eabi/11.3.1/../../../../arm-none-eabi/lib/thumb/v7-m/nofp\libc_nano.a(libc_a-findfp.o)
                0x0000000008000df0                __sfp_lock_acquire
 .text.__sfp_lock_release
                0x0000000008000dfc        0xc C:/ST/STM32CubeIDE_1.12.1/STM32CubeIDE/plugins/com.st.stm32cube.ide.mcu.externaltools.gnu-tools-for-stm32.11.3.rel1.win32_1.1.100.202309141235/tools/bin/../lib/gcc/arm-none-eabi/11.3.1/../../../../arm-none-eabi/lib/thumb/v7-m/nofp\libc_nano.a(libc_a-findfp.o)
                0x0000000008000dfc                __sfp_lock_release
 .text.__sinit  0x0000000008000e08       0x30 C:/ST/STM32CubeIDE_1.12.1/STM32CubeIDE/plugins/com.st.stm32cube.ide.mcu.externaltools.gnu-tools-for-stm32.11.3.rel1.win32_1.1.100.202309141235/tools/bin/../lib/gcc/arm-none-eabi/11.3.1/../../../../arm-none-eabi/lib/thumb/v7-m/nofp\libc_nano.a(libc_a-findfp.o)
                0x0000000008000e08                __sinit
 .text._fwalk_sglue
                0x0000000008000e38       0x3c C:/ST/STM32CubeIDE_1.12.1/STM32CubeIDE/plugins/com.st.stm32cube.ide.mcu.externaltools.gnu-tools-for-stm32.11.3.rel1.win32_1.1.100.202309141235/tools/bin/../lib/gcc/arm-none-eabi/11.3.1/../../../../arm-none-eabi/lib/thumb/v7-m/nofp\libc_nano.a(libc_a-fwalk.o)
                0x0000000008000e38                _fwalk_sglue
 .text.printf   0x0000000008000e74       0x24 C:/ST/STM32CubeIDE_1.12.1/STM32CubeIDE/plugins/com.st.stm32cube.ide.mcu.externaltools.gnu-tools-for-stm32.11.3.rel1.win32_1.1.100.202309141235/tools/bin/../lib/gcc/arm-none-eabi/11.3.1/../../../../arm-none-eabi/lib/thumb/v7-m/nofp\libc_nano.a(libc_a-printf.o)
                0x0000000008000e74                iprintf
                0x0000000008000e74                printf
 .text.__sread  0x0000000008000e98       0x22 C:/ST/STM32CubeIDE_1.12.1/STM32CubeIDE/plugins/com.st.stm32cube.ide.mcu.externaltools.gnu-tools-for-stm32.11.3.rel1.win32_1.1.100.202309141235/tools/bin/../lib/gcc/arm-none-eabi/11.3.1/../../../../arm-none-eabi/lib/thumb/v7-m/nofp\libc_nano.a(libc_a-stdio.o)
                0x0000000008000e98                __sread
 .text.__swrite
                0x0000000008000eba       0x38 C:/ST/STM32CubeIDE_1.12.1/STM32CubeIDE/plugins/com.st.stm32cube.ide.mcu.externaltools.gnu-tools-for-stm32.11.3.rel1.win32_1.1.100.202309141235/tools/bin/../lib/gcc/arm-none-eabi/11.3.1/../../../../arm-none-eabi/lib/thumb/v7-m/nofp\libc_nano.a(libc_a-stdio.o)
                0x0000000008000eba                __swrite
 .text.__sseek  0x0000000008000ef2       0x24 C:/ST/STM32CubeIDE_1.12.1/STM32CubeIDE/plugins/com.st.stm32cube.ide.mcu.externaltools.gnu-tools-for-stm32.11.3.rel1.win32_1.1.100.202309141235/tools/bin/../lib/gcc/arm-none-eabi/11.3.1/../../../../arm-none-eabi/lib/thumb/v7-m/nofp\libc_nano.a(libc_a-stdio.o)
                0x0000000008000ef2                __sseek
 .text.__sclose
                0x0000000008000f16        0x8 C:/ST/STM32CubeIDE_1.12.1/STM32CubeIDE/plugins/com.st.stm32cube.ide.mcu.externaltools.gnu-tools-for-stm32.11.3.rel1.win32_1.1.100.202309141235/tools/bin/../lib/gcc/arm-none-eabi/11.3.1/../../../../arm-none-eabi/lib/thumb/v7-m/nofp\libc_nano.a(libc_a-stdio.o)
                0x0000000008000f16                __sclose
 .text.memset   0x0000000008000f1e       0x10 C:/ST/STM32CubeIDE_1.12.1/STM32CubeIDE/plugins/com.st.stm32cube.ide.mcu.externaltools.gnu-tools-for-stm32.11.3.rel1.win32_1.1.100.202309141235/tools/bin/../lib/gcc/arm-none-eabi/11.3.1/../../../../arm-none-eabi/lib/thumb/v7-m/nofp\libc_nano.a(libc_a-memset.o)
                0x0000000008000f1e                memset
 *fill*         0x0000000008000f2e        0x2 
 .text._close_r
                0x0000000008000f30       0x20 C:/ST/STM32CubeIDE_1.12.1/STM32CubeIDE/plugins/com.st.stm32cube.ide.mcu.externaltools.gnu-tools-for-stm32.11.3.rel1.win32_1.1.100.202309141235/tools/bin/../lib/gcc/arm-none-eabi/11.3.1/../../../../arm-none-eabi/lib/thumb/v7-m/nofp\libc_nano.a(libc_a-closer.o)
                0x0000000008000f30                _close_r
 .text._lseek_r
                0x0000000008000f50       0x24 C:/ST/STM32CubeIDE_1.12.1/STM32CubeIDE/plugins/com.st.stm32cube.ide.mcu.externaltools.gnu-tools-for-stm32.11.3.rel1.win32_1.1.100.202309141235/tools/bin/../lib/gcc/arm-none-eabi/11.3.1/../../../../arm-none-eabi/lib/thumb/v7-m/nofp\libc_nano.a(libc_a-lseekr.o)
                0x0000000008000f50                _lseek_r
 .text._read_r  0x0000000008000f74       0x24 C:/ST/STM32CubeIDE_1.12.1/STM32CubeIDE/plugins/com.st.stm32cube.ide.mcu.externaltools.gnu-tools-for-stm32.11.3.rel1.win32_1.1.100.202309141235/tools/bin/../lib/gcc/arm-none-eabi/11.3.1/../../../../arm-none-eabi/lib/thumb/v7-m/nofp\libc_nano.a(libc_a-readr.o)
                0x0000000008000f74                _read_r
 .text._write_r
                0x0000000008000f98       0x24 C:/ST/STM32CubeIDE_1.12.1/STM32CubeIDE/plugins/com.st.stm32cube.ide.mcu.externaltools.gnu-tools-for-stm32.11.3.rel1.win32_1.1.100.202309141235/tools/bin/../lib/gcc/arm-none-eabi/11.3.1/../../../../arm-none-eabi/lib/thumb/v7-m/nofp\libc_nano.a(libc_a-writer.o)
                0x0000000008000f98                _write_r
 .text.__errno  0x0000000008000fbc        0xc C:/ST/STM32CubeIDE_1.12.1/STM32CubeIDE/plugins/com.st.stm32cube.ide.mcu.externaltools.gnu-tools-for-stm32.11.3.rel1.win32_1.1.100.202309141235/tools/bin/../lib/gcc/arm-none-eabi/11.3.1/../../../../arm-none-eabi/lib/thumb/v7-m/nofp\libc_nano.a(libc_a-errno.o)
                0x0000000008000fbc                __errno
 .text.__libc_init_array
                0x0000000008000fc8       0x48 C:/ST/STM32CubeIDE_1.12.1/STM32CubeIDE/plugins/com.st.stm32cube.ide.mcu.externaltools.gnu-tools-for-stm32.11.3.rel1.win32_1.1.100.202309141235/tools/bin/../lib/gcc/arm-none-eabi/11.3.1/../../../../arm-none-eabi/lib/thumb/v7-m/nofp\libc_nano.a(libc_a-init.o)
                0x0000000008000fc8                __libc_init_array
 .text.__retarget_lock_init_recursive
                0x0000000008001010        0x2 C:/ST/STM32CubeIDE_1.12.1/STM32CubeIDE/plugins/com.st.stm32cube.ide.mcu.externaltools.gnu-tools-for-stm32.11.3.rel1.win32_1.1.100.202309141235/tools/bin/../lib/gcc/arm-none-eabi/11.3.1/../../../../arm-none-eabi/lib/thumb/v7-m/nofp\libc_nano.a(libc_a-lock.o)
                0x0000000008001010                __retarget_lock_init_recursive
 .text.__retarget_lock_acquire_recursive
                0x0000000008001012        0x2 C:/ST/STM32CubeIDE_1.12.1/STM32CubeIDE/plugins/com.st.stm32cube.ide.mcu.externaltools.gnu-tools-for-stm32.11.3.rel1.win32_1.1.100.202309141235/tools/bin/../lib/gcc/arm-none-eabi/11.3.1/../../../../arm-none-eabi/lib/thumb/v7-m/nofp\libc_nano.a(libc_a-lock.o)
                0x0000000008001012                __retarget_lock_acquire_recursive
 .text.__retarget_lock_release_recursive
                0x0000000008001014        0x2 C:/ST/STM32CubeIDE_1.12.1/STM32CubeIDE/plugins/com.st.stm32cube.ide.mcu.externaltools.gnu-tools-for-stm32.11.3.rel1.win32_1.1.100.202309141235/tools/bin/../lib/gcc/arm-none-eabi/11.3.1/../../../../arm-none-eabi/lib/thumb/v7-m/nofp\libc_nano.a(libc_a-lock.o)
                0x0000000008001014                __retarget_lock_release_recursive
 *fill*         0x0000000008001016        0x2 
 .text._free_r  0x0000000008001018       0x90 C:/ST/STM32CubeIDE_1.12.1/STM32CubeIDE/plugins/com.st.stm32cube.ide.mcu.externaltools.gnu-tools-for-stm32.11.3.rel1.win32_1.1.100.202309141235/tools/bin/../lib/gcc/arm-none-eabi/11.3.1/../../../../arm-none-eabi/lib/thumb/v7-m/nofp\libc_nano.a(libc_a-freer.o)
                0x0000000008001018                _free_r
 .text.sbrk_aligned
                0x00000000080010a8       0x40 C:/ST/STM32CubeIDE_1.12.1/STM32CubeIDE/plugins/com.st.stm32cube.ide.mcu.externaltools.gnu-tools-for-stm32.11.3.rel1.win32_1.1.100.202309141235/tools/bin/../lib/gcc/arm-none-eabi/11.3.1/../../../../arm-none-eabi/lib/thumb/v7-m/nofp\libc_nano.a(libc_a-mallocr.o)
 .text._malloc_r
                0x00000000080010e8      0x100 C:/ST/STM32CubeIDE_1.12.1/STM32CubeIDE/plugins/com.st.stm32cube.ide.mcu.externaltools.gnu-tools-for-stm32.11.3.rel1.win32_1.1.100.202309141235/tools/bin/../lib/gcc/arm-none-eabi/11.3.1/../../../../arm-none-eabi/lib/thumb/v7-m/nofp\libc_nano.a(libc_a-mallocr.o)
                0x00000000080010e8                _malloc_r
 .text.__malloc_lock
                0x00000000080011e8        0xc C:/ST/STM32CubeIDE_1.12.1/STM32CubeIDE/plugins/com.st.stm32cube.ide.mcu.externaltools.gnu-tools-for-stm32.11.3.rel1.win32_1.1.100.202309141235/tools/bin/../lib/gcc/arm-none-eabi/11.3.1/../../../../arm-none-eabi/lib/thumb/v7-m/nofp\libc_nano.a(libc_a-mlock.o)
                0x00000000080011e8                __malloc_lock
 .text.__malloc_unlock
                0x00000000080011f4        0xc C:/ST/STM32CubeIDE_1.12.1/STM32CubeIDE/plugins/com.st.stm32cube.ide.mcu.externaltools.gnu-tools-for-stm32.11.3.rel1.win32_1.1.100.202309141235/tools/bin/../lib/gcc/arm-none-eabi/11.3.1/../../../../arm-none-eabi/lib/thumb/v7-m/nofp\libc_nano.a(libc_a-mlock.o)
                0x00000000080011f4                __malloc_unlock
 .text.__sfputc_r
                0x0000000008001200       0x2a C:/ST/STM32CubeIDE_1.12.1/STM32CubeIDE/plugins/com.st.stm32cube.ide.mcu.externaltools.gnu-tools-for-stm32.11.3.rel1.win32_1.1.100.202309141235/tools/bin/../lib/gcc/arm-none-eabi/11.3.1/../../../../arm-none-eabi/lib/thumb/v7-m/nofp\libc_nano.a(libc_a-nano-vfprintf.o)
 .text.__sfputs_r
                0x000000000800122a       0x24 C:/ST/STM32CubeIDE_1.12.1/STM32CubeIDE/plugins/com.st.stm32cube.ide.mcu.externaltools.gnu-tools-for-stm32.11.3.rel1.win32_1.1.100.202309141235/tools/bin/../lib/gcc/arm-none-eabi/11.3.1/../../../../arm-none-eabi/lib/thumb/v7-m/nofp\libc_nano.a(libc_a-nano-vfprintf.o)
                0x000000000800122a                __sfputs_r
 *fill*         0x000000000800124e        0x2 
 .text._vfprintf_r
                0x0000000008001250      0x234 C:/ST/STM32CubeIDE_1.12.1/STM32CubeIDE/plugins/com.st.stm32cube.ide.mcu.externaltools.gnu-tools-for-stm32.11.3.rel1.win32_1.1.100.202309141235/tools/bin/../lib/gcc/arm-none-eabi/11.3.1/../../../../arm-none-eabi/lib/thumb/v7-m/nofp\libc_nano.a(libc_a-nano-vfprintf.o)
                0x0000000008001250                _vfprintf_r
                0x0000000008001250                _vfiprintf_r
 .text._printf_common
                0x0000000008001484       0xe4 C:/ST/STM32CubeIDE_1.12.1/STM32CubeIDE/plugins/com.st.stm32cube.ide.mcu.externaltools.gnu-tools-for-stm32.11.3.rel1.win32_1.1.100.202309141235/tools/bin/../lib/gcc/arm-none-eabi/11.3.1/../../../../arm-none-eabi/lib/thumb/v7-m/nofp\libc_nano.a(libc_a-nano-vfprintf_i.o)
                0x0000000008001484                _printf_common
 .text._printf_i
                0x0000000008001568      0x244 C:/ST/STM32CubeIDE_1.12.1/STM32CubeIDE/plugins/com.st.stm32cube.ide.mcu.externaltools.gnu-tools-for-stm32.11.3.rel1.win32_1.1.100.202309141235/tools/bin/../lib/gcc/arm-none-eabi/11.3.1/../../../../arm-none-eabi/lib/thumb/v7-m/nofp\libc_nano.a(libc_a-nano-vfprintf_i.o)
                0x0000000008001568                _printf_i
 .text.__sflush_r
                0x00000000080017ac      0x104 C:/ST/STM32CubeIDE_1.12.1/STM32CubeIDE/plugins/com.st.stm32cube.ide.mcu.externaltools.gnu-tools-for-stm32.11.3.rel1.win32_1.1.100.202309141235/tools/bin/../lib/gcc/arm-none-eabi/11.3.1/../../../../arm-none-eabi/lib/thumb/v7-m/nofp\libc_nano.a(libc_a-fflush.o)
                0x00000000080017ac                __sflush_r
 .text._fflush_r
                0x00000000080018b0       0x50 C:/ST/STM32CubeIDE_1.12.1/STM32CubeIDE/plugins/com.st.stm32cube.ide.mcu.externaltools.gnu-tools-for-stm32.11.3.rel1.win32_1.1.100.202309141235/tools/bin/../lib/gcc/arm-none-eabi/11.3.1/../../../../arm-none-eabi/lib/thumb/v7-m/nofp\libc_nano.a(libc_a-fflush.o)
                0x00000000080018b0                _fflush_r
 .text.__swbuf_r
                0x0000000008001900       0x7a C:/ST/STM32CubeIDE_1.12.1/STM32CubeIDE/plugins/com.st.stm32cube.ide.mcu.externaltools.gnu-tools-for-stm32.11.3.rel1.win32_1.1.100.202309141235/tools/bin/../lib/gcc/arm-none-eabi/11.3.1/../../../../arm-none-eabi/lib/thumb/v7-m/nofp\libc_nano.a(libc_a-wbuf.o)
                0x0000000008001900                __swbuf_r
 *fill*         0x000000000800197a        0x2 
 .text.__swsetup_r
                0x000000000800197c       0xb0 C:/ST/STM32CubeIDE_1.12.1/STM32CubeIDE/plugins/com.st.stm32cube.ide.mcu.externaltools.gnu-tools-for-stm32.11.3.rel1.win32_1.1.100.202309141235/tools/bin/../lib/gcc/arm-none-eabi/11.3.1/../../../../arm-none-eabi/lib/thumb/v7-m/nofp\libc_nano.a(libc_a-wsetup.o)
                0x000000000800197c                __swsetup_r
 .text._sbrk_r  0x0000000008001a2c       0x20 C:/ST/STM32CubeIDE_1.12.1/STM32CubeIDE/plugins/com.st.stm32cube.ide.mcu.externaltools.gnu-tools-for-stm32.11.3.rel1.win32_1.1.100.202309141235/tools/bin/../lib/gcc/arm-none-eabi/11.3.1/../../../../arm-none-eabi/lib/thumb/v7-m/nofp\libc_nano.a(libc_a-sbrkr.o)
                0x0000000008001a2c                _sbrk_r
 .text.memchr   0x0000000008001a4c       0x1c C:/ST/STM32CubeIDE_1.12.1/STM32CubeIDE/plugins/com.st.stm32cube.ide.mcu.externaltools.gnu-tools-for-stm32.11.3.rel1.win32_1.1.100.202309141235/tools/bin/../lib/gcc/arm-none-eabi/11.3.1/../../../../arm-none-eabi/lib/thumb/v7-m/nofp\libc_nano.a(libc_a-memchr-stub.o)
                0x0000000008001a4c                memchr
 .text.__swhatbuf_r
                0x0000000008001a68       0x4a C:/ST/STM32CubeIDE_1.12.1/STM32CubeIDE/plugins/com.st.stm32cube.ide.mcu.externaltools.gnu-tools-for-stm32.11.3.rel1.win32_1.1.100.202309141235/tools/bin/../lib/gcc/arm-none-eabi/11.3.1/../../../../arm-none-eabi/lib/thumb/v7-m/nofp\libc_nano.a(libc_a-makebuf.o)
                0x0000000008001a68                __swhatbuf_r
 .text.__smakebuf_r
                0x0000000008001ab2       0x78 C:/ST/STM32CubeIDE_1.12.1/STM32CubeIDE/plugins/com.st.stm32cube.ide.mcu.externaltools.gnu-tools-for-stm32.11.3.rel1.win32_1.1.100.202309141235/tools/bin/../lib/gcc/arm-none-eabi/11.3.1/../../../../arm-none-eabi/lib/thumb/v7-m/nofp\libc_nano.a(libc_a-makebuf.o)
                0x0000000008001ab2                __smakebuf_r
 *fill*         0x0000000008001b2a        0x2 
 .text._fstat_r
                0x0000000008001b2c       0x24 C:/ST/STM32CubeIDE_1.12.1/STM32CubeIDE/plugins/com.st.stm32cube.ide.mcu.externaltools.gnu-tools-for-stm32.11.3.rel1.win32_1.1.100.202309141235/tools/bin/../lib/gcc/arm-none-eabi/11.3.1/../../../../arm-none-eabi/lib/thumb/v7-m/nofp\libc_nano.a(libc_a-fstatr.o)
                0x0000000008001b2c                _fstat_r
 .text._isatty_r
                0x0000000008001b50       0x20 C:/ST/STM32CubeIDE_1.12.1/STM32CubeIDE/plugins/com.st.stm32cube.ide.mcu.externaltools.gnu-tools-for-stm32.11.3.rel1.win32_1.1.100.202309141235/tools/bin/../lib/gcc/arm-none-eabi/11.3.1/../../../../arm-none-eabi/lib/thumb/v7-m/nofp\libc_nano.a(libc_a-isattyr.o)
                0x0000000008001b50                _isatty_r
 *(.glue_7)
 .glue_7        0x0000000008001b70        0x0 linker stubs
 *(.glue_7t)
 .glue_7t       0x0000000008001b70        0x0 linker stubs
 *(.eh_frame)
 .eh_frame      0x0000000008001b70        0x0 C:/ST/STM32CubeIDE_1.12.1/STM32CubeIDE/plugins/com.st.stm32cube.ide.mcu.externaltools.gnu-tools-for-stm32.11.3.rel1.win32_1.1.100.202309141235/tools/bin/../lib/gcc/arm-none-eabi/11.3.1/thumb/v7-m/nofp/crtbegin.o
 *(.init)
 .init          0x0000000008001b70        0x4 C:/ST/STM32CubeIDE_1.12.1/STM32CubeIDE/plugins/com.st.stm32cube.ide.mcu.externaltools.gnu-tools-for-stm32.11.3.rel1.win32_1.1.100.202309141235/tools/bin/../lib/gcc/arm-none-eabi/11.3.1/thumb/v7-m/nofp/crti.o
                0x0000000008001b70                _init
 .init          0x0000000008001b74        0x8 C:/ST/STM32CubeIDE_1.12.1/STM32CubeIDE/plugins/com.st.stm32cube.ide.mcu.externaltools.gnu-tools-for-stm32.11.3.rel1.win32_1.1.100.202309141235/tools/bin/../lib/gcc/arm-none-eabi/11.3.1/thumb/v7-m/nofp/crtn.o
 *(.fini)
 .fini          0x0000000008001b7c        0x4 C:/ST/STM32CubeIDE_1.12.1/STM32CubeIDE/plugins/com.st.stm32cube.ide.mcu.externaltools.gnu-tools-for-stm32.11.3.rel1.win32_1.1.100.202309141235/tools/bin/../lib/gcc/arm-none-eabi/11.3.1/thumb/v7-m/nofp/crti.o
                0x0000000008001b7c                _fini
 .fini          0x0000000008001b80        0x8 C:/ST/STM32CubeIDE_1.12.1/STM32CubeIDE/plugins/com.st.stm32cube.ide.mcu.externaltools.gnu-tools-for-stm32.11.3.rel1.win32_1.1.100.202309141235/tools/bin/../lib/gcc/arm-none-eabi/11.3.1/thumb/v7-m/nofp/crtn.o
                0x0000000008001b88                . = ALIGN (0x4)
                0x0000000008001b88                _etext = .

.vfp11_veneer   0x0000000008001b88        0x0
 .vfp11_veneer  0x0000000008001b88        0x0 linker stubs

.v4_bx          0x0000000008001b88        0x0
 .v4_bx         0x0000000008001b88        0x0 linker stubs

.iplt           0x0000000008001b88        0x0
 .iplt          0x0000000008001b88        0x0 C:/ST/STM32CubeIDE_1.12.1/STM32CubeIDE/plugins/com.st.stm32cube.ide.mcu.externaltools.gnu-tools-for-stm32.11.3.rel1.win32_1.1.100.202309141235/tools/bin/../lib/gcc/arm-none-eabi/11.3.1/thumb/v7-m/nofp/crtbegin.o

.rodata         0x0000000008001b88       0x68
                0x0000000008001b88                . = ALIGN (0x4)
 *(.rodata)
 .rodata        0x0000000008001b88       0x33 ./Src/main.o
 *(.rodata*)
 .rodata._vfprintf_r.str1.1
                0x0000000008001bbb       0x11 C:/ST/STM32CubeIDE_1.12.1/STM32CubeIDE/plugins/com.st.stm32cube.ide.mcu.externaltools.gnu-tools-for-stm32.11.3.rel1.win32_1.1.100.202309141235/tools/bin/../lib/gcc/arm-none-eabi/11.3.1/../../../../arm-none-eabi/lib/thumb/v7-m/nofp\libc_nano.a(libc_a-nano-vfprintf.o)
 .rodata._printf_i.str1.1
                0x0000000008001bcc       0x22 C:/ST/STM32CubeIDE_1.12.1/STM32CubeIDE/plugins/com.st.stm32cube.ide.mcu.externaltools.gnu-tools-for-stm32.11.3.rel1.win32_1.1.100.202309141235/tools/bin/../lib/gcc/arm-none-eabi/11.3.1/../../../../arm-none-eabi/lib/thumb/v7-m/nofp\libc_nano.a(libc_a-nano-vfprintf_i.o)
                0x0000000008001bf0                . = ALIGN (0x4)
 *fill*         0x0000000008001bee        0x2 

.rel.dyn        0x0000000008001bf0        0x0
 .rel.iplt      0x0000000008001bf0        0x0 C:/ST/STM32CubeIDE_1.12.1/STM32CubeIDE/plugins/com.st.stm32cube.ide.mcu.externaltools.gnu-tools-for-stm32.11.3.rel1.win32_1.1.100.202309141235/tools/bin/../lib/gcc/arm-none-eabi/11.3.1/thumb/v7-m/nofp/crtbegin.o

.ARM.extab      0x0000000008001bf0        0x0
                0x0000000008001bf0                . = ALIGN (0x4)
 *(.ARM.extab* .gnu.linkonce.armextab.*)
                0x0000000008001bf0                . = ALIGN (0x4)

.ARM            0x0000000008001bf0        0x0
                0x0000000008001bf0                . = ALIGN (0x4)
                0x0000000008001bf0                __exidx_start = .
 *(.ARM.exidx*)
                0x0000000008001bf0                __exidx_end = .
                0x0000000008001bf0                . = ALIGN (0x4)

.preinit_array  0x0000000008001bf0        0x0
                0x0000000008001bf0                . = ALIGN (0x4)
                0x0000000008001bf0                PROVIDE (__preinit_array_start = .)
 *(.preinit_array*)
                0x0000000008001bf0                PROVIDE (__preinit_array_end = .)
                0x0000000008001bf0                . = ALIGN (0x4)

.init_array     0x0000000008001bf0        0x4
                0x0000000008001bf0                . = ALIGN (0x4)
                0x0000000008001bf0                PROVIDE (__init_array_start = .)
 *(SORT_BY_NAME(.init_array.*))
 *(.init_array*)
 .init_array    0x0000000008001bf0        0x4 C:/ST/STM32CubeIDE_1.12.1/STM32CubeIDE/plugins/com.st.stm32cube.ide.mcu.externaltools.gnu-tools-for-stm32.11.3.rel1.win32_1.1.100.202309141235/tools/bin/../lib/gcc/arm-none-eabi/11.3.1/thumb/v7-m/nofp/crtbegin.o
                0x0000000008001bf4                PROVIDE (__init_array_end = .)
                0x0000000008001bf4                . = ALIGN (0x4)

.fini_array     0x0000000008001bf4        0x4
                0x0000000008001bf4                . = ALIGN (0x4)
                [!provide]                        PROVIDE (__fini_array_start = .)
 *(SORT_BY_NAME(.fini_array.*))
 *(.fini_array*)
 .fini_array    0x0000000008001bf4        0x4 C:/ST/STM32CubeIDE_1.12.1/STM32CubeIDE/plugins/com.st.stm32cube.ide.mcu.externaltools.gnu-tools-for-stm32.11.3.rel1.win32_1.1.100.202309141235/tools/bin/../lib/gcc/arm-none-eabi/11.3.1/thumb/v7-m/nofp/crtbegin.o
                [!provide]                        PROVIDE (__fini_array_end = .)
                0x0000000008001bf8                . = ALIGN (0x4)
                0x0000000008001bf8                _sidata = LOADADDR (.data)

.data           0x0000000020000000       0x68 load address 0x0000000008001bf8
                0x0000000020000000                . = ALIGN (0x4)
                0x0000000020000000                _sdata = .
 *(.data)
 *(.data*)
 .data.GPIO_ArraysOfPtr
                0x0000000020000000        0xc ./Drivers/MCAL/GPIO/src/GPIO_program.o
 .data.__sglue  0x000000002000000c        0xc C:/ST/STM32CubeIDE_1.12.1/STM32CubeIDE/plugins/com.st.stm32cube.ide.mcu.externaltools.gnu-tools-for-stm32.11.3.rel1.win32_1.1.100.202309141235/tools/bin/../lib/gcc/arm-none-eabi/11.3.1/../../../../arm-none-eabi/lib/thumb/v7-m/nofp\libc_nano.a(libc_a-findfp.o)
                0x000000002000000c                __sglue
 .data._impure_data
                0x0000000020000018       0x4c C:/ST/STM32CubeIDE_1.12.1/STM32CubeIDE/plugins/com.st.stm32cube.ide.mcu.externaltools.gnu-tools-for-stm32.11.3.rel1.win32_1.1.100.202309141235/tools/bin/../lib/gcc/arm-none-eabi/11.3.1/../../../../arm-none-eabi/lib/thumb/v7-m/nofp\libc_nano.a(libc_a-impure.o)
                0x0000000020000018                _impure_data
 .data._impure_ptr
                0x0000000020000064        0x4 C:/ST/STM32CubeIDE_1.12.1/STM32CubeIDE/plugins/com.st.stm32cube.ide.mcu.externaltools.gnu-tools-for-stm32.11.3.rel1.win32_1.1.100.202309141235/tools/bin/../lib/gcc/arm-none-eabi/11.3.1/../../../../arm-none-eabi/lib/thumb/v7-m/nofp\libc_nano.a(libc_a-impure.o)
                0x0000000020000064                _impure_ptr
 *(.RamFunc)
 *(.RamFunc*)
                0x0000000020000068                . = ALIGN (0x4)
                0x0000000020000068                _edata = .

.igot.plt       0x0000000020000068        0x0 load address 0x0000000008001c60
 .igot.plt      0x0000000020000068        0x0 C:/ST/STM32CubeIDE_1.12.1/STM32CubeIDE/plugins/com.st.stm32cube.ide.mcu.externaltools.gnu-tools-for-stm32.11.3.rel1.win32_1.1.100.202309141235/tools/bin/../lib/gcc/arm-none-eabi/11.3.1/thumb/v7-m/nofp/crtbegin.o
                0x0000000020000068                . = ALIGN (0x4)

.bss            0x0000000020000068      0x17c load address 0x0000000008001c60
                0x0000000020000068                _sbss = .
                0x0000000020000068                __bss_start__ = _sbss
 *(.bss)
 .bss           0x0000000020000068       0x1c C:/ST/STM32CubeIDE_1.12.1/STM32CubeIDE/plugins/com.st.stm32cube.ide.mcu.externaltools.gnu-tools-for-stm32.11.3.rel1.win32_1.1.100.202309141235/tools/bin/../lib/gcc/arm-none-eabi/11.3.1/thumb/v7-m/nofp/crtbegin.o
 *(.bss*)
 .bss.StaticGlobal_u8PriorityConfig
                0x0000000020000084        0x1 ./Drivers/MCAL/NVIC/src/NVIC_program.o
 .bss.Overflow_needFlag
                0x0000000020000085        0x1 ./Drivers/MCAL/SysTick/src/SysTick_program.o
 *fill*         0x0000000020000086        0x2 
 .bss.overflowInterrupt
                0x0000000020000088        0x4 ./Drivers/MCAL/SysTick/src/SysTick_program.o
 .bss.SysTickHandler_ptr
                0x000000002000008c        0x4 ./Drivers/MCAL/SysTick/src/SysTick_program.o
                0x000000002000008c                SysTickHandler_ptr
 .bss.i.0       0x0000000020000090        0x4 ./Drivers/MCAL/SysTick/src/SysTick_program.o
 .bss.__sbrk_heap_end
                0x0000000020000094        0x4 ./Src/sysmem.o
 .bss.__sf      0x0000000020000098      0x138 C:/ST/STM32CubeIDE_1.12.1/STM32CubeIDE/plugins/com.st.stm32cube.ide.mcu.externaltools.gnu-tools-for-stm32.11.3.rel1.win32_1.1.100.202309141235/tools/bin/../lib/gcc/arm-none-eabi/11.3.1/../../../../arm-none-eabi/lib/thumb/v7-m/nofp\libc_nano.a(libc_a-findfp.o)
                0x0000000020000098                __sf
 .bss.__stdio_exit_handler
                0x00000000200001d0        0x4 C:/ST/STM32CubeIDE_1.12.1/STM32CubeIDE/plugins/com.st.stm32cube.ide.mcu.externaltools.gnu-tools-for-stm32.11.3.rel1.win32_1.1.100.202309141235/tools/bin/../lib/gcc/arm-none-eabi/11.3.1/../../../../arm-none-eabi/lib/thumb/v7-m/nofp\libc_nano.a(libc_a-findfp.o)
                0x00000000200001d0                __stdio_exit_handler
 .bss.errno     0x00000000200001d4        0x4 C:/ST/STM32CubeIDE_1.12.1/STM32CubeIDE/plugins/com.st.stm32cube.ide.mcu.externaltools.gnu-tools-for-stm32.11.3.rel1.win32_1.1.100.202309141235/tools/bin/../lib/gcc/arm-none-eabi/11.3.1/../../../../arm-none-eabi/lib/thumb/v7-m/nofp\libc_nano.a(libc_a-reent.o)
                0x00000000200001d4                errno
 .bss.__lock___malloc_recursive_mutex
                0x00000000200001d8        0x1 C:/ST/STM32CubeIDE_1.12.1/STM32CubeIDE/plugins/com.st.stm32cube.ide.mcu.externaltools.gnu-tools-for-stm32.11.3.rel1.win32_1.1.100.202309141235/tools/bin/../lib/gcc/arm-none-eabi/11.3.1/../../../../arm-none-eabi/lib/thumb/v7-m/nofp\libc_nano.a(libc_a-lock.o)
                0x00000000200001d8                __lock___malloc_recursive_mutex
 .bss.__lock___sfp_recursive_mutex
                0x00000000200001d9        0x1 C:/ST/STM32CubeIDE_1.12.1/STM32CubeIDE/plugins/com.st.stm32cube.ide.mcu.externaltools.gnu-tools-for-stm32.11.3.rel1.win32_1.1.100.202309141235/tools/bin/../lib/gcc/arm-none-eabi/11.3.1/../../../../arm-none-eabi/lib/thumb/v7-m/nofp\libc_nano.a(libc_a-lock.o)
                0x00000000200001d9                __lock___sfp_recursive_mutex
 *fill*         0x00000000200001da        0x2 
 .bss.__malloc_free_list
                0x00000000200001dc        0x4 C:/ST/STM32CubeIDE_1.12.1/STM32CubeIDE/plugins/com.st.stm32cube.ide.mcu.externaltools.gnu-tools-for-stm32.11.3.rel1.win32_1.1.100.202309141235/tools/bin/../lib/gcc/arm-none-eabi/11.3.1/../../../../arm-none-eabi/lib/thumb/v7-m/nofp\libc_nano.a(libc_a-mallocr.o)
                0x00000000200001dc                __malloc_free_list
 .bss.__malloc_sbrk_start
                0x00000000200001e0        0x4 C:/ST/STM32CubeIDE_1.12.1/STM32CubeIDE/plugins/com.st.stm32cube.ide.mcu.externaltools.gnu-tools-for-stm32.11.3.rel1.win32_1.1.100.202309141235/tools/bin/../lib/gcc/arm-none-eabi/11.3.1/../../../../arm-none-eabi/lib/thumb/v7-m/nofp\libc_nano.a(libc_a-mallocr.o)
                0x00000000200001e0                __malloc_sbrk_start
 *(COMMON)
                0x00000000200001e4                . = ALIGN (0x4)
                0x00000000200001e4                _ebss = .
                0x00000000200001e4                __bss_end__ = _ebss

._user_heap_stack
                0x00000000200001e4      0x604 load address 0x0000000008001c60
                0x00000000200001e8                . = ALIGN (0x8)
 *fill*         0x00000000200001e4        0x4 
                [!provide]                        PROVIDE (end = .)
                0x00000000200001e8                PROVIDE (_end = .)
                0x00000000200003e8                . = (. + _Min_Heap_Size)
 *fill*         0x00000000200001e8      0x200 
                0x00000000200007e8                . = (. + _Min_Stack_Size)
 *fill*         0x00000000200003e8      0x400 
                0x00000000200007e8                . = ALIGN (0x8)

/DISCARD/
 libc.a(*)
 libm.a(*)
 libgcc.a(*)

.ARM.attributes
                0x0000000000000000       0x29
 *(.ARM.attributes)
 .ARM.attributes
                0x0000000000000000       0x1d C:/ST/STM32CubeIDE_1.12.1/STM32CubeIDE/plugins/com.st.stm32cube.ide.mcu.externaltools.gnu-tools-for-stm32.11.3.rel1.win32_1.1.100.202309141235/tools/bin/../lib/gcc/arm-none-eabi/11.3.1/thumb/v7-m/nofp/crti.o
 .ARM.attributes
                0x000000000000001d       0x2d C:/ST/STM32CubeIDE_1.12.1/STM32CubeIDE/plugins/com.st.stm32cube.ide.mcu.externaltools.gnu-tools-for-stm32.11.3.rel1.win32_1.1.100.202309141235/tools/bin/../lib/gcc/arm-none-eabi/11.3.1/thumb/v7-m/nofp/crtbegin.o
 .ARM.attributes
                0x000000000000004a       0x2d ./Drivers/HAL/LCD/src/LCD_program.o
 .ARM.attributes
                0x0000000000000077       0x2d ./Drivers/MCAL/GPIO/src/GPIO_program.o
 .ARM.attributes
                0x00000000000000a4       0x2d ./Drivers/MCAL/NVIC/src/NVIC_program.o
 .ARM.attributes
                0x00000000000000d1       0x2d ./Drivers/MCAL/RCC/src/RCC_program.o
 .ARM.attributes
                0x00000000000000fe       0x2d ./Drivers/MCAL/SysTick/src/SysTick_program.o
 .ARM.attributes
                0x000000000000012b       0x2d ./Src/main.o
 .ARM.attributes
                0x0000000000000158       0x2d ./Src/syscalls.o
 .ARM.attributes
                0x0000000000000185       0x2d ./Src/sysmem.o
 .ARM.attributes
                0x00000000000001b2       0x21 ./Startup/startup_stm32f103c8tx.o
 .ARM.attributes
                0x00000000000001d3       0x2d C:/ST/STM32CubeIDE_1.12.1/STM32CubeIDE/plugins/com.st.stm32cube.ide.mcu.externaltools.gnu-tools-for-stm32.11.3.rel1.win32_1.1.100.202309141235/tools/bin/../lib/gcc/arm-none-eabi/11.3.1/../../../../arm-none-eabi/lib/thumb/v7-m/nofp\libc_nano.a(libc_a-findfp.o)
 .ARM.attributes
                0x0000000000000200       0x2d C:/ST/STM32CubeIDE_1.12.1/STM32CubeIDE/plugins/com.st.stm32cube.ide.mcu.externaltools.gnu-tools-for-stm32.11.3.rel1.win32_1.1.100.202309141235/tools/bin/../lib/gcc/arm-none-eabi/11.3.1/../../../../arm-none-eabi/lib/thumb/v7-m/nofp\libc_nano.a(libc_a-fwalk.o)
 .ARM.attributes
                0x000000000000022d       0x2d C:/ST/STM32CubeIDE_1.12.1/STM32CubeIDE/plugins/com.st.stm32cube.ide.mcu.externaltools.gnu-tools-for-stm32.11.3.rel1.win32_1.1.100.202309141235/tools/bin/../lib/gcc/arm-none-eabi/11.3.1/../../../../arm-none-eabi/lib/thumb/v7-m/nofp\libc_nano.a(libc_a-printf.o)
 .ARM.attributes
                0x000000000000025a       0x2d C:/ST/STM32CubeIDE_1.12.1/STM32CubeIDE/plugins/com.st.stm32cube.ide.mcu.externaltools.gnu-tools-for-stm32.11.3.rel1.win32_1.1.100.202309141235/tools/bin/../lib/gcc/arm-none-eabi/11.3.1/../../../../arm-none-eabi/lib/thumb/v7-m/nofp\libc_nano.a(libc_a-stdio.o)
 .ARM.attributes
                0x0000000000000287       0x2d C:/ST/STM32CubeIDE_1.12.1/STM32CubeIDE/plugins/com.st.stm32cube.ide.mcu.externaltools.gnu-tools-for-stm32.11.3.rel1.win32_1.1.100.202309141235/tools/bin/../lib/gcc/arm-none-eabi/11.3.1/../../../../arm-none-eabi/lib/thumb/v7-m/nofp\libc_nano.a(libc_a-memset.o)
 .ARM.attributes
                0x00000000000002b4       0x2d C:/ST/STM32CubeIDE_1.12.1/STM32CubeIDE/plugins/com.st.stm32cube.ide.mcu.externaltools.gnu-tools-for-stm32.11.3.rel1.win32_1.1.100.202309141235/tools/bin/../lib/gcc/arm-none-eabi/11.3.1/../../../../arm-none-eabi/lib/thumb/v7-m/nofp\libc_nano.a(libc_a-closer.o)
 .ARM.attributes
                0x00000000000002e1       0x2d C:/ST/STM32CubeIDE_1.12.1/STM32CubeIDE/plugins/com.st.stm32cube.ide.mcu.externaltools.gnu-tools-for-stm32.11.3.rel1.win32_1.1.100.202309141235/tools/bin/../lib/gcc/arm-none-eabi/11.3.1/../../../../arm-none-eabi/lib/thumb/v7-m/nofp\libc_nano.a(libc_a-reent.o)
 .ARM.attributes
                0x000000000000030e       0x2d C:/ST/STM32CubeIDE_1.12.1/STM32CubeIDE/plugins/com.st.stm32cube.ide.mcu.externaltools.gnu-tools-for-stm32.11.3.rel1.win32_1.1.100.202309141235/tools/bin/../lib/gcc/arm-none-eabi/11.3.1/../../../../arm-none-eabi/lib/thumb/v7-m/nofp\libc_nano.a(libc_a-impure.o)
 .ARM.attributes
                0x000000000000033b       0x2d C:/ST/STM32CubeIDE_1.12.1/STM32CubeIDE/plugins/com.st.stm32cube.ide.mcu.externaltools.gnu-tools-for-stm32.11.3.rel1.win32_1.1.100.202309141235/tools/bin/../lib/gcc/arm-none-eabi/11.3.1/../../../../arm-none-eabi/lib/thumb/v7-m/nofp\libc_nano.a(libc_a-lseekr.o)
 .ARM.attributes
                0x0000000000000368       0x2d C:/ST/STM32CubeIDE_1.12.1/STM32CubeIDE/plugins/com.st.stm32cube.ide.mcu.externaltools.gnu-tools-for-stm32.11.3.rel1.win32_1.1.100.202309141235/tools/bin/../lib/gcc/arm-none-eabi/11.3.1/../../../../arm-none-eabi/lib/thumb/v7-m/nofp\libc_nano.a(libc_a-readr.o)
 .ARM.attributes
                0x0000000000000395       0x2d C:/ST/STM32CubeIDE_1.12.1/STM32CubeIDE/plugins/com.st.stm32cube.ide.mcu.externaltools.gnu-tools-for-stm32.11.3.rel1.win32_1.1.100.202309141235/tools/bin/../lib/gcc/arm-none-eabi/11.3.1/../../../../arm-none-eabi/lib/thumb/v7-m/nofp\libc_nano.a(libc_a-writer.o)
 .ARM.attributes
                0x00000000000003c2       0x2d C:/ST/STM32CubeIDE_1.12.1/STM32CubeIDE/plugins/com.st.stm32cube.ide.mcu.externaltools.gnu-tools-for-stm32.11.3.rel1.win32_1.1.100.202309141235/tools/bin/../lib/gcc/arm-none-eabi/11.3.1/../../../../arm-none-eabi/lib/thumb/v7-m/nofp\libc_nano.a(libc_a-errno.o)
 .ARM.attributes
                0x00000000000003ef       0x2d C:/ST/STM32CubeIDE_1.12.1/STM32CubeIDE/plugins/com.st.stm32cube.ide.mcu.externaltools.gnu-tools-for-stm32.11.3.rel1.win32_1.1.100.202309141235/tools/bin/../lib/gcc/arm-none-eabi/11.3.1/../../../../arm-none-eabi/lib/thumb/v7-m/nofp\libc_nano.a(libc_a-init.o)
 .ARM.attributes
                0x000000000000041c       0x2d C:/ST/STM32CubeIDE_1.12.1/STM32CubeIDE/plugins/com.st.stm32cube.ide.mcu.externaltools.gnu-tools-for-stm32.11.3.rel1.win32_1.1.100.202309141235/tools/bin/../lib/gcc/arm-none-eabi/11.3.1/../../../../arm-none-eabi/lib/thumb/v7-m/nofp\libc_nano.a(libc_a-lock.o)
 .ARM.attributes
                0x0000000000000449       0x2d C:/ST/STM32CubeIDE_1.12.1/STM32CubeIDE/plugins/com.st.stm32cube.ide.mcu.externaltools.gnu-tools-for-stm32.11.3.rel1.win32_1.1.100.202309141235/tools/bin/../lib/gcc/arm-none-eabi/11.3.1/../../../../arm-none-eabi/lib/thumb/v7-m/nofp\libc_nano.a(libc_a-freer.o)
 .ARM.attributes
                0x0000000000000476       0x2d C:/ST/STM32CubeIDE_1.12.1/STM32CubeIDE/plugins/com.st.stm32cube.ide.mcu.externaltools.gnu-tools-for-stm32.11.3.rel1.win32_1.1.100.202309141235/tools/bin/../lib/gcc/arm-none-eabi/11.3.1/../../../../arm-none-eabi/lib/thumb/v7-m/nofp\libc_nano.a(libc_a-mallocr.o)
 .ARM.attributes
                0x00000000000004a3       0x2d C:/ST/STM32CubeIDE_1.12.1/STM32CubeIDE/plugins/com.st.stm32cube.ide.mcu.externaltools.gnu-tools-for-stm32.11.3.rel1.win32_1.1.100.202309141235/tools/bin/../lib/gcc/arm-none-eabi/11.3.1/../../../../arm-none-eabi/lib/thumb/v7-m/nofp\libc_nano.a(libc_a-mlock.o)
 .ARM.attributes
                0x00000000000004d0       0x2d C:/ST/STM32CubeIDE_1.12.1/STM32CubeIDE/plugins/com.st.stm32cube.ide.mcu.externaltools.gnu-tools-for-stm32.11.3.rel1.win32_1.1.100.202309141235/tools/bin/../lib/gcc/arm-none-eabi/11.3.1/../../../../arm-none-eabi/lib/thumb/v7-m/nofp\libc_nano.a(libc_a-nano-vfprintf.o)
 .ARM.attributes
                0x00000000000004fd       0x2d C:/ST/STM32CubeIDE_1.12.1/STM32CubeIDE/plugins/com.st.stm32cube.ide.mcu.externaltools.gnu-tools-for-stm32.11.3.rel1.win32_1.1.100.202309141235/tools/bin/../lib/gcc/arm-none-eabi/11.3.1/../../../../arm-none-eabi/lib/thumb/v7-m/nofp\libc_nano.a(libc_a-nano-vfprintf_i.o)
 .ARM.attributes
                0x000000000000052a       0x2d C:/ST/STM32CubeIDE_1.12.1/STM32CubeIDE/plugins/com.st.stm32cube.ide.mcu.externaltools.gnu-tools-for-stm32.11.3.rel1.win32_1.1.100.202309141235/tools/bin/../lib/gcc/arm-none-eabi/11.3.1/../../../../arm-none-eabi/lib/thumb/v7-m/nofp\libc_nano.a(libc_a-fflush.o)
 .ARM.attributes
                0x0000000000000557       0x2d C:/ST/STM32CubeIDE_1.12.1/STM32CubeIDE/plugins/com.st.stm32cube.ide.mcu.externaltools.gnu-tools-for-stm32.11.3.rel1.win32_1.1.100.202309141235/tools/bin/../lib/gcc/arm-none-eabi/11.3.1/../../../../arm-none-eabi/lib/thumb/v7-m/nofp\libc_nano.a(libc_a-wbuf.o)
 .ARM.attributes
                0x0000000000000584       0x2d C:/ST/STM32CubeIDE_1.12.1/STM32CubeIDE/plugins/com.st.stm32cube.ide.mcu.externaltools.gnu-tools-for-stm32.11.3.rel1.win32_1.1.100.202309141235/tools/bin/../lib/gcc/arm-none-eabi/11.3.1/../../../../arm-none-eabi/lib/thumb/v7-m/nofp\libc_nano.a(libc_a-wsetup.o)
 .ARM.attributes
                0x00000000000005b1       0x2d C:/ST/STM32CubeIDE_1.12.1/STM32CubeIDE/plugins/com.st.stm32cube.ide.mcu.externaltools.gnu-tools-for-stm32.11.3.rel1.win32_1.1.100.202309141235/tools/bin/../lib/gcc/arm-none-eabi/11.3.1/../../../../arm-none-eabi/lib/thumb/v7-m/nofp\libc_nano.a(libc_a-sbrkr.o)
 .ARM.attributes
                0x00000000000005de       0x2d C:/ST/STM32CubeIDE_1.12.1/STM32CubeIDE/plugins/com.st.stm32cube.ide.mcu.externaltools.gnu-tools-for-stm32.11.3.rel1.win32_1.1.100.202309141235/tools/bin/../lib/gcc/arm-none-eabi/11.3.1/../../../../arm-none-eabi/lib/thumb/v7-m/nofp\libc_nano.a(libc_a-memchr-stub.o)
 .ARM.attributes
                0x000000000000060b       0x2d C:/ST/STM32CubeIDE_1.12.1/STM32CubeIDE/plugins/com.st.stm32cube.ide.mcu.externaltools.gnu-tools-for-stm32.11.3.rel1.win32_1.1.100.202309141235/tools/bin/../lib/gcc/arm-none-eabi/11.3.1/../../../../arm-none-eabi/lib/thumb/v7-m/nofp\libc_nano.a(libc_a-makebuf.o)
 .ARM.attributes
                0x0000000000000638       0x2d C:/ST/STM32CubeIDE_1.12.1/STM32CubeIDE/plugins/com.st.stm32cube.ide.mcu.externaltools.gnu-tools-for-stm32.11.3.rel1.win32_1.1.100.202309141235/tools/bin/../lib/gcc/arm-none-eabi/11.3.1/../../../../arm-none-eabi/lib/thumb/v7-m/nofp\libc_nano.a(libc_a-fstatr.o)
 .ARM.attributes
                0x0000000000000665       0x2d C:/ST/STM32CubeIDE_1.12.1/STM32CubeIDE/plugins/com.st.stm32cube.ide.mcu.externaltools.gnu-tools-for-stm32.11.3.rel1.win32_1.1.100.202309141235/tools/bin/../lib/gcc/arm-none-eabi/11.3.1/../../../../arm-none-eabi/lib/thumb/v7-m/nofp\libc_nano.a(libc_a-isattyr.o)
 .ARM.attributes
                0x0000000000000692       0x1d C:/ST/STM32CubeIDE_1.12.1/STM32CubeIDE/plugins/com.st.stm32cube.ide.mcu.externaltools.gnu-tools-for-stm32.11.3.rel1.win32_1.1.100.202309141235/tools/bin/../lib/gcc/arm-none-eabi/11.3.1/thumb/v7-m/nofp/crtn.o
OUTPUT(PandaKit.elf elf32-littlearm)
LOAD linker stubs
LOAD C:/ST/STM32CubeIDE_1.12.1/STM32CubeIDE/plugins/com.st.stm32cube.ide.mcu.externaltools.gnu-tools-for-stm32.11.3.rel1.win32_1.1.100.202309141235/tools/bin/../lib/gcc/arm-none-eabi/11.3.1/../../../../arm-none-eabi/lib/thumb/v7-m/nofp\libc.a
LOAD C:/ST/STM32CubeIDE_1.12.1/STM32CubeIDE/plugins/com.st.stm32cube.ide.mcu.externaltools.gnu-tools-for-stm32.11.3.rel1.win32_1.1.100.202309141235/tools/bin/../lib/gcc/arm-none-eabi/11.3.1/../../../../arm-none-eabi/lib/thumb/v7-m/nofp\libm.a
LOAD C:/ST/STM32CubeIDE_1.12.1/STM32CubeIDE/plugins/com.st.stm32cube.ide.mcu.externaltools.gnu-tools-for-stm32.11.3.rel1.win32_1.1.100.202309141235/tools/bin/../lib/gcc/arm-none-eabi/11.3.1/thumb/v7-m/nofp\libgcc.a

.comment        0x0000000000000000       0x43
 .comment       0x0000000000000000       0x43 C:/ST/STM32CubeIDE_1.12.1/STM32CubeIDE/plugins/com.st.stm32cube.ide.mcu.externaltools.gnu-tools-for-stm32.11.3.rel1.win32_1.1.100.202309141235/tools/bin/../lib/gcc/arm-none-eabi/11.3.1/thumb/v7-m/nofp/crtbegin.o
                                         0x44 (size before relaxing)
 .comment       0x0000000000000043       0x44 ./Drivers/HAL/LCD/src/LCD_program.o
 .comment       0x0000000000000043       0x44 ./Drivers/MCAL/GPIO/src/GPIO_program.o
 .comment       0x0000000000000043       0x44 ./Drivers/MCAL/NVIC/src/NVIC_program.o
 .comment       0x0000000000000043       0x44 ./Drivers/MCAL/RCC/src/RCC_program.o
 .comment       0x0000000000000043       0x44 ./Drivers/MCAL/SysTick/src/SysTick_program.o
 .comment       0x0000000000000043       0x44 ./Src/main.o
 .comment       0x0000000000000043       0x44 ./Src/syscalls.o
 .comment       0x0000000000000043       0x44 ./Src/sysmem.o

.debug_info     0x0000000000000000     0x209c
 .debug_info    0x0000000000000000      0x4d3 ./Drivers/HAL/LCD/src/LCD_program.o
 .debug_info    0x00000000000004d3      0x3c8 ./Drivers/MCAL/GPIO/src/GPIO_program.o
 .debug_info    0x000000000000089b      0x41b ./Drivers/MCAL/NVIC/src/NVIC_program.o
 .debug_info    0x0000000000000cb6      0x3a8 ./Drivers/MCAL/RCC/src/RCC_program.o
 .debug_info    0x000000000000105e      0x26e ./Drivers/MCAL/SysTick/src/SysTick_program.o
 .debug_info    0x00000000000012cc      0x5a2 ./Src/main.o
 .debug_info    0x000000000000186e      0x6a3 ./Src/syscalls.o
 .debug_info    0x0000000000001f11      0x168 ./Src/sysmem.o
 .debug_info    0x0000000000002079       0x23 ./Startup/startup_stm32f103c8tx.o

.debug_abbrev   0x0000000000000000      0xa44
 .debug_abbrev  0x0000000000000000      0x1a2 ./Drivers/HAL/LCD/src/LCD_program.o
 .debug_abbrev  0x00000000000001a2      0x116 ./Drivers/MCAL/GPIO/src/GPIO_program.o
 .debug_abbrev  0x00000000000002b8      0x136 ./Drivers/MCAL/NVIC/src/NVIC_program.o
 .debug_abbrev  0x00000000000003ee      0x123 ./Drivers/MCAL/RCC/src/RCC_program.o
 .debug_abbrev  0x0000000000000511      0x128 ./Drivers/MCAL/SysTick/src/SysTick_program.o
 .debug_abbrev  0x0000000000000639      0x187 ./Src/main.o
 .debug_abbrev  0x00000000000007c0      0x1b6 ./Src/syscalls.o
 .debug_abbrev  0x0000000000000976       0xbc ./Src/sysmem.o
 .debug_abbrev  0x0000000000000a32       0x12 ./Startup/startup_stm32f103c8tx.o

.debug_aranges  0x0000000000000000      0x2a8
 .debug_aranges
                0x0000000000000000       0x88 ./Drivers/HAL/LCD/src/LCD_program.o
 .debug_aranges
                0x0000000000000088       0x38 ./Drivers/MCAL/GPIO/src/GPIO_program.o
 .debug_aranges
                0x00000000000000c0       0x50 ./Drivers/MCAL/NVIC/src/NVIC_program.o
 .debug_aranges
                0x0000000000000110       0x30 ./Drivers/MCAL/RCC/src/RCC_program.o
 .debug_aranges
                0x0000000000000140       0x40 ./Drivers/MCAL/SysTick/src/SysTick_program.o
 .debug_aranges
                0x0000000000000180       0x38 ./Src/main.o
 .debug_aranges
                0x00000000000001b8       0xa8 ./Src/syscalls.o
 .debug_aranges
                0x0000000000000260       0x20 ./Src/sysmem.o
 .debug_aranges
                0x0000000000000280       0x28 ./Startup/startup_stm32f103c8tx.o

.debug_rnglists
                0x0000000000000000      0x1f5
 .debug_rnglists
                0x0000000000000000       0x65 ./Drivers/HAL/LCD/src/LCD_program.o
 .debug_rnglists
                0x0000000000000065       0x3c ./Drivers/MCAL/GPIO/src/GPIO_program.o
 .debug_rnglists
                0x00000000000000a1       0x38 ./Drivers/MCAL/NVIC/src/NVIC_program.o
 .debug_rnglists
                0x00000000000000d9       0x22 ./Drivers/MCAL/RCC/src/RCC_program.o
 .debug_rnglists
                0x00000000000000fb       0x2f ./Drivers/MCAL/SysTick/src/SysTick_program.o
 .debug_rnglists
                0x000000000000012a       0x26 ./Src/main.o
 .debug_rnglists
                0x0000000000000150       0x79 ./Src/syscalls.o
 .debug_rnglists
                0x00000000000001c9       0x13 ./Src/sysmem.o
 .debug_rnglists
                0x00000000000001dc       0x19 ./Startup/startup_stm32f103c8tx.o

.debug_macro    0x0000000000000000     0x3164
 .debug_macro   0x0000000000000000       0xaf ./Drivers/HAL/LCD/src/LCD_program.o
 .debug_macro   0x00000000000000af      0xaa2 ./Drivers/HAL/LCD/src/LCD_program.o
 .debug_macro   0x0000000000000b51       0x22 ./Drivers/HAL/LCD/src/LCD_program.o
 .debug_macro   0x0000000000000b73       0x8e ./Drivers/HAL/LCD/src/LCD_program.o
 .debug_macro   0x0000000000000c01       0x51 ./Drivers/HAL/LCD/src/LCD_program.o
 .debug_macro   0x0000000000000c52      0x103 ./Drivers/HAL/LCD/src/LCD_program.o
 .debug_macro   0x0000000000000d55       0x6a ./Drivers/HAL/LCD/src/LCD_program.o
 .debug_macro   0x0000000000000dbf      0x1df ./Drivers/HAL/LCD/src/LCD_program.o
 .debug_macro   0x0000000000000f9e       0x28 ./Drivers/HAL/LCD/src/LCD_program.o
 .debug_macro   0x0000000000000fc6       0x10 ./Drivers/HAL/LCD/src/LCD_program.o
 .debug_macro   0x0000000000000fd6       0x7d ./Drivers/HAL/LCD/src/LCD_program.o
 .debug_macro   0x0000000000001053       0x6a ./Drivers/HAL/LCD/src/LCD_program.o
 .debug_macro   0x00000000000010bd       0x92 ./Drivers/MCAL/GPIO/src/GPIO_program.o
 .debug_macro   0x000000000000114f       0x97 ./Drivers/MCAL/NVIC/src/NVIC_program.o
 .debug_macro   0x00000000000011e6       0x22 ./Drivers/MCAL/NVIC/src/NVIC_program.o
 .debug_macro   0x0000000000001208       0x22 ./Drivers/MCAL/NVIC/src/NVIC_program.o
 .debug_macro   0x000000000000122a       0x91 ./Drivers/MCAL/RCC/src/RCC_program.o
 .debug_macro   0x00000000000012bb      0x108 ./Drivers/MCAL/RCC/src/RCC_program.o
 .debug_macro   0x00000000000013c3       0x4c ./Drivers/MCAL/RCC/src/RCC_program.o
 .debug_macro   0x000000000000140f       0x91 ./Drivers/MCAL/SysTick/src/SysTick_program.o
 .debug_macro   0x00000000000014a0       0x1c ./Drivers/MCAL/SysTick/src/SysTick_program.o
 .debug_macro   0x00000000000014bc       0x16 ./Drivers/MCAL/SysTick/src/SysTick_program.o
 .debug_macro   0x00000000000014d2      0x1e0 ./Src/main.o
 .debug_macro   0x00000000000016b2       0x61 ./Src/main.o
 .debug_macro   0x0000000000001713       0x24 ./Src/main.o
 .debug_macro   0x0000000000001737       0x43 ./Src/main.o
 .debug_macro   0x000000000000177a       0x34 ./Src/main.o
 .debug_macro   0x00000000000017ae      0x174 ./Src/main.o
 .debug_macro   0x0000000000001922       0x16 ./Src/main.o
 .debug_macro   0x0000000000001938       0x43 ./Src/main.o
 .debug_macro   0x000000000000197b       0x34 ./Src/main.o
 .debug_macro   0x00000000000019af       0x10 ./Src/main.o
 .debug_macro   0x00000000000019bf       0x58 ./Src/main.o
 .debug_macro   0x0000000000001a17       0x8e ./Src/main.o
 .debug_macro   0x0000000000001aa5       0x1c ./Src/main.o
 .debug_macro   0x0000000000001ac1      0x177 ./Src/main.o
 .debug_macro   0x0000000000001c38      0x369 ./Src/main.o
 .debug_macro   0x0000000000001fa1       0x10 ./Src/main.o
 .debug_macro   0x0000000000001fb1       0x35 ./Src/main.o
 .debug_macro   0x0000000000001fe6       0x20 ./Src/main.o
 .debug_macro   0x0000000000002006      0x274 ./Src/syscalls.o
 .debug_macro   0x000000000000227a       0x5b ./Src/syscalls.o
 .debug_macro   0x00000000000022d5       0x94 ./Src/syscalls.o
 .debug_macro   0x0000000000002369       0x57 ./Src/syscalls.o
 .debug_macro   0x00000000000023c0       0x10 ./Src/syscalls.o
 .debug_macro   0x00000000000023d0       0x10 ./Src/syscalls.o
 .debug_macro   0x00000000000023e0       0x10 ./Src/syscalls.o
 .debug_macro   0x00000000000023f0       0x10 ./Src/syscalls.o
 .debug_macro   0x0000000000002400       0x1c ./Src/syscalls.o
 .debug_macro   0x000000000000241c       0x52 ./Src/syscalls.o
 .debug_macro   0x000000000000246e       0x22 ./Src/syscalls.o
 .debug_macro   0x0000000000002490       0x10 ./Src/syscalls.o
 .debug_macro   0x00000000000024a0       0x52 ./Src/syscalls.o
 .debug_macro   0x00000000000024f2       0xcf ./Src/syscalls.o
 .debug_macro   0x00000000000025c1       0x1c ./Src/syscalls.o
 .debug_macro   0x00000000000025dd       0x3d ./Src/syscalls.o
 .debug_macro   0x000000000000261a       0x35 ./Src/syscalls.o
 .debug_macro   0x000000000000264f      0x12c ./Src/syscalls.o
 .debug_macro   0x000000000000277b       0x16 ./Src/syscalls.o
 .debug_macro   0x0000000000002791       0x16 ./Src/syscalls.o
 .debug_macro   0x00000000000027a7       0x29 ./Src/syscalls.o
 .debug_macro   0x00000000000027d0       0x10 ./Src/syscalls.o
 .debug_macro   0x00000000000027e0      0x242 ./Src/syscalls.o
 .debug_macro   0x0000000000002a22       0x1c ./Src/syscalls.o
 .debug_macro   0x0000000000002a3e       0x10 ./Src/syscalls.o
 .debug_macro   0x0000000000002a4e       0x10 ./Src/syscalls.o
 .debug_macro   0x0000000000002a5e       0x16 ./Src/syscalls.o
 .debug_macro   0x0000000000002a74      0x147 ./Src/syscalls.o
 .debug_macro   0x0000000000002bbb      0x18a ./Src/syscalls.o
 .debug_macro   0x0000000000002d45       0x16 ./Src/syscalls.o
 .debug_macro   0x0000000000002d5b       0xce ./Src/syscalls.o
 .debug_macro   0x0000000000002e29       0xff ./Src/sysmem.o
 .debug_macro   0x0000000000002f28      0x23c ./Src/sysmem.o

.debug_line     0x0000000000000000     0x36c6
 .debug_line    0x0000000000000000      0x7e9 ./Drivers/HAL/LCD/src/LCD_program.o
 .debug_line    0x00000000000007e9      0x5ac ./Drivers/MCAL/GPIO/src/GPIO_program.o
 .debug_line    0x0000000000000d95      0x5f5 ./Drivers/MCAL/NVIC/src/NVIC_program.o
 .debug_line    0x000000000000138a      0x54f ./Drivers/MCAL/RCC/src/RCC_program.o
 .debug_line    0x00000000000018d9      0x6d7 ./Drivers/MCAL/SysTick/src/SysTick_program.o
 .debug_line    0x0000000000001fb0      0x870 ./Src/main.o
 .debug_line    0x0000000000002820      0x8ad ./Src/syscalls.o
 .debug_line    0x00000000000030cd      0x57e ./Src/sysmem.o
 .debug_line    0x000000000000364b       0x7b ./Startup/startup_stm32f103c8tx.o

.debug_str      0x0000000000000000     0xadeb
 .debug_str     0x0000000000000000     0x42e0 ./Drivers/HAL/LCD/src/LCD_program.o
                                       0x44c0 (size before relaxing)
 .debug_str     0x00000000000042e0      0x130 ./Drivers/MCAL/GPIO/src/GPIO_program.o
                                       0x4358 (size before relaxing)
 .debug_str     0x0000000000004410      0x5e0 ./Drivers/MCAL/NVIC/src/NVIC_program.o
                                       0x4411 (size before relaxing)
 .debug_str     0x00000000000049f0      0x4cb ./Drivers/MCAL/RCC/src/RCC_program.o
                                       0x4333 (size before relaxing)
 .debug_str     0x0000000000004ebb      0x1a7 ./Drivers/MCAL/SysTick/src/SysTick_program.o
                                       0x3fe4 (size before relaxing)
 .debug_str     0x0000000000005062     0x35bf ./Src/main.o
                                       0x83b5 (size before relaxing)
 .debug_str     0x0000000000008621     0x2735 ./Src/syscalls.o
                                       0x9837 (size before relaxing)
 .debug_str     0x000000000000ad56       0x66 ./Src/sysmem.o
                                       0x5fee (size before relaxing)
 .debug_str     0x000000000000adbc       0x2f ./Startup/startup_stm32f103c8tx.o
                                         0x55 (size before relaxing)

.debug_frame    0x0000000000000000     0x1088
 .debug_frame   0x0000000000000000      0x1f4 ./Drivers/HAL/LCD/src/LCD_program.o
 .debug_frame   0x00000000000001f4       0xb0 ./Drivers/MCAL/GPIO/src/GPIO_program.o
 .debug_frame   0x00000000000002a4      0x128 ./Drivers/MCAL/NVIC/src/NVIC_program.o
 .debug_frame   0x00000000000003cc       0x88 ./Drivers/MCAL/RCC/src/RCC_program.o
 .debug_frame   0x0000000000000454       0xc4 ./Drivers/MCAL/SysTick/src/SysTick_program.o
 .debug_frame   0x0000000000000518       0x94 ./Src/main.o
 .debug_frame   0x00000000000005ac      0x2ac ./Src/syscalls.o
 .debug_frame   0x0000000000000858       0x34 ./Src/sysmem.o
 .debug_frame   0x000000000000088c      0x144 C:/ST/STM32CubeIDE_1.12.1/STM32CubeIDE/plugins/com.st.stm32cube.ide.mcu.externaltools.gnu-tools-for-stm32.11.3.rel1.win32_1.1.100.202309141235/tools/bin/../lib/gcc/arm-none-eabi/11.3.1/../../../../arm-none-eabi/lib/thumb/v7-m/nofp\libc_nano.a(libc_a-findfp.o)
 .debug_frame   0x00000000000009d0       0x34 C:/ST/STM32CubeIDE_1.12.1/STM32CubeIDE/plugins/com.st.stm32cube.ide.mcu.externaltools.gnu-tools-for-stm32.11.3.rel1.win32_1.1.100.202309141235/tools/bin/../lib/gcc/arm-none-eabi/11.3.1/../../../../arm-none-eabi/lib/thumb/v7-m/nofp\libc_nano.a(libc_a-fwalk.o)
 .debug_frame   0x0000000000000a04       0x6c C:/ST/STM32CubeIDE_1.12.1/STM32CubeIDE/plugins/com.st.stm32cube.ide.mcu.externaltools.gnu-tools-for-stm32.11.3.rel1.win32_1.1.100.202309141235/tools/bin/../lib/gcc/arm-none-eabi/11.3.1/../../../../arm-none-eabi/lib/thumb/v7-m/nofp\libc_nano.a(libc_a-printf.o)
 .debug_frame   0x0000000000000a70       0x88 C:/ST/STM32CubeIDE_1.12.1/STM32CubeIDE/plugins/com.st.stm32cube.ide.mcu.externaltools.gnu-tools-for-stm32.11.3.rel1.win32_1.1.100.202309141235/tools/bin/../lib/gcc/arm-none-eabi/11.3.1/../../../../arm-none-eabi/lib/thumb/v7-m/nofp\libc_nano.a(libc_a-stdio.o)
 .debug_frame   0x0000000000000af8       0x20 C:/ST/STM32CubeIDE_1.12.1/STM32CubeIDE/plugins/com.st.stm32cube.ide.mcu.externaltools.gnu-tools-for-stm32.11.3.rel1.win32_1.1.100.202309141235/tools/bin/../lib/gcc/arm-none-eabi/11.3.1/../../../../arm-none-eabi/lib/thumb/v7-m/nofp\libc_nano.a(libc_a-memset.o)
 .debug_frame   0x0000000000000b18       0x2c C:/ST/STM32CubeIDE_1.12.1/STM32CubeIDE/plugins/com.st.stm32cube.ide.mcu.externaltools.gnu-tools-for-stm32.11.3.rel1.win32_1.1.100.202309141235/tools/bin/../lib/gcc/arm-none-eabi/11.3.1/../../../../arm-none-eabi/lib/thumb/v7-m/nofp\libc_nano.a(libc_a-closer.o)
 .debug_frame   0x0000000000000b44       0x38 C:/ST/STM32CubeIDE_1.12.1/STM32CubeIDE/plugins/com.st.stm32cube.ide.mcu.externaltools.gnu-tools-for-stm32.11.3.rel1.win32_1.1.100.202309141235/tools/bin/../lib/gcc/arm-none-eabi/11.3.1/../../../../arm-none-eabi/lib/thumb/v7-m/nofp\libc_nano.a(libc_a-reent.o)
 .debug_frame   0x0000000000000b7c       0x2c C:/ST/STM32CubeIDE_1.12.1/STM32CubeIDE/plugins/com.st.stm32cube.ide.mcu.externaltools.gnu-tools-for-stm32.11.3.rel1.win32_1.1.100.202309141235/tools/bin/../lib/gcc/arm-none-eabi/11.3.1/../../../../arm-none-eabi/lib/thumb/v7-m/nofp\libc_nano.a(libc_a-lseekr.o)
 .debug_frame   0x0000000000000ba8       0x2c C:/ST/STM32CubeIDE_1.12.1/STM32CubeIDE/plugins/com.st.stm32cube.ide.mcu.externaltools.gnu-tools-for-stm32.11.3.rel1.win32_1.1.100.202309141235/tools/bin/../lib/gcc/arm-none-eabi/11.3.1/../../../../arm-none-eabi/lib/thumb/v7-m/nofp\libc_nano.a(libc_a-readr.o)
 .debug_frame   0x0000000000000bd4       0x2c C:/ST/STM32CubeIDE_1.12.1/STM32CubeIDE/plugins/com.st.stm32cube.ide.mcu.externaltools.gnu-tools-for-stm32.11.3.rel1.win32_1.1.100.202309141235/tools/bin/../lib/gcc/arm-none-eabi/11.3.1/../../../../arm-none-eabi/lib/thumb/v7-m/nofp\libc_nano.a(libc_a-writer.o)
 .debug_frame   0x0000000000000c00       0x20 C:/ST/STM32CubeIDE_1.12.1/STM32CubeIDE/plugins/com.st.stm32cube.ide.mcu.externaltools.gnu-tools-for-stm32.11.3.rel1.win32_1.1.100.202309141235/tools/bin/../lib/gcc/arm-none-eabi/11.3.1/../../../../arm-none-eabi/lib/thumb/v7-m/nofp\libc_nano.a(libc_a-errno.o)
 .debug_frame   0x0000000000000c20       0x2c C:/ST/STM32CubeIDE_1.12.1/STM32CubeIDE/plugins/com.st.stm32cube.ide.mcu.externaltools.gnu-tools-for-stm32.11.3.rel1.win32_1.1.100.202309141235/tools/bin/../lib/gcc/arm-none-eabi/11.3.1/../../../../arm-none-eabi/lib/thumb/v7-m/nofp\libc_nano.a(libc_a-init.o)
 .debug_frame   0x0000000000000c4c       0xb0 C:/ST/STM32CubeIDE_1.12.1/STM32CubeIDE/plugins/com.st.stm32cube.ide.mcu.externaltools.gnu-tools-for-stm32.11.3.rel1.win32_1.1.100.202309141235/tools/bin/../lib/gcc/arm-none-eabi/11.3.1/../../../../arm-none-eabi/lib/thumb/v7-m/nofp\libc_nano.a(libc_a-lock.o)
 .debug_frame   0x0000000000000cfc       0x38 C:/ST/STM32CubeIDE_1.12.1/STM32CubeIDE/plugins/com.st.stm32cube.ide.mcu.externaltools.gnu-tools-for-stm32.11.3.rel1.win32_1.1.100.202309141235/tools/bin/../lib/gcc/arm-none-eabi/11.3.1/../../../../arm-none-eabi/lib/thumb/v7-m/nofp\libc_nano.a(libc_a-freer.o)
 .debug_frame   0x0000000000000d34       0x50 C:/ST/STM32CubeIDE_1.12.1/STM32CubeIDE/plugins/com.st.stm32cube.ide.mcu.externaltools.gnu-tools-for-stm32.11.3.rel1.win32_1.1.100.202309141235/tools/bin/../lib/gcc/arm-none-eabi/11.3.1/../../../../arm-none-eabi/lib/thumb/v7-m/nofp\libc_nano.a(libc_a-mallocr.o)
 .debug_frame   0x0000000000000d84       0x30 C:/ST/STM32CubeIDE_1.12.1/STM32CubeIDE/plugins/com.st.stm32cube.ide.mcu.externaltools.gnu-tools-for-stm32.11.3.rel1.win32_1.1.100.202309141235/tools/bin/../lib/gcc/arm-none-eabi/11.3.1/../../../../arm-none-eabi/lib/thumb/v7-m/nofp\libc_nano.a(libc_a-mlock.o)
 .debug_frame   0x0000000000000db4       0xa8 C:/ST/STM32CubeIDE_1.12.1/STM32CubeIDE/plugins/com.st.stm32cube.ide.mcu.externaltools.gnu-tools-for-stm32.11.3.rel1.win32_1.1.100.202309141235/tools/bin/../lib/gcc/arm-none-eabi/11.3.1/../../../../arm-none-eabi/lib/thumb/v7-m/nofp\libc_nano.a(libc_a-nano-vfprintf.o)
 .debug_frame   0x0000000000000e5c       0x60 C:/ST/STM32CubeIDE_1.12.1/STM32CubeIDE/plugins/com.st.stm32cube.ide.mcu.externaltools.gnu-tools-for-stm32.11.3.rel1.win32_1.1.100.202309141235/tools/bin/../lib/gcc/arm-none-eabi/11.3.1/../../../../arm-none-eabi/lib/thumb/v7-m/nofp\libc_nano.a(libc_a-nano-vfprintf_i.o)
 .debug_frame   0x0000000000000ebc       0x5c C:/ST/STM32CubeIDE_1.12.1/STM32CubeIDE/plugins/com.st.stm32cube.ide.mcu.externaltools.gnu-tools-for-stm32.11.3.rel1.win32_1.1.100.202309141235/tools/bin/../lib/gcc/arm-none-eabi/11.3.1/../../../../arm-none-eabi/lib/thumb/v7-m/nofp\libc_nano.a(libc_a-fflush.o)
 .debug_frame   0x0000000000000f18       0x40 C:/ST/STM32CubeIDE_1.12.1/STM32CubeIDE/plugins/com.st.stm32cube.ide.mcu.externaltools.gnu-tools-for-stm32.11.3.rel1.win32_1.1.100.202309141235/tools/bin/../lib/gcc/arm-none-eabi/11.3.1/../../../../arm-none-eabi/lib/thumb/v7-m/nofp\libc_nano.a(libc_a-wbuf.o)
 .debug_frame   0x0000000000000f58       0x2c C:/ST/STM32CubeIDE_1.12.1/STM32CubeIDE/plugins/com.st.stm32cube.ide.mcu.externaltools.gnu-tools-for-stm32.11.3.rel1.win32_1.1.100.202309141235/tools/bin/../lib/gcc/arm-none-eabi/11.3.1/../../../../arm-none-eabi/lib/thumb/v7-m/nofp\libc_nano.a(libc_a-wsetup.o)
 .debug_frame   0x0000000000000f84       0x2c C:/ST/STM32CubeIDE_1.12.1/STM32CubeIDE/plugins/com.st.stm32cube.ide.mcu.externaltools.gnu-tools-for-stm32.11.3.rel1.win32_1.1.100.202309141235/tools/bin/../lib/gcc/arm-none-eabi/11.3.1/../../../../arm-none-eabi/lib/thumb/v7-m/nofp\libc_nano.a(libc_a-sbrkr.o)
 .debug_frame   0x0000000000000fb0       0x28 C:/ST/STM32CubeIDE_1.12.1/STM32CubeIDE/plugins/com.st.stm32cube.ide.mcu.externaltools.gnu-tools-for-stm32.11.3.rel1.win32_1.1.100.202309141235/tools/bin/../lib/gcc/arm-none-eabi/11.3.1/../../../../arm-none-eabi/lib/thumb/v7-m/nofp\libc_nano.a(libc_a-memchr-stub.o)
 .debug_frame   0x0000000000000fd8       0x58 C:/ST/STM32CubeIDE_1.12.1/STM32CubeIDE/plugins/com.st.stm32cube.ide.mcu.externaltools.gnu-tools-for-stm32.11.3.rel1.win32_1.1.100.202309141235/tools/bin/../lib/gcc/arm-none-eabi/11.3.1/../../../../arm-none-eabi/lib/thumb/v7-m/nofp\libc_nano.a(libc_a-makebuf.o)
 .debug_frame   0x0000000000001030       0x2c C:/ST/STM32CubeIDE_1.12.1/STM32CubeIDE/plugins/com.st.stm32cube.ide.mcu.externaltools.gnu-tools-for-stm32.11.3.rel1.win32_1.1.100.202309141235/tools/bin/../lib/gcc/arm-none-eabi/11.3.1/../../../../arm-none-eabi/lib/thumb/v7-m/nofp\libc_nano.a(libc_a-fstatr.o)
 .debug_frame   0x000000000000105c       0x2c C:/ST/STM32CubeIDE_1.12.1/STM32CubeIDE/plugins/com.st.stm32cube.ide.mcu.externaltools.gnu-tools-for-stm32.11.3.rel1.win32_1.1.100.202309141235/tools/bin/../lib/gcc/arm-none-eabi/11.3.1/../../../../arm-none-eabi/lib/thumb/v7-m/nofp\libc_nano.a(libc_a-isattyr.o)

.debug_line_str
                0x0000000000000000       0x49
 .debug_line_str
                0x0000000000000000       0x49 ./Startup/startup_stm32f103c8tx.o
                                         0x61 (size before relaxing)
