Archive member included to satisfy reference by file (symbol)

C:/ST/STM32CubeIDE_1.12.1/STM32CubeIDE/plugins/com.st.stm32cube.ide.mcu.externaltools.gnu-tools-for-stm32.11.3.rel1.win32_1.1.100.202309141235/tools/bin/../lib/gcc/arm-none-eabi/11.3.1/../../../../arm-none-eabi/lib/thumb/v7-m/nofp\libc_nano.a(libc_a-exit.o)
                              C:/ST/STM32CubeIDE_1.12.1/STM32CubeIDE/plugins/com.st.stm32cube.ide.mcu.externaltools.gnu-tools-for-stm32.11.3.rel1.win32_1.1.100.202309141235/tools/bin/../lib/gcc/arm-none-eabi/11.3.1/../../../../arm-none-eabi/lib/thumb/v7-m/nofp/crt0.o (exit)
C:/ST/STM32CubeIDE_1.12.1/STM32CubeIDE/plugins/com.st.stm32cube.ide.mcu.externaltools.gnu-tools-for-stm32.11.3.rel1.win32_1.1.100.202309141235/tools/bin/../lib/gcc/arm-none-eabi/11.3.1/../../../../arm-none-eabi/lib/thumb/v7-m/nofp\libc_nano.a(libc_a-findfp.o)
                              C:/ST/STM32CubeIDE_1.12.1/STM32CubeIDE/plugins/com.st.stm32cube.ide.mcu.externaltools.gnu-tools-for-stm32.11.3.rel1.win32_1.1.100.202309141235/tools/bin/../lib/gcc/arm-none-eabi/11.3.1/../../../../arm-none-eabi/lib/thumb/v7-m/nofp\libc_nano.a(libc_a-exit.o) (__stdio_exit_handler)
C:/ST/STM32CubeIDE_1.12.1/STM32CubeIDE/plugins/com.st.stm32cube.ide.mcu.externaltools.gnu-tools-for-stm32.11.3.rel1.win32_1.1.100.202309141235/tools/bin/../lib/gcc/arm-none-eabi/11.3.1/../../../../arm-none-eabi/lib/thumb/v7-m/nofp\libc_nano.a(libc_a-fwalk.o)
                              C:/ST/STM32CubeIDE_1.12.1/STM32CubeIDE/plugins/com.st.stm32cube.ide.mcu.externaltools.gnu-tools-for-stm32.11.3.rel1.win32_1.1.100.202309141235/tools/bin/../lib/gcc/arm-none-eabi/11.3.1/../../../../arm-none-eabi/lib/thumb/v7-m/nofp\libc_nano.a(libc_a-findfp.o) (_fwalk_sglue)
C:/ST/STM32CubeIDE_1.12.1/STM32CubeIDE/plugins/com.st.stm32cube.ide.mcu.externaltools.gnu-tools-for-stm32.11.3.rel1.win32_1.1.100.202309141235/tools/bin/../lib/gcc/arm-none-eabi/11.3.1/../../../../arm-none-eabi/lib/thumb/v7-m/nofp\libc_nano.a(libc_a-printf.o)
                              ./Src/main.o (printf)
C:/ST/STM32CubeIDE_1.12.1/STM32CubeIDE/plugins/com.st.stm32cube.ide.mcu.externaltools.gnu-tools-for-stm32.11.3.rel1.win32_1.1.100.202309141235/tools/bin/../lib/gcc/arm-none-eabi/11.3.1/../../../../arm-none-eabi/lib/thumb/v7-m/nofp\libc_nano.a(libc_a-stdio.o)
                              C:/ST/STM32CubeIDE_1.12.1/STM32CubeIDE/plugins/com.st.stm32cube.ide.mcu.externaltools.gnu-tools-for-stm32.11.3.rel1.win32_1.1.100.202309141235/tools/bin/../lib/gcc/arm-none-eabi/11.3.1/../../../../arm-none-eabi/lib/thumb/v7-m/nofp\libc_nano.a(libc_a-findfp.o) (__sread)
C:/ST/STM32CubeIDE_1.12.1/STM32CubeIDE/plugins/com.st.stm32cube.ide.mcu.externaltools.gnu-tools-for-stm32.11.3.rel1.win32_1.1.100.202309141235/tools/bin/../lib/gcc/arm-none-eabi/11.3.1/../../../../arm-none-eabi/lib/thumb/v7-m/nofp\libc_nano.a(libc_a-memset.o)
                              C:/ST/STM32CubeIDE_1.12.1/STM32CubeIDE/plugins/com.st.stm32cube.ide.mcu.externaltools.gnu-tools-for-stm32.11.3.rel1.win32_1.1.100.202309141235/tools/bin/../lib/gcc/arm-none-eabi/11.3.1/../../../../arm-none-eabi/lib/thumb/v7-m/nofp/crt0.o (memset)
C:/ST/STM32CubeIDE_1.12.1/STM32CubeIDE/plugins/com.st.stm32cube.ide.mcu.externaltools.gnu-tools-for-stm32.11.3.rel1.win32_1.1.100.202309141235/tools/bin/../lib/gcc/arm-none-eabi/11.3.1/../../../../arm-none-eabi/lib/thumb/v7-m/nofp\libc_nano.a(libc_a-closer.o)
                              C:/ST/STM32CubeIDE_1.12.1/STM32CubeIDE/plugins/com.st.stm32cube.ide.mcu.externaltools.gnu-tools-for-stm32.11.3.rel1.win32_1.1.100.202309141235/tools/bin/../lib/gcc/arm-none-eabi/11.3.1/../../../../arm-none-eabi/lib/thumb/v7-m/nofp\libc_nano.a(libc_a-stdio.o) (_close_r)
C:/ST/STM32CubeIDE_1.12.1/STM32CubeIDE/plugins/com.st.stm32cube.ide.mcu.externaltools.gnu-tools-for-stm32.11.3.rel1.win32_1.1.100.202309141235/tools/bin/../lib/gcc/arm-none-eabi/11.3.1/../../../../arm-none-eabi/lib/thumb/v7-m/nofp\libc_nano.a(libc_a-reent.o)
                              C:/ST/STM32CubeIDE_1.12.1/STM32CubeIDE/plugins/com.st.stm32cube.ide.mcu.externaltools.gnu-tools-for-stm32.11.3.rel1.win32_1.1.100.202309141235/tools/bin/../lib/gcc/arm-none-eabi/11.3.1/../../../../arm-none-eabi/lib/thumb/v7-m/nofp\libc_nano.a(libc_a-closer.o) (errno)
C:/ST/STM32CubeIDE_1.12.1/STM32CubeIDE/plugins/com.st.stm32cube.ide.mcu.externaltools.gnu-tools-for-stm32.11.3.rel1.win32_1.1.100.202309141235/tools/bin/../lib/gcc/arm-none-eabi/11.3.1/../../../../arm-none-eabi/lib/thumb/v7-m/nofp\libc_nano.a(libc_a-impure.o)
                              C:/ST/STM32CubeIDE_1.12.1/STM32CubeIDE/plugins/com.st.stm32cube.ide.mcu.externaltools.gnu-tools-for-stm32.11.3.rel1.win32_1.1.100.202309141235/tools/bin/../lib/gcc/arm-none-eabi/11.3.1/../../../../arm-none-eabi/lib/thumb/v7-m/nofp\libc_nano.a(libc_a-printf.o) (_impure_ptr)
[...]
Memory Configuration

Name             Origin             Length             Attributes
RAM              0x0000000020000000 0x0000000000005000 xrw
FLASH            0x0000000008000000 0x0000000000010000 xr
*default*        0x0000000000000000 0xffffffffffffffff

Linker script and memory map

LOAD C:/ST/STM32CubeIDE_1.12.1/STM32CubeIDE/plugins/com.st.stm32cube.ide.mcu.externaltools.gnu-tools-for-stm32.11.3.rel1.win32_1.1.100.202309141235/tools/bin/../lib/gcc/arm-none-eabi/11.3.1/thumb/v7-m/nofp/crti.o
LOAD C:/ST/STM32CubeIDE_1.12.1/STM32CubeIDE/plugins/com.st.stm32cube.ide.mcu.externaltools.gnu-tools-for-stm32.11.3.rel1.win32_1.1.100.202309141235/tools/bin/../lib/gcc/arm-none-eabi/11.3.1/thumb/v7-m/nofp/crtbegin.o
LOAD C:/ST/STM32CubeIDE_1.12.1/STM32CubeIDE/plugins/com.st.stm32cube.ide.mcu.externaltools.gnu-tools-for-stm32.11.3.rel1.win32_1.1.100.202309141235/tools/bin/../lib/gcc/arm-none-eabi/11.3.1/../../../../arm-none-eabi/lib/thumb/v7-m/nofp/crt0.o
LOAD ./Drivers/HAL/Keypad/src/Keypad_config.o
LOAD ./Drivers/HAL/Keypad/src/Keypad_program.o
LOAD ./Drivers/HAL/LCD/src/LCD_config.o
LOAD ./Drivers/HAL/LCD/src/LCD_program.o
LOAD ./Drivers/MCAL/DMA/src/DMA_program.o
LOAD ./Drivers/MCAL/EXTI/src/EXTI_config.o
LOAD ./Drivers/MCAL/EXTI/src/EXTI_program.o
LOAD ./Drivers/MCAL/GPIO/src/GPIO_program.o
LOAD ./Drivers/MCAL/NVIC/src/NVIC_config.o
LOAD ./Drivers/MCAL/NVIC/src/NVIC_program.o
LOAD ./Drivers/MCAL/RCC/src/RCC_program.o
LOAD ./Drivers/MCAL/SysTick/src/SysTick_program.o
LOAD ./Src/main.o
LOAD ./Src/syscalls.o
LOAD ./Src/sysmem.o
LOAD ./Startup/startup_stm32f103c8tx.o
START GROUP
LOAD C:/ST/STM32CubeIDE_1.12.1/STM32CubeIDE/plugins/com.st.stm32cube.ide.mcu.externaltools.gnu-tools-for-stm32.11.3.rel1.win32_1.1.100.202309141235/tools/bin/../lib/gcc/arm-none-eabi/11.3.1/../../../../arm-none-eabi/lib/thumb/v7-m/nofp\libc_nano.a
LOAD C:/ST/STM32CubeIDE_1.12.1/STM32CubeIDE/plugins/com.st.stm32cube.ide.mcu.externaltools.gnu-tools-for-stm32.11.3.rel1.win32_1.1.100.202309141235/tools/bin/../lib/gcc/arm-none-eabi/11.3.1/../../../../arm-none-eabi/lib/thumb/v7-m/nofp\libm.a
END GROUP
START GROUP
LOAD C:/ST/STM32CubeIDE_1.12.1/STM32CubeIDE/plugins/com.st.stm32cube.ide.mcu.externaltools.gnu-tools-for-stm32.11.3.rel1.win32_1.1.100.202309141235/tools/bin/../lib/gcc/arm-none-eabi/11.3.1/thumb/v7-m/nofp\libgcc.a
LOAD C:/ST/STM32CubeIDE_1.12.1/STM32CubeIDE/plugins/com.st.stm32cube.ide.mcu.externaltools.gnu-tools-for-stm32.11.3.rel1.win32_1.1.100.202309141235/tools/bin/../lib/gcc/arm-none-eabi/11.3.1/../../../../arm-none-eabi/lib/thumb/v7-m/nofp\libc_nano.a
END GROUP
START GROUP
LOAD C:/ST/STM32CubeIDE_1.12.1/STM32CubeIDE/plugins/com.st.stm32cube.ide.mcu.externaltools.gnu-tools-for-stm32.11.3.rel1.win32_1.1.100.202309141235/tools/bin/../lib/gcc/arm-none-eabi/11.3.1/thumb/v7-m/nofp\libgcc.a
LOAD C:/ST/STM32CubeIDE_1.12.1/STM32CubeIDE/plugins/com.st.stm32cube.ide.mcu.externaltools.gnu-tools-for-stm32.11.3.rel1.win32_1.1.100.202309141235/tools/bin/../lib/gcc/arm-none-eabi/11.3.1/../../../../arm-none-eabi/lib/thumb/v7-m/nofp\libc_nano.a
LOAD C:/ST/STM32CubeIDE_1.12.1/STM32CubeIDE/plugins/com.st.stm32cube.ide.mcu.externaltools.gnu-tools-for-stm32.11.3.rel1.win32_1.1.100.202309141235/tools/bin/../lib/gcc/arm-none-eabi/11.3.1/../../../../arm-none-eabi/lib/thumb/v7-m/nofp\libnosys.a
END GROUP
START GROUP
LOAD C:/ST/STM32CubeIDE_1.12.1/STM32CubeIDE/plugins/com.st.stm32cube.ide.mcu.externaltools.gnu-tools-for-stm32.11.3.rel1.win32_1.1.100.202309141235/tools/bin/../lib/gcc/arm-none-eabi/11.3.1/thumb/v7-m/nofp\libgcc.a
LOAD C:/ST/STM32CubeIDE_1.12.1/STM32CubeIDE/plugins/com.st.stm32cube.ide.mcu.externaltools.gnu-tools-for-stm32.11.3.rel1.win32_1.1.100.202309141235/tools/bin/../lib/gcc/arm-none-eabi/11.3.1/../../../../arm-none-eabi/lib/thumb/v7-m/nofp\libc_nano.a
LOAD C:/ST/STM32CubeIDE_1.12.1/STM32CubeIDE/plugins/com.st.stm32cube.ide.mcu.externaltools.gnu-tools-for-stm32.11.3.rel1.win32_1.1.100.202309141235/tools/bin/../lib/gcc/arm-none-eabi/11.3.1/../../../../arm-none-eabi/lib/thumb/v7-m/nofp\libnosys.a
END GROUP
LOAD C:/ST/STM32CubeIDE_1.12.1/STM32CubeIDE/plugins/com.st.stm32cube.ide.mcu.externaltools.gnu-tools-for-stm32.11.3.rel1.win32_1.1.100.202309141235/tools/bin/../lib/gcc/arm-none-eabi/11.3.1/thumb/v7-m/nofp/crtend.o
LOAD C:/ST/STM32CubeIDE_1.12.1/STM32CubeIDE/plugins/com.st.stm32cube.ide.mcu.externaltools.gnu-tools-for-stm32.11.3.rel1.win32_1.1.100.202309141235/tools/bin/../lib/gcc/arm-none-eabi/11.3.1/thumb/v7-m/nofp/crtn.o
                0x0000000020005000                _estack = (ORIGIN (RAM) + LENGTH (RAM))
                0x0000000000000200                _Min_Heap_Size = 0x200
                0x0000000000000400                _Min_Stack_Size = 0x400

.isr_vector     0x0000000008000000      0x130
                0x0000000008000000                . = ALIGN (0x4)
 *(.isr_vector)
 .isr_vector    0x0000000008000000      0x130 ./Startup/startup_stm32f103c8tx.o
                0x0000000008000000                g_pfnVectors
                0x0000000008000130                . = ALIGN (0x4)

.text           0x0000000008000130     0x213c
                0x0000000008000130                . = ALIGN (0x4)
 *(.text)
 .text          0x0000000008000130       0x40 C:/ST/STM32CubeIDE_1.12.1/STM32CubeIDE/plugins/com.st.stm32cube.ide.mcu.externaltools.gnu-tools-for-stm32.11.3.rel1.win32_1.1.100.202309141235/tools/bin/../lib/gcc/arm-none-eabi/11.3.1/thumb/v7-m/nofp/crtbegin.o
 *(.text*)
 .text.KeyPad_vInit
                0x0000000008000170       0xa0 ./Drivers/HAL/Keypad/src/Keypad_program.o
                0x0000000008000170                KeyPad_vInit
 .text.WriteInsterction
                0x0000000008000210      0x102 ./Drivers/HAL/LCD/src/LCD_program.o
 .text.WriteData
                0x0000000008000312      0x102 ./Drivers/HAL/LCD/src/LCD_program.o
 .text.LCD_Init
                0x0000000008000414       0x70 ./Drivers/HAL/LCD/src/LCD_program.o
                0x0000000008000414                LCD_Init
 .text.LCD_WriteChar
                0x0000000008000484       0x1a ./Drivers/HAL/LCD/src/LCD_program.o
                0x0000000008000484                LCD_WriteChar
 *fill*         0x000000000800049e        0x2 
 .text.DMA_RETURNtSetConfig
                0x00000000080004a0      0x1e4 ./Drivers/MCAL/DMA/src/DMA_program.o
 .text.DMA_RETURNtInit
                0x0000000008000684       0x70 ./Drivers/MCAL/DMA/src/DMA_program.o
                0x0000000008000684                DMA_RETURNtInit
 .text.DMA_RETURNtstart
                0x00000000080006f4       0xa8 ./Drivers/MCAL/DMA/src/DMA_program.o
                0x00000000080006f4                DMA_RETURNtstart
 .text.DMA_RETURNtRegisterCallBack
                0x000000000800079c       0x68 ./Drivers/MCAL/DMA/src/DMA_program.o
                0x000000000800079c                DMA_RETURNtRegisterCallBack
 .text.DMA1_Channel1_IRQHandler
                0x0000000008000804       0x2c ./Drivers/MCAL/DMA/src/DMA_program.o
                0x0000000008000804                DMA1_Channel1_IRQHandler
 .text.DMA1_Channel2_IRQHandler
                0x0000000008000830       0x2c ./Drivers/MCAL/DMA/src/DMA_program.o
                0x0000000008000830                DMA1_Channel2_IRQHandler
 .text.DMA1_Channel3_IRQHandler
                0x000000000800085c       0x2c ./Drivers/MCAL/DMA/src/DMA_program.o
                0x000000000800085c                DMA1_Channel3_IRQHandler
 .text.DMA1_Channel4_IRQHandler
                0x0000000008000888       0x2c ./Drivers/MCAL/DMA/src/DMA_program.o
                0x0000000008000888                DMA1_Channel4_IRQHandler
 .text.DMA1_Channel5_IRQHandler
                0x00000000080008b4       0x2c ./Drivers/MCAL/DMA/src/DMA_program.o
                0x00000000080008b4                DMA1_Channel5_IRQHandler
 .text.DMA1_Channel6_IRQHandler
                0x00000000080008e0       0x2c ./Drivers/MCAL/DMA/src/DMA_program.o
                0x00000000080008e0                DMA1_Channel6_IRQHandler
 .text.DMA1_Channel7_IRQHandler
                0x000000000800090c       0x2c ./Drivers/MCAL/DMA/src/DMA_program.o
                0x000000000800090c                DMA1_Channel7_IRQHandler
 .text.DMA2_Channel1_IRQHandler
                0x0000000008000938       0x2c ./Drivers/MCAL/DMA/src/DMA_program.o
                0x0000000008000938                DMA2_Channel1_IRQHandler
 .text.DMA2_Channel2_IRQHandler
                0x0000000008000964       0x2c ./Drivers/MCAL/DMA/src/DMA_program.o
                0x0000000008000964                DMA2_Channel2_IRQHandler
 .text.DMA2_Channel3_IRQHandler
                0x0000000008000990       0x2c ./Drivers/MCAL/DMA/src/DMA_program.o
                0x0000000008000990                DMA2_Channel3_IRQHandler
 .text.DMA2_Channel4_5_IRQHandler
                0x00000000080009bc        0xc ./Drivers/MCAL/DMA/src/DMA_program.o
                0x00000000080009bc                DMA2_Channel4_5_IRQHandler
 .text.EXTI_vClearPendingFlag
                0x00000000080009c8       0x34 ./Drivers/MCAL/EXTI/src/EXTI_program.o
                0x00000000080009c8                EXTI_vClearPendingFlag
 .text.EXTI0_IRQHandler
                0x00000000080009fc       0x20 ./Drivers/MCAL/EXTI/src/EXTI_program.o
                0x00000000080009fc                EXTI0_IRQHandler
 .text.EXTI1_IRQHandler
                0x0000000008000a1c       0x20 ./Drivers/MCAL/EXTI/src/EXTI_program.o
                0x0000000008000a1c                EXTI1_IRQHandler
 .text.EXTI2_IRQHandler
                0x0000000008000a3c       0x20 ./Drivers/MCAL/EXTI/src/EXTI_program.o
                0x0000000008000a3c                EXTI2_IRQHandler
 .text.EXTI3_IRQHandler
                0x0000000008000a5c       0x20 ./Drivers/MCAL/EXTI/src/EXTI_program.o
                0x0000000008000a5c                EXTI3_IRQHandler
 .text.EXTI4_IRQHandler
                0x0000000008000a7c       0x20 ./Drivers/MCAL/EXTI/src/EXTI_program.o
                0x0000000008000a7c                EXTI4_IRQHandler
 .text.GPIO_RETURNtPinInit
                0x0000000008000a9c      0x118 ./Drivers/MCAL/GPIO/src/GPIO_program.o
                0x0000000008000a9c                GPIO_RETURNtPinInit
 .text.GPIO_RETURNtPinOut
                0x0000000008000bb4       0x90 ./Drivers/MCAL/GPIO/src/GPIO_program.o
                0x0000000008000bb4                GPIO_RETURNtPinOut
 .text.NVIC_SetPriorityConfig
                0x0000000008000c44       0x44 ./Drivers/MCAL/NVIC/src/NVIC_program.o
                0x0000000008000c44                NVIC_SetPriorityConfig
 .text.NVIC_voidSetInterruptPriority
                0x0000000008000c88       0xec ./Drivers/MCAL/NVIC/src/NVIC_program.o
                0x0000000008000c88                NVIC_voidSetInterruptPriority
 .text.NVIC_vEnableInterrupt
                0x0000000008000d74       0x40 ./Drivers/MCAL/NVIC/src/NVIC_program.o
                0x0000000008000d74                NVIC_vEnableInterrupt
 .text.RCC_RETURNtInit
                0x0000000008000db4      0x134 ./Drivers/MCAL/RCC/src/RCC_program.o
                0x0000000008000db4                RCC_RETURNtInit
 .text.RCC_RETURNtPeripheralEn
                0x0000000008000ee8       0x80 ./Drivers/MCAL/RCC/src/RCC_program.o
                0x0000000008000ee8                RCC_RETURNtPeripheralEn
 .text.SysTick_vInit
                0x0000000008000f68       0x28 ./Drivers/MCAL/SysTick/src/SysTick_program.o
                0x0000000008000f68                SysTick_vInit
 .text.SysTick_vDelayms
                0x0000000008000f90       0xf8 ./Drivers/MCAL/SysTick/src/SysTick_program.o
                0x0000000008000f90                SysTick_vDelayms
 .text.SysTick_Handler
                0x0000000008001088       0xa8 ./Drivers/MCAL/SysTick/src/SysTick_program.o
                0x0000000008001088                SysTick_Handler
 .text.MyDMACallBaCK
                0x0000000008001130       0x14 ./Src/main.o
                0x0000000008001130                MyDMACallBaCK
 .text.main     0x0000000008001144       0xe8 ./Src/main.o
                0x0000000008001144                main
 .text.WWDG_IRQHandler
                0x000000000800122c       0x14 ./Src/main.o
                0x000000000800122c                WWDG_IRQHandler
 .text._read    0x0000000008001240       0x3a ./Src/syscalls.o
                0x0000000008001240                _read
 .text._write   0x000000000800127a       0x38 ./Src/syscalls.o
                0x000000000800127a                _write
 .text._close   0x00000000080012b2       0x16 ./Src/syscalls.o
                0x00000000080012b2                _close
 .text._fstat   0x00000000080012c8       0x1e ./Src/syscalls.o
                0x00000000080012c8                _fstat
 .text._isatty  0x00000000080012e6       0x14 ./Src/syscalls.o
                0x00000000080012e6                _isatty
 .text._lseek   0x00000000080012fa       0x18 ./Src/syscalls.o
                0x00000000080012fa                _lseek
 *fill*         0x0000000008001312        0x2 
 .text._sbrk    0x0000000008001314       0x6c ./Src/sysmem.o
                0x0000000008001314                _sbrk
 .text.Reset_Handler
                0x0000000008001380       0x50 ./Startup/startup_stm32f103c8tx.o
                0x0000000008001380                Reset_Handler
 .text.Default_Handler
                0x00000000080013d0        0x2 ./Startup/startup_stm32f103c8tx.o
                0x00000000080013d0                TIM8_TRG_COM_IRQHandler
                0x00000000080013d0                TIM8_CC_IRQHandler
                0x00000000080013d0                DebugMon_Handler
                0x00000000080013d0                TIM1_CC_IRQHandler
                0x00000000080013d0                HardFault_Handler
                0x00000000080013d0                TIM6_IRQHandler
                0x00000000080013d0                PVD_IRQHandler
                0x00000000080013d0                SDIO_IRQHandler
                0x00000000080013d0                PendSV_Handler
                0x00000000080013d0                NMI_Handler
                0x00000000080013d0                USB_HP_CAN_TX_IRQHandler
                0x00000000080013d0                I2C2_EV_IRQHandler
                0x00000000080013d0                UsageFault_Handler
                0x00000000080013d0                ADC1_2_IRQHandler
                0x00000000080013d0                SPI1_IRQHandler
                0x00000000080013d0                CAN_SCE_IRQHandler
                0x00000000080013d0                TAMPER_IRQHandler
                0x00000000080013d0                TIM8_UP_IRQHandler
                0x00000000080013d0                USART3_IRQHandler
                0x00000000080013d0                RTC_IRQHandler
                0x00000000080013d0                UART5_IRQHandler
                0x00000000080013d0                ADC3_IRQHandler
                0x00000000080013d0                TIM4_IRQHandler
                0x00000000080013d0                CAN_RX1_IRQHandler
                0x00000000080013d0                I2C1_EV_IRQHandler
                0x00000000080013d0                UART4_IRQHandler
                0x00000000080013d0                TIM3_IRQHandler
                0x00000000080013d0                RCC_IRQHandler
                0x00000000080013d0                TIM1_TRG_COM_IRQHandler
                0x00000000080013d0                Default_Handler
                0x00000000080013d0                EXTI15_10_IRQHandler
                0x00000000080013d0                TIM7_IRQHandler
                0x00000000080013d0                TIM5_IRQHandler
                0x00000000080013d0                EXTI9_5_IRQHandler
                0x00000000080013d0                SPI2_IRQHandler
                0x00000000080013d0                USB_LP_CAN_RX0_IRQHandler
                0x00000000080013d0                MemManage_Handler
                0x00000000080013d0                SVC_Handler
                0x00000000080013d0                FSMC_IRQHandler
                0x00000000080013d0                TIM1_UP_IRQHandler
                0x00000000080013d0                TIM2_IRQHandler
                0x00000000080013d0                TIM1_BRK_IRQHandler
                0x00000000080013d0                RTCAlarm_IRQHandler
                0x00000000080013d0                USART2_IRQHandler
                0x00000000080013d0                I2C2_ER_IRQHandler
                0x00000000080013d0                TIM8_BRK_IRQHandler
                0x00000000080013d0                FLASH_IRQHandler
                0x00000000080013d0                BusFault_Handler
                0x00000000080013d0                USART1_IRQHandler
                0x00000000080013d0                SPI3_IRQHandler
                0x00000000080013d0                I2C1_ER_IRQHandler
 *fill*         0x00000000080013d2        0x2 
 .text.std      0x00000000080013d4       0x6c C:/ST/STM32CubeIDE_1.12.1/STM32CubeIDE/plugins/com.st.stm32cube.ide.mcu.externaltools.gnu-tools-for-stm32.11.3.rel1.win32_1.1.100.202309141235/tools/bin/../lib/gcc/arm-none-eabi/11.3.1/../../../../arm-none-eabi/lib/thumb/v7-m/nofp\libc_nano.a(libc_a-findfp.o)
 .text.stdio_exit_handler
                0x0000000008001440       0x18 C:/ST/STM32CubeIDE_1.12.1/STM32CubeIDE/plugins/com.st.stm32cube.ide.mcu.externaltools.gnu-tools-for-stm32.11.3.rel1.win32_1.1.100.202309141235/tools/bin/../lib/gcc/arm-none-eabi/11.3.1/../../../../arm-none-eabi/lib/thumb/v7-m/nofp\libc_nano.a(libc_a-findfp.o)
 .text.cleanup_stdio
                0x0000000008001458       0x40 C:/ST/STM32CubeIDE_1.12.1/STM32CubeIDE/plugins/com.st.stm32cube.ide.mcu.externaltools.gnu-tools-for-stm32.11.3.rel1.win32_1.1.100.202309141235/tools/bin/../lib/gcc/arm-none-eabi/11.3.1/../../../../arm-none-eabi/lib/thumb/v7-m/nofp\libc_nano.a(libc_a-findfp.o)
 .text.global_stdio_init.part.0
                0x0000000008001498       0x3c C:/ST/STM32CubeIDE_1.12.1/STM32CubeIDE/plugins/com.st.stm32cube.ide.mcu.externaltools.gnu-tools-for-stm32.11.3.rel1.win32_1.1.100.202309141235/tools/bin/../lib/gcc/arm-none-eabi/11.3.1/../../../../arm-none-eabi/lib/thumb/v7-m/nofp\libc_nano.a(libc_a-findfp.o)
 .text.__sfp_lock_acquire
                0x00000000080014d4        0xc C:/ST/STM32CubeIDE_1.12.1/STM32CubeIDE/plugins/com.st.stm32cube.ide.mcu.externaltools.gnu-tools-for-stm32.11.3.rel1.win32_1.1.100.202309141235/tools/bin/../lib/gcc/arm-none-eabi/11.3.1/../../../../arm-none-eabi/lib/thumb/v7-m/nofp\libc_nano.a(libc_a-findfp.o)
                0x00000000080014d4                __sfp_lock_acquire
 .text.__sfp_lock_release
                0x00000000080014e0        0xc C:/ST/STM32CubeIDE_1.12.1/STM32CubeIDE/plugins/com.st.stm32cube.ide.mcu.externaltools.gnu-tools-for-stm32.11.3.rel1.win32_1.1.100.202309141235/tools/bin/../lib/gcc/arm-none-eabi/11.3.1/../../../../arm-none-eabi/lib/thumb/v7-m/nofp\libc_nano.a(libc_a-findfp.o)
                0x00000000080014e0                __sfp_lock_release
 .text.__sinit  0x00000000080014ec       0x30 C:/ST/STM32CubeIDE_1.12.1/STM32CubeIDE/plugins/com.st.stm32cube.ide.mcu.externaltools.gnu-tools-for-stm32.11.3.rel1.win32_1.1.100.202309141235/tools/bin/../lib/gcc/arm-none-eabi/11.3.1/../../../../arm-none-eabi/lib/thumb/v7-m/nofp\libc_nano.a(libc_a-findfp.o)
                0x00000000080014ec                __sinit
 .text._fwalk_sglue
                0x000000000800151c       0x3c C:/ST/STM32CubeIDE_1.12.1/STM32CubeIDE/plugins/com.st.stm32cube.ide.mcu.externaltools.gnu-tools-for-stm32.11.3.rel1.win32_1.1.100.202309141235/tools/bin/../lib/gcc/arm-none-eabi/11.3.1/../../../../arm-none-eabi/lib/thumb/v7-m/nofp\libc_nano.a(libc_a-fwalk.o)
                0x000000000800151c                _fwalk_sglue
 .text.printf   0x0000000008001558       0x24 C:/ST/STM32CubeIDE_1.12.1/STM32CubeIDE/plugins/com.st.stm32cube.ide.mcu.externaltools.gnu-tools-for-stm32.11.3.rel1.win32_1.1.100.202309141235/tools/bin/../lib/gcc/arm-none-eabi/11.3.1/../../../../arm-none-eabi/lib/thumb/v7-m/nofp\libc_nano.a(libc_a-printf.o)
                0x0000000008001558                iprintf
                0x0000000008001558                printf
 .text.__sread  0x000000000800157c       0x22 C:/ST/STM32CubeIDE_1.12.1/STM32CubeIDE/plugins/com.st.stm32cube.ide.mcu.externaltools.gnu-tools-for-stm32.11.3.rel1.win32_1.1.100.202309141235/tools/bin/../lib/gcc/arm-none-eabi/11.3.1/../../../../arm-none-eabi/lib/thumb/v7-m/nofp\libc_nano.a(libc_a-stdio.o)
                0x000000000800157c                __sread
 .text.__swrite
                0x000000000800159e       0x38 C:/ST/STM32CubeIDE_1.12.1/STM32CubeIDE/plugins/com.st.stm32cube.ide.mcu.externaltools.gnu-tools-for-stm32.11.3.rel1.win32_1.1.100.202309141235/tools/bin/../lib/gcc/arm-none-eabi/11.3.1/../../../../arm-none-eabi/lib/thumb/v7-m/nofp\libc_nano.a(libc_a-stdio.o)
                0x000000000800159e                __swrite
 .text.__sseek  0x00000000080015d6       0x24 C:/ST/STM32CubeIDE_1.12.1/STM32CubeIDE/plugins/com.st.stm32cube.ide.mcu.externaltools.gnu-tools-for-stm32.11.3.rel1.win32_1.1.100.202309141235/tools/bin/../lib/gcc/arm-none-eabi/11.3.1/../../../../arm-none-eabi/lib/thumb/v7-m/nofp\libc_nano.a(libc_a-stdio.o)
                0x00000000080015d6                __sseek
 .text.__sclose
                0x00000000080015fa        0x8 C:/ST/STM32CubeIDE_1.12.1/STM32CubeIDE/plugins/com.st.stm32cube.ide.mcu.externaltools.gnu-tools-for-stm32.11.3.rel1.win32_1.1.100.202309141235/tools/bin/../lib/gcc/arm-none-eabi/11.3.1/../../../../arm-none-eabi/lib/thumb/v7-m/nofp\libc_nano.a(libc_a-stdio.o)
                0x00000000080015fa                __sclose
 .text.memset   0x0000000008001602       0x10 C:/ST/STM32CubeIDE_1.12.1/STM32CubeIDE/plugins/com.st.stm32cube.ide.mcu.externaltools.gnu-tools-for-stm32.11.3.rel1.win32_1.1.100.202309141235/tools/bin/../lib/gcc/arm-none-eabi/11.3.1/../../../../arm-none-eabi/lib/thumb/v7-m/nofp\libc_nano.a(libc_a-memset.o)
                0x0000000008001602                memset
 *fill*         0x0000000008001612        0x2 
 .text._close_r
                0x0000000008001614       0x20 C:/ST/STM32CubeIDE_1.12.1/STM32CubeIDE/plugins/com.st.stm32cube.ide.mcu.externaltools.gnu-tools-for-stm32.11.3.rel1.win32_1.1.100.202309141235/tools/bin/../lib/gcc/arm-none-eabi/11.3.1/../../../../arm-none-eabi/lib/thumb/v7-m/nofp\libc_nano.a(libc_a-closer.o)
                0x0000000008001614                _close_r
 .text._lseek_r
                0x0000000008001634       0x24 C:/ST/STM32CubeIDE_1.12.1/STM32CubeIDE/plugins/com.st.stm32cube.ide.mcu.externaltools.gnu-tools-for-stm32.11.3.rel1.win32_1.1.100.202309141235/tools/bin/../lib/gcc/arm-none-eabi/11.3.1/../../../../arm-none-eabi/lib/thumb/v7-m/nofp\libc_nano.a(libc_a-lseekr.o)
                0x0000000008001634                _lseek_r
 .text._read_r  0x0000000008001658       0x24 C:/ST/STM32CubeIDE_1.12.1/STM32CubeIDE/plugins/com.st.stm32cube.ide.mcu.externaltools.gnu-tools-for-stm32.11.3.rel1.win32_1.1.100.202309141235/tools/bin/../lib/gcc/arm-none-eabi/11.3.1/../../../../arm-none-eabi/lib/thumb/v7-m/nofp\libc_nano.a(libc_a-readr.o)
                0x0000000008001658                _read_r
 .text._write_r
                0x000000000800167c       0x24 C:/ST/STM32CubeIDE_1.12.1/STM32CubeIDE/plugins/com.st.stm32cube.ide.mcu.externaltools.gnu-tools-for-stm32.11.3.rel1.win32_1.1.100.202309141235/tools/bin/../lib/gcc/arm-none-eabi/11.3.1/../../../../arm-none-eabi/lib/thumb/v7-m/nofp\libc_nano.a(libc_a-writer.o)
                0x000000000800167c                _write_r
 .text.__errno  0x00000000080016a0        0xc C:/ST/STM32CubeIDE_1.12.1/STM32CubeIDE/plugins/com.st.stm32cube.ide.mcu.externaltools.gnu-tools-for-stm32.11.3.rel1.win32_1.1.100.202309141235/tools/bin/../lib/gcc/arm-none-eabi/11.3.1/../../../../arm-none-eabi/lib/thumb/v7-m/nofp\libc_nano.a(libc_a-errno.o)
                0x00000000080016a0                __errno
 .text.__libc_init_array
                0x00000000080016ac       0x48 C:/ST/STM32CubeIDE_1.12.1/STM32CubeIDE/plugins/com.st.stm32cube.ide.mcu.externaltools.gnu-tools-for-stm32.11.3.rel1.win32_1.1.100.202309141235/tools/bin/../lib/gcc/arm-none-eabi/11.3.1/../../../../arm-none-eabi/lib/thumb/v7-m/nofp\libc_nano.a(libc_a-init.o)
                0x00000000080016ac                __libc_init_array
 .text.__retarget_lock_init_recursive
                0x00000000080016f4        0x2 C:/ST/STM32CubeIDE_1.12.1/STM32CubeIDE/plugins/com.st.stm32cube.ide.mcu.externaltools.gnu-tools-for-stm32.11.3.rel1.win32_1.1.100.202309141235/tools/bin/../lib/gcc/arm-none-eabi/11.3.1/../../../../arm-none-eabi/lib/thumb/v7-m/nofp\libc_nano.a(libc_a-lock.o)
                0x00000000080016f4                __retarget_lock_init_recursive
 .text.__retarget_lock_acquire_recursive
                0x00000000080016f6        0x2 C:/ST/STM32CubeIDE_1.12.1/STM32CubeIDE/plugins/com.st.stm32cube.ide.mcu.externaltools.gnu-tools-for-stm32.11.3.rel1.win32_1.1.100.202309141235/tools/bin/../lib/gcc/arm-none-eabi/11.3.1/../../../../arm-none-eabi/lib/thumb/v7-m/nofp\libc_nano.a(libc_a-lock.o)
                0x00000000080016f6                __retarget_lock_acquire_recursive
 .text.__retarget_lock_release_recursive
                0x00000000080016f8        0x2 C:/ST/STM32CubeIDE_1.12.1/STM32CubeIDE/plugins/com.st.stm32cube.ide.mcu.externaltools.gnu-tools-for-stm32.11.3.rel1.win32_1.1.100.202309141235/tools/bin/../lib/gcc/arm-none-eabi/11.3.1/../../../../arm-none-eabi/lib/thumb/v7-m/nofp\libc_nano.a(libc_a-lock.o)
                0x00000000080016f8                __retarget_lock_release_recursive
 *fill*         0x00000000080016fa        0x2 
 .text._free_r  0x00000000080016fc       0x90 C:/ST/STM32CubeIDE_1.12.1/STM32CubeIDE/plugins/com.st.stm32cube.ide.mcu.externaltools.gnu-tools-for-stm32.11.3.rel1.win32_1.1.100.202309141235/tools/bin/../lib/gcc/arm-none-eabi/11.3.1/../../../../arm-none-eabi/lib/thumb/v7-m/nofp\libc_nano.a(libc_a-freer.o)
                0x00000000080016fc                _free_r
 .text.sbrk_aligned
                0x000000000800178c       0x40 C:/ST/STM32CubeIDE_1.12.1/STM32CubeIDE/plugins/com.st.stm32cube.ide.mcu.externaltools.gnu-tools-for-stm32.11.3.rel1.win32_1.1.100.202309141235/tools/bin/../lib/gcc/arm-none-eabi/11.3.1/../../../../arm-none-eabi/lib/thumb/v7-m/nofp\libc_nano.a(libc_a-mallocr.o)
 .text._malloc_r
                0x00000000080017cc      0x100 C:/ST/STM32CubeIDE_1.12.1/STM32CubeIDE/plugins/com.st.stm32cube.ide.mcu.externaltools.gnu-tools-for-stm32.11.3.rel1.win32_1.1.100.202309141235/tools/bin/../lib/gcc/arm-none-eabi/11.3.1/../../../../arm-none-eabi/lib/thumb/v7-m/nofp\libc_nano.a(libc_a-mallocr.o)
                0x00000000080017cc                _malloc_r
 .text.__malloc_lock
                0x00000000080018cc        0xc C:/ST/STM32CubeIDE_1.12.1/STM32CubeIDE/plugins/com.st.stm32cube.ide.mcu.externaltools.gnu-tools-for-stm32.11.3.rel1.win32_1.1.100.202309141235/tools/bin/../lib/gcc/arm-none-eabi/11.3.1/../../../../arm-none-eabi/lib/thumb/v7-m/nofp\libc_nano.a(libc_a-mlock.o)
                0x00000000080018cc                __malloc_lock
 .text.__malloc_unlock
                0x00000000080018d8        0xc C:/ST/STM32CubeIDE_1.12.1/STM32CubeIDE/plugins/com.st.stm32cube.ide.mcu.externaltools.gnu-tools-for-stm32.11.3.rel1.win32_1.1.100.202309141235/tools/bin/../lib/gcc/arm-none-eabi/11.3.1/../../../../arm-none-eabi/lib/thumb/v7-m/nofp\libc_nano.a(libc_a-mlock.o)
                0x00000000080018d8                __malloc_unlock
 .text.__sfputc_r
                0x00000000080018e4       0x2a C:/ST/STM32CubeIDE_1.12.1/STM32CubeIDE/plugins/com.st.stm32cube.ide.mcu.externaltools.gnu-tools-for-stm32.11.3.rel1.win32_1.1.100.202309141235/tools/bin/../lib/gcc/arm-none-eabi/11.3.1/../../../../arm-none-eabi/lib/thumb/v7-m/nofp\libc_nano.a(libc_a-nano-vfprintf.o)
 .text.__sfputs_r
                0x000000000800190e       0x24 C:/ST/STM32CubeIDE_1.12.1/STM32CubeIDE/plugins/com.st.stm32cube.ide.mcu.externaltools.gnu-tools-for-stm32.11.3.rel1.win32_1.1.100.202309141235/tools/bin/../lib/gcc/arm-none-eabi/11.3.1/../../../../arm-none-eabi/lib/thumb/v7-m/nofp\libc_nano.a(libc_a-nano-vfprintf.o)
                0x000000000800190e                __sfputs_r
 *fill*         0x0000000008001932        0x2 
 .text._vfprintf_r
                0x0000000008001934      0x234 C:/ST/STM32CubeIDE_1.12.1/STM32CubeIDE/plugins/com.st.stm32cube.ide.mcu.externaltools.gnu-tools-for-stm32.11.3.rel1.win32_1.1.100.202309141235/tools/bin/../lib/gcc/arm-none-eabi/11.3.1/../../../../arm-none-eabi/lib/thumb/v7-m/nofp\libc_nano.a(libc_a-nano-vfprintf.o)
                0x0000000008001934                _vfprintf_r
                0x0000000008001934                _vfiprintf_r
 .text._printf_common
                0x0000000008001b68       0xe4 C:/ST/STM32CubeIDE_1.12.1/STM32CubeIDE/plugins/com.st.stm32cube.ide.mcu.externaltools.gnu-tools-for-stm32.11.3.rel1.win32_1.1.100.202309141235/tools/bin/../lib/gcc/arm-none-eabi/11.3.1/../../../../arm-none-eabi/lib/thumb/v7-m/nofp\libc_nano.a(libc_a-nano-vfprintf_i.o)
                0x0000000008001b68                _printf_common
 .text._printf_i
                0x0000000008001c4c      0x244 C:/ST/STM32CubeIDE_1.12.1/STM32CubeIDE/plugins/com.st.stm32cube.ide.mcu.externaltools.gnu-tools-for-stm32.11.3.rel1.win32_1.1.100.202309141235/tools/bin/../lib/gcc/arm-none-eabi/11.3.1/../../../../arm-none-eabi/lib/thumb/v7-m/nofp\libc_nano.a(libc_a-nano-vfprintf_i.o)
                0x0000000008001c4c                _printf_i
 .text.__sflush_r
                0x0000000008001e90      0x104 C:/ST/STM32CubeIDE_1.12.1/STM32CubeIDE/plugins/com.st.stm32cube.ide.mcu.externaltools.gnu-tools-for-stm32.11.3.rel1.win32_1.1.100.202309141235/tools/bin/../lib/gcc/arm-none-eabi/11.3.1/../../../../arm-none-eabi/lib/thumb/v7-m/nofp\libc_nano.a(libc_a-fflush.o)
                0x0000000008001e90                __sflush_r
 .text._fflush_r
                0x0000000008001f94       0x50 C:/ST/STM32CubeIDE_1.12.1/STM32CubeIDE/plugins/com.st.stm32cube.ide.mcu.externaltools.gnu-tools-for-stm32.11.3.rel1.win32_1.1.100.202309141235/tools/bin/../lib/gcc/arm-none-eabi/11.3.1/../../../../arm-none-eabi/lib/thumb/v7-m/nofp\libc_nano.a(libc_a-fflush.o)
                0x0000000008001f94                _fflush_r
 .text.__swbuf_r
                0x0000000008001fe4       0x7a C:/ST/STM32CubeIDE_1.12.1/STM32CubeIDE/plugins/com.st.stm32cube.ide.mcu.externaltools.gnu-tools-for-stm32.11.3.rel1.win32_1.1.100.202309141235/tools/bin/../lib/gcc/arm-none-eabi/11.3.1/../../../../arm-none-eabi/lib/thumb/v7-m/nofp\libc_nano.a(libc_a-wbuf.o)
                0x0000000008001fe4                __swbuf_r
 *fill*         0x000000000800205e        0x2 
 .text.__swsetup_r
                0x0000000008002060       0xb0 C:/ST/STM32CubeIDE_1.12.1/STM32CubeIDE/plugins/com.st.stm32cube.ide.mcu.externaltools.gnu-tools-for-stm32.11.3.rel1.win32_1.1.100.202309141235/tools/bin/../lib/gcc/arm-none-eabi/11.3.1/../../../../arm-none-eabi/lib/thumb/v7-m/nofp\libc_nano.a(libc_a-wsetup.o)
                0x0000000008002060                __swsetup_r
 .text._sbrk_r  0x0000000008002110       0x20 C:/ST/STM32CubeIDE_1.12.1/STM32CubeIDE/plugins/com.st.stm32cube.ide.mcu.externaltools.gnu-tools-for-stm32.11.3.rel1.win32_1.1.100.202309141235/tools/bin/../lib/gcc/arm-none-eabi/11.3.1/../../../../arm-none-eabi/lib/thumb/v7-m/nofp\libc_nano.a(libc_a-sbrkr.o)
                0x0000000008002110                _sbrk_r
 .text.memchr   0x0000000008002130       0x1c C:/ST/STM32CubeIDE_1.12.1/STM32CubeIDE/plugins/com.st.stm32cube.ide.mcu.externaltools.gnu-tools-for-stm32.11.3.rel1.win32_1.1.100.202309141235/tools/bin/../lib/gcc/arm-none-eabi/11.3.1/../../../../arm-none-eabi/lib/thumb/v7-m/nofp\libc_nano.a(libc_a-memchr-stub.o)
                0x0000000008002130                memchr
 .text.__swhatbuf_r
                0x000000000800214c       0x4a C:/ST/STM32CubeIDE_1.12.1/STM32CubeIDE/plugins/com.st.stm32cube.ide.mcu.externaltools.gnu-tools-for-stm32.11.3.rel1.win32_1.1.100.202309141235/tools/bin/../lib/gcc/arm-none-eabi/11.3.1/../../../../arm-none-eabi/lib/thumb/v7-m/nofp\libc_nano.a(libc_a-makebuf.o)
                0x000000000800214c                __swhatbuf_r
 .text.__smakebuf_r
                0x0000000008002196       0x78 C:/ST/STM32CubeIDE_1.12.1/STM32CubeIDE/plugins/com.st.stm32cube.ide.mcu.externaltools.gnu-tools-for-stm32.11.3.rel1.win32_1.1.100.202309141235/tools/bin/../lib/gcc/arm-none-eabi/11.3.1/../../../../arm-none-eabi/lib/thumb/v7-m/nofp\libc_nano.a(libc_a-makebuf.o)
                0x0000000008002196                __smakebuf_r
 *fill*         0x000000000800220e        0x2 
 .text._fstat_r
                0x0000000008002210       0x24 C:/ST/STM32CubeIDE_1.12.1/STM32CubeIDE/plugins/com.st.stm32cube.ide.mcu.externaltools.gnu-tools-for-stm32.11.3.rel1.win32_1.1.100.202309141235/tools/bin/../lib/gcc/arm-none-eabi/11.3.1/../../../../arm-none-eabi/lib/thumb/v7-m/nofp\libc_nano.a(libc_a-fstatr.o)
                0x0000000008002210                _fstat_r
 .text._isatty_r
                0x0000000008002234       0x20 C:/ST/STM32CubeIDE_1.12.1/STM32CubeIDE/plugins/com.st.stm32cube.ide.mcu.externaltools.gnu-tools-for-stm32.11.3.rel1.win32_1.1.100.202309141235/tools/bin/../lib/gcc/arm-none-eabi/11.3.1/../../../../arm-none-eabi/lib/thumb/v7-m/nofp\libc_nano.a(libc_a-isattyr.o)
                0x0000000008002234                _isatty_r
 *(.glue_7)
 .glue_7        0x0000000008002254        0x0 linker stubs
 *(.glue_7t)
 .glue_7t       0x0000000008002254        0x0 linker stubs
 *(.eh_frame)
 .eh_frame      0x0000000008002254        0x0 C:/ST/STM32CubeIDE_1.12.1/STM32CubeIDE/plugins/com.st.stm32cube.ide.mcu.externaltools.gnu-tools-for-stm32.11.3.rel1.win32_1.1.100.202309141235/tools/bin/../lib/gcc/arm-none-eabi/11.3.1/thumb/v7-m/nofp/crtbegin.o
 *(.init)
 .init          0x0000000008002254        0x4 C:/ST/STM32CubeIDE_1.12.1/STM32CubeIDE/plugins/com.st.stm32cube.ide.mcu.externaltools.gnu-tools-for-stm32.11.3.rel1.win32_1.1.100.202309141235/tools/bin/../lib/gcc/arm-none-eabi/11.3.1/thumb/v7-m/nofp/crti.o
                0x0000000008002254                _init
 .init          0x0000000008002258        0x8 C:/ST/STM32CubeIDE_1.12.1/STM32CubeIDE/plugins/com.st.stm32cube.ide.mcu.externaltools.gnu-tools-for-stm32.11.3.rel1.win32_1.1.100.202309141235/tools/bin/../lib/gcc/arm-none-eabi/11.3.1/thumb/v7-m/nofp/crtn.o
 *(.fini)
 .fini          0x0000000008002260        0x4 C:/ST/STM32CubeIDE_1.12.1/STM32CubeIDE/plugins/com.st.stm32cube.ide.mcu.externaltools.gnu-tools-for-stm32.11.3.rel1.win32_1.1.100.202309141235/tools/bin/../lib/gcc/arm-none-eabi/11.3.1/thumb/v7-m/nofp/crti.o
                0x0000000008002260                _fini
 .fini          0x0000000008002264        0x8 C:/ST/STM32CubeIDE_1.12.1/STM32CubeIDE/plugins/com.st.stm32cube.ide.mcu.externaltools.gnu-tools-for-stm32.11.3.rel1.win32_1.1.100.202309141235/tools/bin/../lib/gcc/arm-none-eabi/11.3.1/thumb/v7-m/nofp/crtn.o
                0x000000000800226c                . = ALIGN (0x4)
                0x000000000800226c                _etext = .

.vfp11_veneer   0x000000000800226c        0x0
 .vfp11_veneer  0x000000000800226c        0x0 linker stubs

.v4_bx          0x000000000800226c        0x0
 .v4_bx         0x000000000800226c        0x0 linker stubs

.iplt           0x000000000800226c        0x0
 .iplt          0x000000000800226c        0x0 C:/ST/STM32CubeIDE_1.12.1/STM32CubeIDE/plugins/com.st.stm32cube.ide.mcu.externaltools.gnu-tools-for-stm32.11.3.rel1.win32_1.1.100.202309141235/tools/bin/../lib/gcc/arm-none-eabi/11.3.1/thumb/v7-m/nofp/crtbegin.o

.rodata         0x000000000800226c       0x70
                0x000000000800226c                . = ALIGN (0x4)
 *(.rodata)
 .rodata        0x000000000800226c       0x3b ./Src/main.o
 *(.rodata*)
 .rodata._vfprintf_r.str1.1
                0x00000000080022a7       0x11 C:/ST/STM32CubeIDE_1.12.1/STM32CubeIDE/plugins/com.st.stm32cube.ide.mcu.externaltools.gnu-tools-for-stm32.11.3.rel1.win32_1.1.100.202309141235/tools/bin/../lib/gcc/arm-none-eabi/11.3.1/../../../../arm-none-eabi/lib/thumb/v7-m/nofp\libc_nano.a(libc_a-nano-vfprintf.o)
 .rodata._printf_i.str1.1
                0x00000000080022b8       0x22 C:/ST/STM32CubeIDE_1.12.1/STM32CubeIDE/plugins/com.st.stm32cube.ide.mcu.externaltools.gnu-tools-for-stm32.11.3.rel1.win32_1.1.100.202309141235/tools/bin/../lib/gcc/arm-none-eabi/11.3.1/../../../../arm-none-eabi/lib/thumb/v7-m/nofp\libc_nano.a(libc_a-nano-vfprintf_i.o)
                0x00000000080022dc                . = ALIGN (0x4)
 *fill*         0x00000000080022da        0x2 

.rel.dyn        0x00000000080022dc        0x0
 .rel.iplt      0x00000000080022dc        0x0 C:/ST/STM32CubeIDE_1.12.1/STM32CubeIDE/plugins/com.st.stm32cube.ide.mcu.externaltools.gnu-tools-for-stm32.11.3.rel1.win32_1.1.100.202309141235/tools/bin/../lib/gcc/arm-none-eabi/11.3.1/thumb/v7-m/nofp/crtbegin.o

.ARM.extab      0x00000000080022dc        0x0
                0x00000000080022dc                . = ALIGN (0x4)
 *(.ARM.extab* .gnu.linkonce.armextab.*)
                0x00000000080022dc                . = ALIGN (0x4)

.ARM            0x00000000080022dc        0x0
                0x00000000080022dc                . = ALIGN (0x4)
                0x00000000080022dc                __exidx_start = .
 *(.ARM.exidx*)
                0x00000000080022dc                __exidx_end = .
                0x00000000080022dc                . = ALIGN (0x4)

.preinit_array  0x00000000080022dc        0x0
                0x00000000080022dc                . = ALIGN (0x4)
                0x00000000080022dc                PROVIDE (__preinit_array_start = .)
 *(.preinit_array*)
                0x00000000080022dc                PROVIDE (__preinit_array_end = .)
                0x00000000080022dc                . = ALIGN (0x4)

.init_array     0x00000000080022dc        0x4
                0x00000000080022dc                . = ALIGN (0x4)
                0x00000000080022dc                PROVIDE (__init_array_start = .)
 *(SORT_BY_NAME(.init_array.*))
 *(.init_array*)
 .init_array    0x00000000080022dc        0x4 C:/ST/STM32CubeIDE_1.12.1/STM32CubeIDE/plugins/com.st.stm32cube.ide.mcu.externaltools.gnu-tools-for-stm32.11.3.rel1.win32_1.1.100.202309141235/tools/bin/../lib/gcc/arm-none-eabi/11.3.1/thumb/v7-m/nofp/crtbegin.o
                0x00000000080022e0                PROVIDE (__init_array_end = .)
                0x00000000080022e0                . = ALIGN (0x4)

.fini_array     0x00000000080022e0        0x4
                0x00000000080022e0                . = ALIGN (0x4)
                [!provide]                        PROVIDE (__fini_array_start = .)
 *(SORT_BY_NAME(.fini_array.*))
 *(.fini_array*)
 .fini_array    0x00000000080022e0        0x4 C:/ST/STM32CubeIDE_1.12.1/STM32CubeIDE/plugins/com.st.stm32cube.ide.mcu.externaltools.gnu-tools-for-stm32.11.3.rel1.win32_1.1.100.202309141235/tools/bin/../lib/gcc/arm-none-eabi/11.3.1/thumb/v7-m/nofp/crtbegin.o
                [!provide]                        PROVIDE (__fini_array_end = .)
                0x00000000080022e4                . = ALIGN (0x4)
                0x00000000080022e4                _sidata = LOADADDR (.data)

.data           0x0000000020000000       0xa8 load address 0x00000000080022e4
                0x0000000020000000                . = ALIGN (0x4)
                0x0000000020000000                _sdata = .
 *(.data)
 *(.data*)
 .data.row1_config
                0x0000000020000000        0x4 ./Drivers/HAL/Keypad/src/Keypad_config.o
                0x0000000020000000                row1_config
 .data.row2_config
                0x0000000020000004        0x4 ./Drivers/HAL/Keypad/src/Keypad_config.o
                0x0000000020000004                row2_config
 .data.row3_config
                0x0000000020000008        0x4 ./Drivers/HAL/Keypad/src/Keypad_config.o
                0x0000000020000008                row3_config
 .data.row4_config
                0x000000002000000c        0x4 ./Drivers/HAL/Keypad/src/Keypad_config.o
                0x000000002000000c                row4_config
 .data.col1_config
                0x0000000020000010        0x4 ./Drivers/HAL/Keypad/src/Keypad_config.o
                0x0000000020000010                col1_config
 .data.col2_config
                0x0000000020000014        0x4 ./Drivers/HAL/Keypad/src/Keypad_config.o
                0x0000000020000014                col2_config
 .data.col3_config
                0x0000000020000018        0x4 ./Drivers/HAL/Keypad/src/Keypad_config.o
                0x0000000020000018                col3_config
 .data.col4_config
                0x000000002000001c        0x4 ./Drivers/HAL/Keypad/src/Keypad_config.o
                0x000000002000001c                col4_config
 .data.D7_PIN   0x0000000020000020        0x4 ./Drivers/HAL/LCD/src/LCD_config.o
                0x0000000020000020                D7_PIN
 .data.D6_PIN   0x0000000020000024        0x4 ./Drivers/HAL/LCD/src/LCD_config.o
                0x0000000020000024                D6_PIN
 .data.D5_PIN   0x0000000020000028        0x4 ./Drivers/HAL/LCD/src/LCD_config.o
                0x0000000020000028                D5_PIN
 .data.D4_PIN   0x000000002000002c        0x4 ./Drivers/HAL/LCD/src/LCD_config.o
                0x000000002000002c                D4_PIN
 .data.EN_PIN   0x0000000020000030        0x4 ./Drivers/HAL/LCD/src/LCD_config.o
                0x0000000020000030                EN_PIN
 .data.RS_PIN   0x0000000020000034        0x4 ./Drivers/HAL/LCD/src/LCD_config.o
                0x0000000020000034                RS_PIN
 .data.GPIO_ArraysOfPtr
                0x0000000020000038        0xc ./Drivers/MCAL/GPIO/src/GPIO_program.o
 .data.Pina2    0x0000000020000044        0x4 ./Src/main.o
                0x0000000020000044                Pina2
 .data.prdma1   0x0000000020000048        0x4 ./Src/main.o
                0x0000000020000048                prdma1
 .data.__sglue  0x000000002000004c        0xc C:/ST/STM32CubeIDE_1.12.1/STM32CubeIDE/plugins/com.st.stm32cube.ide.mcu.externaltools.gnu-tools-for-stm32.11.3.rel1.win32_1.1.100.202309141235/tools/bin/../lib/gcc/arm-none-eabi/11.3.1/../../../../arm-none-eabi/lib/thumb/v7-m/nofp\libc_nano.a(libc_a-findfp.o)
                0x000000002000004c                __sglue
 .data._impure_data
                0x0000000020000058       0x4c C:/ST/STM32CubeIDE_1.12.1/STM32CubeIDE/plugins/com.st.stm32cube.ide.mcu.externaltools.gnu-tools-for-stm32.11.3.rel1.win32_1.1.100.202309141235/tools/bin/../lib/gcc/arm-none-eabi/11.3.1/../../../../arm-none-eabi/lib/thumb/v7-m/nofp\libc_nano.a(libc_a-impure.o)
                0x0000000020000058                _impure_data
 .data._impure_ptr
                0x00000000200000a4        0x4 C:/ST/STM32CubeIDE_1.12.1/STM32CubeIDE/plugins/com.st.stm32cube.ide.mcu.externaltools.gnu-tools-for-stm32.11.3.rel1.win32_1.1.100.202309141235/tools/bin/../lib/gcc/arm-none-eabi/11.3.1/../../../../arm-none-eabi/lib/thumb/v7-m/nofp\libc_nano.a(libc_a-impure.o)
                0x00000000200000a4                _impure_ptr
 *(.RamFunc)
 *(.RamFunc*)
                0x00000000200000a8                . = ALIGN (0x4)
                0x00000000200000a8                _edata = .

.igot.plt       0x00000000200000a8        0x0 load address 0x000000000800238c
 .igot.plt      0x00000000200000a8        0x0 C:/ST/STM32CubeIDE_1.12.1/STM32CubeIDE/plugins/com.st.stm32cube.ide.mcu.externaltools.gnu-tools-for-stm32.11.3.rel1.win32_1.1.100.202309141235/tools/bin/../lib/gcc/arm-none-eabi/11.3.1/thumb/v7-m/nofp/crtbegin.o
                0x00000000200000a8                . = ALIGN (0x4)

.bss            0x00000000200000a8      0x20c load address 0x000000000800238c
                0x00000000200000a8                _sbss = .
                0x00000000200000a8                __bss_start__ = _sbss
 *(.bss)
 .bss           0x00000000200000a8       0x1c C:/ST/STM32CubeIDE_1.12.1/STM32CubeIDE/plugins/com.st.stm32cube.ide.mcu.externaltools.gnu-tools-for-stm32.11.3.rel1.win32_1.1.100.202309141235/tools/bin/../lib/gcc/arm-none-eabi/11.3.1/thumb/v7-m/nofp/crtbegin.o
 *(.bss*)
 .bss.Keypad_RowsArr
                0x00000000200000c4        0x4 ./Drivers/HAL/Keypad/src/Keypad_config.o
                0x00000000200000c4                Keypad_RowsArr
 .bss.Keypad_ColuArr
                0x00000000200000c8        0x4 ./Drivers/HAL/Keypad/src/Keypad_config.o
                0x00000000200000c8                Keypad_ColuArr
 .bss.DMA1_FunPtr
                0x00000000200000cc       0x1c ./Drivers/MCAL/DMA/src/DMA_program.o
 .bss.DMA2_FunPtr
                0x00000000200000e8       0x1c ./Drivers/MCAL/DMA/src/DMA_program.o
 .bss.PtrfuncArray
                0x0000000020000104       0x50 ./Drivers/MCAL/EXTI/src/EXTI_program.o
 .bss.StaticGlobal_u8PriorityConfig
                0x0000000020000154        0x1 ./Drivers/MCAL/NVIC/src/NVIC_program.o
 .bss.Overflow_needFlag
                0x0000000020000155        0x1 ./Drivers/MCAL/SysTick/src/SysTick_program.o
 *fill*         0x0000000020000156        0x2 
 .bss.overflowInterrupt
                0x0000000020000158        0x4 ./Drivers/MCAL/SysTick/src/SysTick_program.o
 .bss.SysTickHandler_ptr
                0x000000002000015c        0x4 ./Drivers/MCAL/SysTick/src/SysTick_program.o
                0x000000002000015c                SysTickHandler_ptr
 .bss.i.0       0x0000000020000160        0x4 ./Drivers/MCAL/SysTick/src/SysTick_program.o
 .bss.__sbrk_heap_end
                0x0000000020000164        0x4 ./Src/sysmem.o
 .bss.__sf      0x0000000020000168      0x138 C:/ST/STM32CubeIDE_1.12.1/STM32CubeIDE/plugins/com.st.stm32cube.ide.mcu.externaltools.gnu-tools-for-stm32.11.3.rel1.win32_1.1.100.202309141235/tools/bin/../lib/gcc/arm-none-eabi/11.3.1/../../../../arm-none-eabi/lib/thumb/v7-m/nofp\libc_nano.a(libc_a-findfp.o)
                0x0000000020000168                __sf
 .bss.__stdio_exit_handler
                0x00000000200002a0        0x4 C:/ST/STM32CubeIDE_1.12.1/STM32CubeIDE/plugins/com.st.stm32cube.ide.mcu.externaltools.gnu-tools-for-stm32.11.3.rel1.win32_1.1.100.202309141235/tools/bin/../lib/gcc/arm-none-eabi/11.3.1/../../../../arm-none-eabi/lib/thumb/v7-m/nofp\libc_nano.a(libc_a-findfp.o)
                0x00000000200002a0                __stdio_exit_handler
 .bss.errno     0x00000000200002a4        0x4 C:/ST/STM32CubeIDE_1.12.1/STM32CubeIDE/plugins/com.st.stm32cube.ide.mcu.externaltools.gnu-tools-for-stm32.11.3.rel1.win32_1.1.100.202309141235/tools/bin/../lib/gcc/arm-none-eabi/11.3.1/../../../../arm-none-eabi/lib/thumb/v7-m/nofp\libc_nano.a(libc_a-reent.o)
                0x00000000200002a4                errno
 .bss.__lock___malloc_recursive_mutex
                0x00000000200002a8        0x1 C:/ST/STM32CubeIDE_1.12.1/STM32CubeIDE/plugins/com.st.stm32cube.ide.mcu.externaltools.gnu-tools-for-stm32.11.3.rel1.win32_1.1.100.202309141235/tools/bin/../lib/gcc/arm-none-eabi/11.3.1/../../../../arm-none-eabi/lib/thumb/v7-m/nofp\libc_nano.a(libc_a-lock.o)
                0x00000000200002a8                __lock___malloc_recursive_mutex
 .bss.__lock___sfp_recursive_mutex
                0x00000000200002a9        0x1 C:/ST/STM32CubeIDE_1.12.1/STM32CubeIDE/plugins/com.st.stm32cube.ide.mcu.externaltools.gnu-tools-for-stm32.11.3.rel1.win32_1.1.100.202309141235/tools/bin/../lib/gcc/arm-none-eabi/11.3.1/../../../../arm-none-eabi/lib/thumb/v7-m/nofp\libc_nano.a(libc_a-lock.o)
                0x00000000200002a9                __lock___sfp_recursive_mutex
 *fill*         0x00000000200002aa        0x2 
 .bss.__malloc_free_list
                0x00000000200002ac        0x4 C:/ST/STM32CubeIDE_1.12.1/STM32CubeIDE/plugins/com.st.stm32cube.ide.mcu.externaltools.gnu-tools-for-stm32.11.3.rel1.win32_1.1.100.202309141235/tools/bin/../lib/gcc/arm-none-eabi/11.3.1/../../../../arm-none-eabi/lib/thumb/v7-m/nofp\libc_nano.a(libc_a-mallocr.o)
                0x00000000200002ac                __malloc_free_list
 .bss.__malloc_sbrk_start
                0x00000000200002b0        0x4 C:/ST/STM32CubeIDE_1.12.1/STM32CubeIDE/plugins/com.st.stm32cube.ide.mcu.externaltools.gnu-tools-for-stm32.11.3.rel1.win32_1.1.100.202309141235/tools/bin/../lib/gcc/arm-none-eabi/11.3.1/../../../../arm-none-eabi/lib/thumb/v7-m/nofp\libc_nano.a(libc_a-mallocr.o)
                0x00000000200002b0                __malloc_sbrk_start
 *(COMMON)
                0x00000000200002b4                . = ALIGN (0x4)
                0x00000000200002b4                _ebss = .
                0x00000000200002b4                __bss_end__ = _ebss

._user_heap_stack
                0x00000000200002b4      0x604 load address 0x000000000800238c
                0x00000000200002b8                . = ALIGN (0x8)
 *fill*         0x00000000200002b4        0x4 
                [!provide]                        PROVIDE (end = .)
                0x00000000200002b8                PROVIDE (_end = .)
                0x00000000200004b8                . = (. + _Min_Heap_Size)
 *fill*         0x00000000200002b8      0x200 
                0x00000000200008b8                . = (. + _Min_Stack_Size)
 *fill*         0x00000000200004b8      0x400 
                0x00000000200008b8                . = ALIGN (0x8)

/DISCARD/
 libc.a(*)
 libm.a(*)
 libgcc.a(*)

.ARM.attributes
                0x0000000000000000       0x29
 *(.ARM.attributes)
 .ARM.attributes
                0x0000000000000000       0x1d C:/ST/STM32CubeIDE_1.12.1/STM32CubeIDE/plugins/com.st.stm32cube.ide.mcu.externaltools.gnu-tools-for-stm32.11.3.rel1.win32_1.1.100.202309141235/tools/bin/../lib/gcc/arm-none-eabi/11.3.1/thumb/v7-m/nofp/crti.o
 .ARM.attributes
                0x000000000000001d       0x2d C:/ST/STM32CubeIDE_1.12.1/STM32CubeIDE/plugins/com.st.stm32cube.ide.mcu.externaltools.gnu-tools-for-stm32.11.3.rel1.win32_1.1.100.202309141235/tools/bin/../lib/gcc/arm-none-eabi/11.3.1/thumb/v7-m/nofp/crtbegin.o
 .ARM.attributes
                0x000000000000004a       0x2d ./Drivers/HAL/Keypad/src/Keypad_config.o
 .ARM.attributes
                0x0000000000000077       0x2d ./Drivers/HAL/Keypad/src/Keypad_program.o
 .ARM.attributes
                0x00000000000000a4       0x2d ./Drivers/HAL/LCD/src/LCD_config.o
 .ARM.attributes
                0x00000000000000d1       0x2d ./Drivers/HAL/LCD/src/LCD_program.o
 .ARM.attributes
                0x00000000000000fe       0x2d ./Drivers/MCAL/DMA/src/DMA_program.o
 .ARM.attributes
                0x000000000000012b       0x2d ./Drivers/MCAL/EXTI/src/EXTI_program.o
 .ARM.attributes
                0x0000000000000158       0x2d ./Drivers/MCAL/GPIO/src/GPIO_program.o
 .ARM.attributes
                0x0000000000000185       0x2d ./Drivers/MCAL/NVIC/src/NVIC_program.o
 .ARM.attributes
                0x00000000000001b2       0x2d ./Drivers/MCAL/RCC/src/RCC_program.o
 .ARM.attributes
                0x00000000000001df       0x2d ./Drivers/MCAL/SysTick/src/SysTick_program.o
 .ARM.attributes
                0x000000000000020c       0x2d ./Src/main.o
 .ARM.attributes
                0x0000000000000239       0x2d ./Src/syscalls.o
 .ARM.attributes
                0x0000000000000266       0x2d ./Src/sysmem.o
 .ARM.attributes
                0x0000000000000293       0x21 ./Startup/startup_stm32f103c8tx.o
 .ARM.attributes
                0x00000000000002b4       0x2d C:/ST/STM32CubeIDE_1.12.1/STM32CubeIDE/plugins/com.st.stm32cube.ide.mcu.externaltools.gnu-tools-for-stm32.11.3.rel1.win32_1.1.100.202309141235/tools/bin/../lib/gcc/arm-none-eabi/11.3.1/../../../../arm-none-eabi/lib/thumb/v7-m/nofp\libc_nano.a(libc_a-findfp.o)
 .ARM.attributes
                0x00000000000002e1       0x2d C:/ST/STM32CubeIDE_1.12.1/STM32CubeIDE/plugins/com.st.stm32cube.ide.mcu.externaltools.gnu-tools-for-stm32.11.3.rel1.win32_1.1.100.202309141235/tools/bin/../lib/gcc/arm-none-eabi/11.3.1/../../../../arm-none-eabi/lib/thumb/v7-m/nofp\libc_nano.a(libc_a-fwalk.o)
 .ARM.attributes
                0x000000000000030e       0x2d C:/ST/STM32CubeIDE_1.12.1/STM32CubeIDE/plugins/com.st.stm32cube.ide.mcu.externaltools.gnu-tools-for-stm32.11.3.rel1.win32_1.1.100.202309141235/tools/bin/../lib/gcc/arm-none-eabi/11.3.1/../../../../arm-none-eabi/lib/thumb/v7-m/nofp\libc_nano.a(libc_a-printf.o)
 .ARM.attributes
                0x000000000000033b       0x2d C:/ST/STM32CubeIDE_1.12.1/STM32CubeIDE/plugins/com.st.stm32cube.ide.mcu.externaltools.gnu-tools-for-stm32.11.3.rel1.win32_1.1.100.202309141235/tools/bin/../lib/gcc/arm-none-eabi/11.3.1/../../../../arm-none-eabi/lib/thumb/v7-m/nofp\libc_nano.a(libc_a-stdio.o)
 .ARM.attributes
                0x0000000000000368       0x2d C:/ST/STM32CubeIDE_1.12.1/STM32CubeIDE/plugins/com.st.stm32cube.ide.mcu.externaltools.gnu-tools-for-stm32.11.3.rel1.win32_1.1.100.202309141235/tools/bin/../lib/gcc/arm-none-eabi/11.3.1/../../../../arm-none-eabi/lib/thumb/v7-m/nofp\libc_nano.a(libc_a-memset.o)
 .ARM.attributes
                0x0000000000000395       0x2d C:/ST/STM32CubeIDE_1.12.1/STM32CubeIDE/plugins/com.st.stm32cube.ide.mcu.externaltools.gnu-tools-for-stm32.11.3.rel1.win32_1.1.100.202309141235/tools/bin/../lib/gcc/arm-none-eabi/11.3.1/../../../../arm-none-eabi/lib/thumb/v7-m/nofp\libc_nano.a(libc_a-closer.o)
 .ARM.attributes
                0x00000000000003c2       0x2d C:/ST/STM32CubeIDE_1.12.1/STM32CubeIDE/plugins/com.st.stm32cube.ide.mcu.externaltools.gnu-tools-for-stm32.11.3.rel1.win32_1.1.100.202309141235/tools/bin/../lib/gcc/arm-none-eabi/11.3.1/../../../../arm-none-eabi/lib/thumb/v7-m/nofp\libc_nano.a(libc_a-reent.o)
 .ARM.attributes
                0x00000000000003ef       0x2d C:/ST/STM32CubeIDE_1.12.1/STM32CubeIDE/plugins/com.st.stm32cube.ide.mcu.externaltools.gnu-tools-for-stm32.11.3.rel1.win32_1.1.100.202309141235/tools/bin/../lib/gcc/arm-none-eabi/11.3.1/../../../../arm-none-eabi/lib/thumb/v7-m/nofp\libc_nano.a(libc_a-impure.o)
 .ARM.attributes
                0x000000000000041c       0x2d C:/ST/STM32CubeIDE_1.12.1/STM32CubeIDE/plugins/com.st.stm32cube.ide.mcu.externaltools.gnu-tools-for-stm32.11.3.rel1.win32_1.1.100.202309141235/tools/bin/../lib/gcc/arm-none-eabi/11.3.1/../../../../arm-none-eabi/lib/thumb/v7-m/nofp\libc_nano.a(libc_a-lseekr.o)
 .ARM.attributes
                0x0000000000000449       0x2d C:/ST/STM32CubeIDE_1.12.1/STM32CubeIDE/plugins/com.st.stm32cube.ide.mcu.externaltools.gnu-tools-for-stm32.11.3.rel1.win32_1.1.100.202309141235/tools/bin/../lib/gcc/arm-none-eabi/11.3.1/../../../../arm-none-eabi/lib/thumb/v7-m/nofp\libc_nano.a(libc_a-readr.o)
 .ARM.attributes
                0x0000000000000476       0x2d C:/ST/STM32CubeIDE_1.12.1/STM32CubeIDE/plugins/com.st.stm32cube.ide.mcu.externaltools.gnu-tools-for-stm32.11.3.rel1.win32_1.1.100.202309141235/tools/bin/../lib/gcc/arm-none-eabi/11.3.1/../../../../arm-none-eabi/lib/thumb/v7-m/nofp\libc_nano.a(libc_a-writer.o)
 .ARM.attributes
                0x00000000000004a3       0x2d C:/ST/STM32CubeIDE_1.12.1/STM32CubeIDE/plugins/com.st.stm32cube.ide.mcu.externaltools.gnu-tools-for-stm32.11.3.rel1.win32_1.1.100.202309141235/tools/bin/../lib/gcc/arm-none-eabi/11.3.1/../../../../arm-none-eabi/lib/thumb/v7-m/nofp\libc_nano.a(libc_a-errno.o)
 .ARM.attributes
                0x00000000000004d0       0x2d C:/ST/STM32CubeIDE_1.12.1/STM32CubeIDE/plugins/com.st.stm32cube.ide.mcu.externaltools.gnu-tools-for-stm32.11.3.rel1.win32_1.1.100.202309141235/tools/bin/../lib/gcc/arm-none-eabi/11.3.1/../../../../arm-none-eabi/lib/thumb/v7-m/nofp\libc_nano.a(libc_a-init.o)
 .ARM.attributes
                0x00000000000004fd       0x2d C:/ST/STM32CubeIDE_1.12.1/STM32CubeIDE/plugins/com.st.stm32cube.ide.mcu.externaltools.gnu-tools-for-stm32.11.3.rel1.win32_1.1.100.202309141235/tools/bin/../lib/gcc/arm-none-eabi/11.3.1/../../../../arm-none-eabi/lib/thumb/v7-m/nofp\libc_nano.a(libc_a-lock.o)
 .ARM.attributes
                0x000000000000052a       0x2d C:/ST/STM32CubeIDE_1.12.1/STM32CubeIDE/plugins/com.st.stm32cube.ide.mcu.externaltools.gnu-tools-for-stm32.11.3.rel1.win32_1.1.100.202309141235/tools/bin/../lib/gcc/arm-none-eabi/11.3.1/../../../../arm-none-eabi/lib/thumb/v7-m/nofp\libc_nano.a(libc_a-freer.o)
 .ARM.attributes
                0x0000000000000557       0x2d C:/ST/STM32CubeIDE_1.12.1/STM32CubeIDE/plugins/com.st.stm32cube.ide.mcu.externaltools.gnu-tools-for-stm32.11.3.rel1.win32_1.1.100.202309141235/tools/bin/../lib/gcc/arm-none-eabi/11.3.1/../../../../arm-none-eabi/lib/thumb/v7-m/nofp\libc_nano.a(libc_a-mallocr.o)
 .ARM.attributes
                0x0000000000000584       0x2d C:/ST/STM32CubeIDE_1.12.1/STM32CubeIDE/plugins/com.st.stm32cube.ide.mcu.externaltools.gnu-tools-for-stm32.11.3.rel1.win32_1.1.100.202309141235/tools/bin/../lib/gcc/arm-none-eabi/11.3.1/../../../../arm-none-eabi/lib/thumb/v7-m/nofp\libc_nano.a(libc_a-mlock.o)
 .ARM.attributes
                0x00000000000005b1       0x2d C:/ST/STM32CubeIDE_1.12.1/STM32CubeIDE/plugins/com.st.stm32cube.ide.mcu.externaltools.gnu-tools-for-stm32.11.3.rel1.win32_1.1.100.202309141235/tools/bin/../lib/gcc/arm-none-eabi/11.3.1/../../../../arm-none-eabi/lib/thumb/v7-m/nofp\libc_nano.a(libc_a-nano-vfprintf.o)
 .ARM.attributes
                0x00000000000005de       0x2d C:/ST/STM32CubeIDE_1.12.1/STM32CubeIDE/plugins/com.st.stm32cube.ide.mcu.externaltools.gnu-tools-for-stm32.11.3.rel1.win32_1.1.100.202309141235/tools/bin/../lib/gcc/arm-none-eabi/11.3.1/../../../../arm-none-eabi/lib/thumb/v7-m/nofp\libc_nano.a(libc_a-nano-vfprintf_i.o)
 .ARM.attributes
                0x000000000000060b       0x2d C:/ST/STM32CubeIDE_1.12.1/STM32CubeIDE/plugins/com.st.stm32cube.ide.mcu.externaltools.gnu-tools-for-stm32.11.3.rel1.win32_1.1.100.202309141235/tools/bin/../lib/gcc/arm-none-eabi/11.3.1/../../../../arm-none-eabi/lib/thumb/v7-m/nofp\libc_nano.a(libc_a-fflush.o)
 .ARM.attributes
                0x0000000000000638       0x2d C:/ST/STM32CubeIDE_1.12.1/STM32CubeIDE/plugins/com.st.stm32cube.ide.mcu.externaltools.gnu-tools-for-stm32.11.3.rel1.win32_1.1.100.202309141235/tools/bin/../lib/gcc/arm-none-eabi/11.3.1/../../../../arm-none-eabi/lib/thumb/v7-m/nofp\libc_nano.a(libc_a-wbuf.o)
 .ARM.attributes
                0x0000000000000665       0x2d C:/ST/STM32CubeIDE_1.12.1/STM32CubeIDE/plugins/com.st.stm32cube.ide.mcu.externaltools.gnu-tools-for-stm32.11.3.rel1.win32_1.1.100.202309141235/tools/bin/../lib/gcc/arm-none-eabi/11.3.1/../../../../arm-none-eabi/lib/thumb/v7-m/nofp\libc_nano.a(libc_a-wsetup.o)
 .ARM.attributes
                0x0000000000000692       0x2d C:/ST/STM32CubeIDE_1.12.1/STM32CubeIDE/plugins/com.st.stm32cube.ide.mcu.externaltools.gnu-tools-for-stm32.11.3.rel1.win32_1.1.100.202309141235/tools/bin/../lib/gcc/arm-none-eabi/11.3.1/../../../../arm-none-eabi/lib/thumb/v7-m/nofp\libc_nano.a(libc_a-sbrkr.o)
 .ARM.attributes
                0x00000000000006bf       0x2d C:/ST/STM32CubeIDE_1.12.1/STM32CubeIDE/plugins/com.st.stm32cube.ide.mcu.externaltools.gnu-tools-for-stm32.11.3.rel1.win32_1.1.100.202309141235/tools/bin/../lib/gcc/arm-none-eabi/11.3.1/../../../../arm-none-eabi/lib/thumb/v7-m/nofp\libc_nano.a(libc_a-memchr-stub.o)
 .ARM.attributes
                0x00000000000006ec       0x2d C:/ST/STM32CubeIDE_1.12.1/STM32CubeIDE/plugins/com.st.stm32cube.ide.mcu.externaltools.gnu-tools-for-stm32.11.3.rel1.win32_1.1.100.202309141235/tools/bin/../lib/gcc/arm-none-eabi/11.3.1/../../../../arm-none-eabi/lib/thumb/v7-m/nofp\libc_nano.a(libc_a-makebuf.o)
 .ARM.attributes
                0x0000000000000719       0x2d C:/ST/STM32CubeIDE_1.12.1/STM32CubeIDE/plugins/com.st.stm32cube.ide.mcu.externaltools.gnu-tools-for-stm32.11.3.rel1.win32_1.1.100.202309141235/tools/bin/../lib/gcc/arm-none-eabi/11.3.1/../../../../arm-none-eabi/lib/thumb/v7-m/nofp\libc_nano.a(libc_a-fstatr.o)
 .ARM.attributes
                0x0000000000000746       0x2d C:/ST/STM32CubeIDE_1.12.1/STM32CubeIDE/plugins/com.st.stm32cube.ide.mcu.externaltools.gnu-tools-for-stm32.11.3.rel1.win32_1.1.100.202309141235/tools/bin/../lib/gcc/arm-none-eabi/11.3.1/../../../../arm-none-eabi/lib/thumb/v7-m/nofp\libc_nano.a(libc_a-isattyr.o)
 .ARM.attributes
                0x0000000000000773       0x1d C:/ST/STM32CubeIDE_1.12.1/STM32CubeIDE/plugins/com.st.stm32cube.ide.mcu.externaltools.gnu-tools-for-stm32.11.3.rel1.win32_1.1.100.202309141235/tools/bin/../lib/gcc/arm-none-eabi/11.3.1/thumb/v7-m/nofp/crtn.o
OUTPUT(pandaKit.elf elf32-littlearm)
LOAD linker stubs
LOAD C:/ST/STM32CubeIDE_1.12.1/STM32CubeIDE/plugins/com.st.stm32cube.ide.mcu.externaltools.gnu-tools-for-stm32.11.3.rel1.win32_1.1.100.202309141235/tools/bin/../lib/gcc/arm-none-eabi/11.3.1/../../../../arm-none-eabi/lib/thumb/v7-m/nofp\libc.a
LOAD C:/ST/STM32CubeIDE_1.12.1/STM32CubeIDE/plugins/com.st.stm32cube.ide.mcu.externaltools.gnu-tools-for-stm32.11.3.rel1.win32_1.1.100.202309141235/tools/bin/../lib/gcc/arm-none-eabi/11.3.1/../../../../arm-none-eabi/lib/thumb/v7-m/nofp\libm.a
LOAD C:/ST/STM32CubeIDE_1.12.1/STM32CubeIDE/plugins/com.st.stm32cube.ide.mcu.externaltools.gnu-tools-for-stm32.11.3.rel1.win32_1.1.100.202309141235/tools/bin/../lib/gcc/arm-none-eabi/11.3.1/thumb/v7-m/nofp\libgcc.a

.comment        0x0000000000000000       0x43
 .comment       0x0000000000000000       0x43 C:/ST/STM32CubeIDE_1.12.1/STM32CubeIDE/plugins/com.st.stm32cube.ide.mcu.externaltools.gnu-tools-for-stm32.11.3.rel1.win32_1.1.100.202309141235/tools/bin/../lib/gcc/arm-none-eabi/11.3.1/thumb/v7-m/nofp/crtbegin.o
                                         0x44 (size before relaxing)
 .comment       0x0000000000000043       0x44 ./Drivers/HAL/Keypad/src/Keypad_config.o
 .comment       0x0000000000000043       0x44 ./Drivers/HAL/Keypad/src/Keypad_program.o
 .comment       0x0000000000000043       0x44 ./Drivers/HAL/LCD/src/LCD_config.o
 .comment       0x0000000000000043       0x44 ./Drivers/HAL/LCD/src/LCD_program.o
 .comment       0x0000000000000043       0x44 ./Drivers/MCAL/DMA/src/DMA_program.o
 .comment       0x0000000000000043       0x44 ./Drivers/MCAL/EXTI/src/EXTI_program.o
 .comment       0x0000000000000043       0x44 ./Drivers/MCAL/GPIO/src/GPIO_program.o
 .comment       0x0000000000000043       0x44 ./Drivers/MCAL/NVIC/src/NVIC_program.o
 .comment       0x0000000000000043       0x44 ./Drivers/MCAL/RCC/src/RCC_program.o
 .comment       0x0000000000000043       0x44 ./Drivers/MCAL/SysTick/src/SysTick_program.o
 .comment       0x0000000000000043       0x44 ./Src/main.o
 .comment       0x0000000000000043       0x44 ./Src/syscalls.o
 .comment       0x0000000000000043       0x44 ./Src/sysmem.o

.debug_info     0x0000000000000000     0x341e
 .debug_info    0x0000000000000000      0x274 ./Drivers/HAL/Keypad/src/Keypad_config.o
 .debug_info    0x0000000000000274      0x326 ./Drivers/HAL/Keypad/src/Keypad_program.o
 .debug_info    0x000000000000059a      0x1f6 ./Drivers/HAL/LCD/src/LCD_config.o
 .debug_info    0x0000000000000790      0x56c ./Drivers/HAL/LCD/src/LCD_program.o
 .debug_info    0x0000000000000cfc      0x429 ./Drivers/MCAL/DMA/src/DMA_program.o
 .debug_info    0x0000000000001125      0x500 ./Drivers/MCAL/EXTI/src/EXTI_program.o
 .debug_info    0x0000000000001625      0x3d0 ./Drivers/MCAL/GPIO/src/GPIO_program.o
 .debug_info    0x00000000000019f5      0x41b ./Drivers/MCAL/NVIC/src/NVIC_program.o
 .debug_info    0x0000000000001e10      0x3a8 ./Drivers/MCAL/RCC/src/RCC_program.o
 .debug_info    0x00000000000021b8      0x26e ./Drivers/MCAL/SysTick/src/SysTick_program.o
 .debug_info    0x0000000000002426      0x7ca ./Src/main.o
 .debug_info    0x0000000000002bf0      0x6a3 ./Src/syscalls.o
 .debug_info    0x0000000000003293      0x168 ./Src/sysmem.o
 .debug_info    0x00000000000033fb       0x23 ./Startup/startup_stm32f103c8tx.o

.debug_abbrev   0x0000000000000000     0x1106
 .debug_abbrev  0x0000000000000000       0x9f ./Drivers/HAL/Keypad/src/Keypad_config.o
 .debug_abbrev  0x000000000000009f      0x11b ./Drivers/HAL/Keypad/src/Keypad_program.o
 .debug_abbrev  0x00000000000001ba       0x8d ./Drivers/HAL/LCD/src/LCD_config.o
 .debug_abbrev  0x0000000000000247      0x21e ./Drivers/HAL/LCD/src/LCD_program.o
 .debug_abbrev  0x0000000000000465      0x1ac ./Drivers/MCAL/DMA/src/DMA_program.o
 .debug_abbrev  0x0000000000000611      0x1af ./Drivers/MCAL/EXTI/src/EXTI_program.o
 .debug_abbrev  0x00000000000007c0      0x114 ./Drivers/MCAL/GPIO/src/GPIO_program.o
 .debug_abbrev  0x00000000000008d4      0x136 ./Drivers/MCAL/NVIC/src/NVIC_program.o
 .debug_abbrev  0x0000000000000a0a      0x123 ./Drivers/MCAL/RCC/src/RCC_program.o
 .debug_abbrev  0x0000000000000b2d      0x128 ./Drivers/MCAL/SysTick/src/SysTick_program.o
 .debug_abbrev  0x0000000000000c55      0x22d ./Src/main.o
 .debug_abbrev  0x0000000000000e82      0x1b6 ./Src/syscalls.o
 .debug_abbrev  0x0000000000001038       0xbc ./Src/sysmem.o
 .debug_abbrev  0x00000000000010f4       0x12 ./Startup/startup_stm32f103c8tx.o

.debug_aranges  0x0000000000000000      0x428
 .debug_aranges
                0x0000000000000000       0x18 ./Drivers/HAL/Keypad/src/Keypad_config.o
 .debug_aranges
                0x0000000000000018       0x28 ./Drivers/HAL/Keypad/src/Keypad_program.o
 .debug_aranges
                0x0000000000000040       0x18 ./Drivers/HAL/LCD/src/LCD_config.o
 .debug_aranges
                0x0000000000000058       0x88 ./Drivers/HAL/LCD/src/LCD_program.o
 .debug_aranges
                0x00000000000000e0       0x98 ./Drivers/MCAL/DMA/src/DMA_program.o
 .debug_aranges
                0x0000000000000178       0x80 ./Drivers/MCAL/EXTI/src/EXTI_program.o
 .debug_aranges
                0x00000000000001f8       0x38 ./Drivers/MCAL/GPIO/src/GPIO_program.o
 .debug_aranges
                0x0000000000000230       0x50 ./Drivers/MCAL/NVIC/src/NVIC_program.o
 .debug_aranges
                0x0000000000000280       0x30 ./Drivers/MCAL/RCC/src/RCC_program.o
 .debug_aranges
                0x00000000000002b0       0x40 ./Drivers/MCAL/SysTick/src/SysTick_program.o
 .debug_aranges
                0x00000000000002f0       0x48 ./Src/main.o
 .debug_aranges
                0x0000000000000338       0xa8 ./Src/syscalls.o
 .debug_aranges
                0x00000000000003e0       0x20 ./Src/sysmem.o
 .debug_aranges
                0x0000000000000400       0x28 ./Startup/startup_stm32f103c8tx.o

.debug_macro    0x0000000000000000     0x36af
 .debug_macro   0x0000000000000000       0xb0 ./Drivers/HAL/Keypad/src/Keypad_config.o
 .debug_macro   0x00000000000000b0      0xaa2 ./Drivers/HAL/Keypad/src/Keypad_config.o
 .debug_macro   0x0000000000000b52       0x22 ./Drivers/HAL/Keypad/src/Keypad_config.o
 .debug_macro   0x0000000000000b74       0x8e ./Drivers/HAL/Keypad/src/Keypad_config.o
 .debug_macro   0x0000000000000c02       0x51 ./Drivers/HAL/Keypad/src/Keypad_config.o
 .debug_macro   0x0000000000000c53      0x103 ./Drivers/HAL/Keypad/src/Keypad_config.o
 .debug_macro   0x0000000000000d56       0x6a ./Drivers/HAL/Keypad/src/Keypad_config.o
 .debug_macro   0x0000000000000dc0      0x1df ./Drivers/HAL/Keypad/src/Keypad_config.o
 .debug_macro   0x0000000000000f9f       0x28 ./Drivers/HAL/Keypad/src/Keypad_config.o
 .debug_macro   0x0000000000000fc7       0x10 ./Drivers/HAL/Keypad/src/Keypad_config.o
 .debug_macro   0x0000000000000fd7       0x3a ./Drivers/HAL/Keypad/src/Keypad_config.o
 .debug_macro   0x0000000000001011       0x46 ./Drivers/HAL/Keypad/src/Keypad_config.o
 .debug_macro   0x0000000000001057       0x16 ./Drivers/HAL/Keypad/src/Keypad_config.o
 .debug_macro   0x000000000000106d       0xb0 ./Drivers/HAL/Keypad/src/Keypad_program.o
 .debug_macro   0x000000000000111d       0xb8 ./Drivers/HAL/LCD/src/LCD_config.o
 .debug_macro   0x00000000000011d5       0x6a ./Drivers/HAL/LCD/src/LCD_config.o
 .debug_macro   0x000000000000123f       0xb8 ./Drivers/HAL/LCD/src/LCD_program.o
 .debug_macro   0x00000000000012f7       0x97 ./Drivers/MCAL/DMA/src/DMA_program.o
 .debug_macro   0x000000000000138e       0x4c ./Drivers/MCAL/DMA/src/DMA_program.o
 .debug_macro   0x00000000000013da       0xe2 ./Drivers/MCAL/DMA/src/DMA_program.o
 .debug_macro   0x00000000000014bc       0x97 ./Drivers/MCAL/EXTI/src/EXTI_program.o
 .debug_macro   0x0000000000001553       0x16 ./Drivers/MCAL/EXTI/src/EXTI_program.o
 .debug_macro   0x0000000000001569       0x1c ./Drivers/MCAL/EXTI/src/EXTI_program.o
 .debug_macro   0x0000000000001585       0x97 ./Drivers/MCAL/GPIO/src/GPIO_program.o
 .debug_macro   0x000000000000161c       0x97 ./Drivers/MCAL/NVIC/src/NVIC_program.o
 .debug_macro   0x00000000000016b3       0x22 ./Drivers/MCAL/NVIC/src/NVIC_program.o
 .debug_macro   0x00000000000016d5       0x22 ./Drivers/MCAL/NVIC/src/NVIC_program.o
 .debug_macro   0x00000000000016f7       0x91 ./Drivers/MCAL/RCC/src/RCC_program.o
 .debug_macro   0x0000000000001788      0x108 ./Drivers/MCAL/RCC/src/RCC_program.o
 .debug_macro   0x0000000000001890       0x4c ./Drivers/MCAL/RCC/src/RCC_program.o
 .debug_macro   0x00000000000018dc       0x91 ./Drivers/MCAL/SysTick/src/SysTick_program.o
 .debug_macro   0x000000000000196d       0x1c ./Drivers/MCAL/SysTick/src/SysTick_program.o
 .debug_macro   0x0000000000001989       0x16 ./Drivers/MCAL/SysTick/src/SysTick_program.o
 .debug_macro   0x000000000000199f      0x242 ./Src/main.o
 .debug_macro   0x0000000000001be1       0x61 ./Src/main.o
 .debug_macro   0x0000000000001c42       0x24 ./Src/main.o
 .debug_macro   0x0000000000001c66       0x43 ./Src/main.o
 .debug_macro   0x0000000000001ca9       0x34 ./Src/main.o
 .debug_macro   0x0000000000001cdd      0x174 ./Src/main.o
 .debug_macro   0x0000000000001e51       0x16 ./Src/main.o
 .debug_macro   0x0000000000001e67       0x43 ./Src/main.o
 .debug_macro   0x0000000000001eaa       0x34 ./Src/main.o
 .debug_macro   0x0000000000001ede       0x10 ./Src/main.o
 .debug_macro   0x0000000000001eee       0x58 ./Src/main.o
 .debug_macro   0x0000000000001f46       0x8e ./Src/main.o
 .debug_macro   0x0000000000001fd4       0x1c ./Src/main.o
 .debug_macro   0x0000000000001ff0      0x177 ./Src/main.o
 .debug_macro   0x0000000000002167      0x369 ./Src/main.o
 .debug_macro   0x00000000000024d0       0x10 ./Src/main.o
 .debug_macro   0x00000000000024e0       0x35 ./Src/main.o
 .debug_macro   0x0000000000002515       0x20 ./Src/main.o
 .debug_macro   0x0000000000002535       0x1c ./Src/main.o
 .debug_macro   0x0000000000002551      0x274 ./Src/syscalls.o
 .debug_macro   0x00000000000027c5       0x5b ./Src/syscalls.o
 .debug_macro   0x0000000000002820       0x94 ./Src/syscalls.o
 .debug_macro   0x00000000000028b4       0x57 ./Src/syscalls.o
 .debug_macro   0x000000000000290b       0x10 ./Src/syscalls.o
 .debug_macro   0x000000000000291b       0x10 ./Src/syscalls.o
 .debug_macro   0x000000000000292b       0x10 ./Src/syscalls.o
 .debug_macro   0x000000000000293b       0x10 ./Src/syscalls.o
 .debug_macro   0x000000000000294b       0x1c ./Src/syscalls.o
 .debug_macro   0x0000000000002967       0x52 ./Src/syscalls.o
 .debug_macro   0x00000000000029b9       0x22 ./Src/syscalls.o
 .debug_macro   0x00000000000029db       0x10 ./Src/syscalls.o
 .debug_macro   0x00000000000029eb       0x52 ./Src/syscalls.o
 .debug_macro   0x0000000000002a3d       0xcf ./Src/syscalls.o
 .debug_macro   0x0000000000002b0c       0x1c ./Src/syscalls.o
 .debug_macro   0x0000000000002b28       0x3d ./Src/syscalls.o
 .debug_macro   0x0000000000002b65       0x35 ./Src/syscalls.o
 .debug_macro   0x0000000000002b9a      0x12c ./Src/syscalls.o
 .debug_macro   0x0000000000002cc6       0x16 ./Src/syscalls.o
 .debug_macro   0x0000000000002cdc       0x16 ./Src/syscalls.o
 .debug_macro   0x0000000000002cf2       0x29 ./Src/syscalls.o
 .debug_macro   0x0000000000002d1b       0x10 ./Src/syscalls.o
 .debug_macro   0x0000000000002d2b      0x242 ./Src/syscalls.o
 .debug_macro   0x0000000000002f6d       0x1c ./Src/syscalls.o
 .debug_macro   0x0000000000002f89       0x10 ./Src/syscalls.o
 .debug_macro   0x0000000000002f99       0x10 ./Src/syscalls.o
 .debug_macro   0x0000000000002fa9       0x16 ./Src/syscalls.o
 .debug_macro   0x0000000000002fbf      0x147 ./Src/syscalls.o
 .debug_macro   0x0000000000003106      0x18a ./Src/syscalls.o
 .debug_macro   0x0000000000003290       0x16 ./Src/syscalls.o
 .debug_macro   0x00000000000032a6       0xce ./Src/syscalls.o
 .debug_macro   0x0000000000003374       0xff ./Src/sysmem.o
 .debug_macro   0x0000000000003473      0x23c ./Src/sysmem.o

.debug_line     0x0000000000000000     0x58bd
 .debug_line    0x0000000000000000      0x525 ./Drivers/HAL/Keypad/src/Keypad_config.o
 .debug_line    0x0000000000000525      0x5e5 ./Drivers/HAL/Keypad/src/Keypad_program.o
 .debug_line    0x0000000000000b0a      0x527 ./Drivers/HAL/LCD/src/LCD_config.o
 .debug_line    0x0000000000001031      0x7f5 ./Drivers/HAL/LCD/src/LCD_program.o
 .debug_line    0x0000000000001826      0x8bb ./Drivers/MCAL/DMA/src/DMA_program.o
 .debug_line    0x00000000000020e1      0x762 ./Drivers/MCAL/EXTI/src/EXTI_program.o
 .debug_line    0x0000000000002843      0x5c0 ./Drivers/MCAL/GPIO/src/GPIO_program.o
 .debug_line    0x0000000000002e03      0x5f9 ./Drivers/MCAL/NVIC/src/NVIC_program.o
 .debug_line    0x00000000000033fc      0x553 ./Drivers/MCAL/RCC/src/RCC_program.o
 .debug_line    0x000000000000394f      0x6db ./Drivers/MCAL/SysTick/src/SysTick_program.o
 .debug_line    0x000000000000402a      0x9ed ./Src/main.o
 .debug_line    0x0000000000004a17      0x8ad ./Src/syscalls.o
 .debug_line    0x00000000000052c4      0x57e ./Src/sysmem.o
 .debug_line    0x0000000000005842       0x7b ./Startup/startup_stm32f103c8tx.o

.debug_str      0x0000000000000000     0xbb27
 .debug_str     0x0000000000000000     0x4180 ./Drivers/HAL/Keypad/src/Keypad_config.o
                                       0x433f (size before relaxing)
 .debug_str     0x0000000000004180       0x9b ./Drivers/HAL/Keypad/src/Keypad_program.o
                                       0x43b9 (size before relaxing)
 .debug_str     0x000000000000421b      0x185 ./Drivers/HAL/LCD/src/LCD_config.o
                                       0x4399 (size before relaxing)
 .debug_str     0x00000000000043a0      0x162 ./Drivers/HAL/LCD/src/LCD_program.o
                                       0x453c (size before relaxing)
 .debug_str     0x0000000000004502      0x71a ./Drivers/MCAL/DMA/src/DMA_program.o
                                       0x4582 (size before relaxing)
 .debug_str     0x0000000000004c1c      0x393 ./Drivers/MCAL/EXTI/src/EXTI_program.o
                                       0x41ec (size before relaxing)
 .debug_str     0x0000000000004faf       0xd3 ./Drivers/MCAL/GPIO/src/GPIO_program.o
                                       0x435c (size before relaxing)
 .debug_str     0x0000000000005082      0x5e0 ./Drivers/MCAL/NVIC/src/NVIC_program.o
                                       0x4413 (size before relaxing)
 .debug_str     0x0000000000005662      0x4cb ./Drivers/MCAL/RCC/src/RCC_program.o
                                       0x4335 (size before relaxing)
 .debug_str     0x0000000000005b2d      0x1a7 ./Drivers/MCAL/SysTick/src/SysTick_program.o
                                       0x3fe6 (size before relaxing)
 .debug_str     0x0000000000005cd4     0x3663 ./Src/main.o
                                       0x8aad (size before relaxing)
 .debug_str     0x0000000000009337     0x2735 ./Src/syscalls.o
                                       0x9839 (size before relaxing)
 .debug_str     0x000000000000ba6c       0x66 ./Src/sysmem.o
                                       0x5ff0 (size before relaxing)
 .debug_str     0x000000000000bad2       0x55 ./Startup/startup_stm32f103c8tx.o

.debug_rnglists
                0x0000000000000000      0x2ea
 .debug_rnglists
                0x0000000000000000       0x1b ./Drivers/HAL/Keypad/src/Keypad_program.o
 .debug_rnglists
                0x000000000000001b       0x65 ./Drivers/HAL/LCD/src/LCD_program.o
 .debug_rnglists
                0x0000000000000080       0x70 ./Drivers/MCAL/DMA/src/DMA_program.o
 .debug_rnglists
                0x00000000000000f0       0x5e ./Drivers/MCAL/EXTI/src/EXTI_program.o
 .debug_rnglists
                0x000000000000014e       0x3c ./Drivers/MCAL/GPIO/src/GPIO_program.o
 .debug_rnglists
                0x000000000000018a       0x38 ./Drivers/MCAL/NVIC/src/NVIC_program.o
 .debug_rnglists
                0x00000000000001c2       0x22 ./Drivers/MCAL/RCC/src/RCC_program.o
 .debug_rnglists
                0x00000000000001e4       0x2f ./Drivers/MCAL/SysTick/src/SysTick_program.o
 .debug_rnglists
                0x0000000000000213       0x32 ./Src/main.o
 .debug_rnglists
                0x0000000000000245       0x79 ./Src/syscalls.o
 .debug_rnglists
                0x00000000000002be       0x13 ./Src/sysmem.o
 .debug_rnglists
                0x00000000000002d1       0x19 ./Startup/startup_stm32f103c8tx.o

.debug_frame    0x0000000000000000     0x14e4
 .debug_frame   0x0000000000000000       0x50 ./Drivers/HAL/Keypad/src/Keypad_program.o
 .debug_frame   0x0000000000000050      0x1f4 ./Drivers/HAL/LCD/src/LCD_program.o
 .debug_frame   0x0000000000000244      0x20c ./Drivers/MCAL/DMA/src/DMA_program.o
 .debug_frame   0x0000000000000450      0x1c4 ./Drivers/MCAL/EXTI/src/EXTI_program.o
 .debug_frame   0x0000000000000614       0xb0 ./Drivers/MCAL/GPIO/src/GPIO_program.o
 .debug_frame   0x00000000000006c4      0x128 ./Drivers/MCAL/NVIC/src/NVIC_program.o
 .debug_frame   0x00000000000007ec       0x88 ./Drivers/MCAL/RCC/src/RCC_program.o
 .debug_frame   0x0000000000000874       0xc4 ./Drivers/MCAL/SysTick/src/SysTick_program.o
 .debug_frame   0x0000000000000938       0xd0 ./Src/main.o
 .debug_frame   0x0000000000000a08      0x2ac ./Src/syscalls.o
 .debug_frame   0x0000000000000cb4       0x34 ./Src/sysmem.o
 .debug_frame   0x0000000000000ce8      0x144 C:/ST/STM32CubeIDE_1.12.1/STM32CubeIDE/plugins/com.st.stm32cube.ide.mcu.externaltools.gnu-tools-for-stm32.11.3.rel1.win32_1.1.100.202309141235/tools/bin/../lib/gcc/arm-none-eabi/11.3.1/../../../../arm-none-eabi/lib/thumb/v7-m/nofp\libc_nano.a(libc_a-findfp.o)
 .debug_frame   0x0000000000000e2c       0x34 C:/ST/STM32CubeIDE_1.12.1/STM32CubeIDE/plugins/com.st.stm32cube.ide.mcu.externaltools.gnu-tools-for-stm32.11.3.rel1.win32_1.1.100.202309141235/tools/bin/../lib/gcc/arm-none-eabi/11.3.1/../../../../arm-none-eabi/lib/thumb/v7-m/nofp\libc_nano.a(libc_a-fwalk.o)
 .debug_frame   0x0000000000000e60       0x6c C:/ST/STM32CubeIDE_1.12.1/STM32CubeIDE/plugins/com.st.stm32cube.ide.mcu.externaltools.gnu-tools-for-stm32.11.3.rel1.win32_1.1.100.202309141235/tools/bin/../lib/gcc/arm-none-eabi/11.3.1/../../../../arm-none-eabi/lib/thumb/v7-m/nofp\libc_nano.a(libc_a-printf.o)
 .debug_frame   0x0000000000000ecc       0x88 C:/ST/STM32CubeIDE_1.12.1/STM32CubeIDE/plugins/com.st.stm32cube.ide.mcu.externaltools.gnu-tools-for-stm32.11.3.rel1.win32_1.1.100.202309141235/tools/bin/../lib/gcc/arm-none-eabi/11.3.1/../../../../arm-none-eabi/lib/thumb/v7-m/nofp\libc_nano.a(libc_a-stdio.o)
 .debug_frame   0x0000000000000f54       0x20 C:/ST/STM32CubeIDE_1.12.1/STM32CubeIDE/plugins/com.st.stm32cube.ide.mcu.externaltools.gnu-tools-for-stm32.11.3.rel1.win32_1.1.100.202309141235/tools/bin/../lib/gcc/arm-none-eabi/11.3.1/../../../../arm-none-eabi/lib/thumb/v7-m/nofp\libc_nano.a(libc_a-memset.o)
 .debug_frame   0x0000000000000f74       0x2c C:/ST/STM32CubeIDE_1.12.1/STM32CubeIDE/plugins/com.st.stm32cube.ide.mcu.externaltools.gnu-tools-for-stm32.11.3.rel1.win32_1.1.100.202309141235/tools/bin/../lib/gcc/arm-none-eabi/11.3.1/../../../../arm-none-eabi/lib/thumb/v7-m/nofp\libc_nano.a(libc_a-closer.o)
 .debug_frame   0x0000000000000fa0       0x38 C:/ST/STM32CubeIDE_1.12.1/STM32CubeIDE/plugins/com.st.stm32cube.ide.mcu.externaltools.gnu-tools-for-stm32.11.3.rel1.win32_1.1.100.202309141235/tools/bin/../lib/gcc/arm-none-eabi/11.3.1/../../../../arm-none-eabi/lib/thumb/v7-m/nofp\libc_nano.a(libc_a-reent.o)
 .debug_frame   0x0000000000000fd8       0x2c C:/ST/STM32CubeIDE_1.12.1/STM32CubeIDE/plugins/com.st.stm32cube.ide.mcu.externaltools.gnu-tools-for-stm32.11.3.rel1.win32_1.1.100.202309141235/tools/bin/../lib/gcc/arm-none-eabi/11.3.1/../../../../arm-none-eabi/lib/thumb/v7-m/nofp\libc_nano.a(libc_a-lseekr.o)
 .debug_frame   0x0000000000001004       0x2c C:/ST/STM32CubeIDE_1.12.1/STM32CubeIDE/plugins/com.st.stm32cube.ide.mcu.externaltools.gnu-tools-for-stm32.11.3.rel1.win32_1.1.100.202309141235/tools/bin/../lib/gcc/arm-none-eabi/11.3.1/../../../../arm-none-eabi/lib/thumb/v7-m/nofp\libc_nano.a(libc_a-readr.o)
 .debug_frame   0x0000000000001030       0x2c C:/ST/STM32CubeIDE_1.12.1/STM32CubeIDE/plugins/com.st.stm32cube.ide.mcu.externaltools.gnu-tools-for-stm32.11.3.rel1.win32_1.1.100.202309141235/tools/bin/../lib/gcc/arm-none-eabi/11.3.1/../../../../arm-none-eabi/lib/thumb/v7-m/nofp\libc_nano.a(libc_a-writer.o)
 .debug_frame   0x000000000000105c       0x20 C:/ST/STM32CubeIDE_1.12.1/STM32CubeIDE/plugins/com.st.stm32cube.ide.mcu.externaltools.gnu-tools-for-stm32.11.3.rel1.win32_1.1.100.202309141235/tools/bin/../lib/gcc/arm-none-eabi/11.3.1/../../../../arm-none-eabi/lib/thumb/v7-m/nofp\libc_nano.a(libc_a-errno.o)
 .debug_frame   0x000000000000107c       0x2c C:/ST/STM32CubeIDE_1.12.1/STM32CubeIDE/plugins/com.st.stm32cube.ide.mcu.externaltools.gnu-tools-for-stm32.11.3.rel1.win32_1.1.100.202309141235/tools/bin/../lib/gcc/arm-none-eabi/11.3.1/../../../../arm-none-eabi/lib/thumb/v7-m/nofp\libc_nano.a(libc_a-init.o)
 .debug_frame   0x00000000000010a8       0xb0 C:/ST/STM32CubeIDE_1.12.1/STM32CubeIDE/plugins/com.st.stm32cube.ide.mcu.externaltools.gnu-tools-for-stm32.11.3.rel1.win32_1.1.100.202309141235/tools/bin/../lib/gcc/arm-none-eabi/11.3.1/../../../../arm-none-eabi/lib/thumb/v7-m/nofp\libc_nano.a(libc_a-lock.o)
 .debug_frame   0x0000000000001158       0x38 C:/ST/STM32CubeIDE_1.12.1/STM32CubeIDE/plugins/com.st.stm32cube.ide.mcu.externaltools.gnu-tools-for-stm32.11.3.rel1.win32_1.1.100.202309141235/tools/bin/../lib/gcc/arm-none-eabi/11.3.1/../../../../arm-none-eabi/lib/thumb/v7-m/nofp\libc_nano.a(libc_a-freer.o)
 .debug_frame   0x0000000000001190       0x50 C:/ST/STM32CubeIDE_1.12.1/STM32CubeIDE/plugins/com.st.stm32cube.ide.mcu.externaltools.gnu-tools-for-stm32.11.3.rel1.win32_1.1.100.202309141235/tools/bin/../lib/gcc/arm-none-eabi/11.3.1/../../../../arm-none-eabi/lib/thumb/v7-m/nofp\libc_nano.a(libc_a-mallocr.o)
 .debug_frame   0x00000000000011e0       0x30 C:/ST/STM32CubeIDE_1.12.1/STM32CubeIDE/plugins/com.st.stm32cube.ide.mcu.externaltools.gnu-tools-for-stm32.11.3.rel1.win32_1.1.100.202309141235/tools/bin/../lib/gcc/arm-none-eabi/11.3.1/../../../../arm-none-eabi/lib/thumb/v7-m/nofp\libc_nano.a(libc_a-mlock.o)
 .debug_frame   0x0000000000001210       0xa8 C:/ST/STM32CubeIDE_1.12.1/STM32CubeIDE/plugins/com.st.stm32cube.ide.mcu.externaltools.gnu-tools-for-stm32.11.3.rel1.win32_1.1.100.202309141235/tools/bin/../lib/gcc/arm-none-eabi/11.3.1/../../../../arm-none-eabi/lib/thumb/v7-m/nofp\libc_nano.a(libc_a-nano-vfprintf.o)
 .debug_frame   0x00000000000012b8       0x60 C:/ST/STM32CubeIDE_1.12.1/STM32CubeIDE/plugins/com.st.stm32cube.ide.mcu.externaltools.gnu-tools-for-stm32.11.3.rel1.win32_1.1.100.202309141235/tools/bin/../lib/gcc/arm-none-eabi/11.3.1/../../../../arm-none-eabi/lib/thumb/v7-m/nofp\libc_nano.a(libc_a-nano-vfprintf_i.o)
 .debug_frame   0x0000000000001318       0x5c C:/ST/STM32CubeIDE_1.12.1/STM32CubeIDE/plugins/com.st.stm32cube.ide.mcu.externaltools.gnu-tools-for-stm32.11.3.rel1.win32_1.1.100.202309141235/tools/bin/../lib/gcc/arm-none-eabi/11.3.1/../../../../arm-none-eabi/lib/thumb/v7-m/nofp\libc_nano.a(libc_a-fflush.o)
 .debug_frame   0x0000000000001374       0x40 C:/ST/STM32CubeIDE_1.12.1/STM32CubeIDE/plugins/com.st.stm32cube.ide.mcu.externaltools.gnu-tools-for-stm32.11.3.rel1.win32_1.1.100.202309141235/tools/bin/../lib/gcc/arm-none-eabi/11.3.1/../../../../arm-none-eabi/lib/thumb/v7-m/nofp\libc_nano.a(libc_a-wbuf.o)
 .debug_frame   0x00000000000013b4       0x2c C:/ST/STM32CubeIDE_1.12.1/STM32CubeIDE/plugins/com.st.stm32cube.ide.mcu.externaltools.gnu-tools-for-stm32.11.3.rel1.win32_1.1.100.202309141235/tools/bin/../lib/gcc/arm-none-eabi/11.3.1/../../../../arm-none-eabi/lib/thumb/v7-m/nofp\libc_nano.a(libc_a-wsetup.o)
 .debug_frame   0x00000000000013e0       0x2c C:/ST/STM32CubeIDE_1.12.1/STM32CubeIDE/plugins/com.st.stm32cube.ide.mcu.externaltools.gnu-tools-for-stm32.11.3.rel1.win32_1.1.100.202309141235/tools/bin/../lib/gcc/arm-none-eabi/11.3.1/../../../../arm-none-eabi/lib/thumb/v7-m/nofp\libc_nano.a(libc_a-sbrkr.o)
 .debug_frame   0x000000000000140c       0x28 C:/ST/STM32CubeIDE_1.12.1/STM32CubeIDE/plugins/com.st.stm32cube.ide.mcu.externaltools.gnu-tools-for-stm32.11.3.rel1.win32_1.1.100.202309141235/tools/bin/../lib/gcc/arm-none-eabi/11.3.1/../../../../arm-none-eabi/lib/thumb/v7-m/nofp\libc_nano.a(libc_a-memchr-stub.o)
 .debug_frame   0x0000000000001434       0x58 C:/ST/STM32CubeIDE_1.12.1/STM32CubeIDE/plugins/com.st.stm32cube.ide.mcu.externaltools.gnu-tools-for-stm32.11.3.rel1.win32_1.1.100.202309141235/tools/bin/../lib/gcc/arm-none-eabi/11.3.1/../../../../arm-none-eabi/lib/thumb/v7-m/nofp\libc_nano.a(libc_a-makebuf.o)
 .debug_frame   0x000000000000148c       0x2c C:/ST/STM32CubeIDE_1.12.1/STM32CubeIDE/plugins/com.st.stm32cube.ide.mcu.externaltools.gnu-tools-for-stm32.11.3.rel1.win32_1.1.100.202309141235/tools/bin/../lib/gcc/arm-none-eabi/11.3.1/../../../../arm-none-eabi/lib/thumb/v7-m/nofp\libc_nano.a(libc_a-fstatr.o)
 .debug_frame   0x00000000000014b8       0x2c C:/ST/STM32CubeIDE_1.12.1/STM32CubeIDE/plugins/com.st.stm32cube.ide.mcu.externaltools.gnu-tools-for-stm32.11.3.rel1.win32_1.1.100.202309141235/tools/bin/../lib/gcc/arm-none-eabi/11.3.1/../../../../arm-none-eabi/lib/thumb/v7-m/nofp\libc_nano.a(libc_a-isattyr.o)

.debug_line_str
                0x0000000000000000       0x49
 .debug_line_str
                0x0000000000000000       0x49 ./Startup/startup_stm32f103c8tx.o
                                         0x61 (size before relaxing)
