../Drivers/HAL/LCD/src/LCD_program.c:53:13:WriteInsterction	16	static
../Drivers/HAL/LCD/src/LCD_program.c:79:13:WriteData	16	static
../Drivers/HAL/LCD/src/LCD_program.c:104:6:LCD_Init	8	static
../Drivers/HAL/LCD/src/LCD_program.c:118:6:LCD_WriteChar	16	static
../Drivers/HAL/LCD/src/LCD_program.c:124:6:LCD_Clear	8	static
../Drivers/HAL/LCD/src/LCD_program.c:130:6:LCD_WriteNumber	40	static
../Drivers/HAL/LCD/src/LCD_program.c:166:6:LCD_WriteString	24	static
../Drivers/HAL/LCD/src/LCD_program.c:179:6:LCD_WriteBinary	24	static
../Drivers/HAL/LCD/src/LCD_program.c:193:6:LCD_WriteHex	48	static
../Drivers/HAL/LCD/src/LCD_program.c:210:6:LCD_ReturnHome	8	static
../Drivers/HAL/LCD/src/LCD_program.c:216:6:LCD_GoTo	16	static
../Drivers/HAL/LCD/src/LCD_program.c:230:6:LCD_WriteNumber4D	16	static
../Drivers/HAL/LCD/src/LCD_program.c:238:6:LCD_GoToClear	24	static
../Drivers/HAL/LCD/src/LCD_program.c:251:6:LCD_CreateCharacter	24	static
