../Drivers/HAL/LCD/src/LCD_program.c:54:13:WriteInsterction	16	static
../Drivers/HAL/LCD/src/LCD_program.c:80:13:WriteData	16	static
../Drivers/HAL/LCD/src/LCD_program.c:112:6:LCD_Init	8	static
../Drivers/HAL/LCD/src/LCD_program.c:134:6:LCD_WriteChar	16	static
../Drivers/HAL/LCD/src/LCD_program.c:140:6:LCD_Clear	8	static
../Drivers/HAL/LCD/src/LCD_program.c:146:6:LCD_WriteNumber	40	static
../Drivers/HAL/LCD/src/LCD_program.c:182:6:LCD_WriteString	24	static
../Drivers/HAL/LCD/src/LCD_program.c:195:6:LCD_WriteBinary	24	static
../Drivers/HAL/LCD/src/LCD_program.c:209:6:LCD_WriteHex	48	static
../Drivers/HAL/LCD/src/LCD_program.c:226:6:LCD_ReturnHome	8	static
../Drivers/HAL/LCD/src/LCD_program.c:232:6:LCD_GoTo	16	static
../Drivers/HAL/LCD/src/LCD_program.c:246:6:LCD_WriteNumber4D	16	static
../Drivers/HAL/LCD/src/LCD_program.c:254:6:LCD_GoToClear	24	static
../Drivers/HAL/LCD/src/LCD_program.c:267:6:LCD_CreateCharacter	24	static
