../Drivers/MCAL/EXTI/src/EXTI_program.c:28:10:EXTI_RETURNtSetInterruptStatus	24	static
../Drivers/MCAL/EXTI/src/EXTI_program.c:56:10:EXTI_RETURNtSetEventStatus	24	static
../Drivers/MCAL/EXTI/src/EXTI_program.c:82:10:EXTI_RETURNtSetInterruptEdge	24	static
../Drivers/MCAL/EXTI/src/EXTI_program.c:112:6:EXTI_vSetSoftwareInterrupt	16	static
../Drivers/MCAL/EXTI/src/EXTI_program.c:127:6:EXTI_vClearPendingFlag	16	static
../Drivers/MCAL/EXTI/src/EXTI_program.c:145:10:EXTI_RETURNtSetCalbackFunction	24	static
../Drivers/MCAL/EXTI/src/EXTI_program.c:173:6:EXTI0_IRQHandler	8	static
../Drivers/MCAL/EXTI/src/EXTI_program.c:183:6:EXTI1_IRQHandler	8	static
../Drivers/MCAL/EXTI/src/EXTI_program.c:193:6:EXTI2_IRQHandler	8	static
../Drivers/MCAL/EXTI/src/EXTI_program.c:202:6:EXTI3_IRQHandler	8	static
../Drivers/MCAL/EXTI/src/EXTI_program.c:212:6:EXTI4_IRQHandler	8	static
../Drivers/MCAL/EXTI/src/EXTI_program.c:222:6:EXTI5_9_IRQHandler	8	static
../Drivers/MCAL/EXTI/src/EXTI_program.c:251:6:EXTI10_15_IRQHandler	8	static
